This is pdfTeX, Version 3.141592653-2.6-1.40.27 (MiKTeX 25.4) (preloaded format=pdflatex 2026.2.25)  11 SEP 2026 10:06
entering extended mode
 restricted \write18 enabled.
 %&-line parsing enabled.
**./presentacion_cuenca_puebla_sin_mh.tex
(presentacion_cuenca_puebla_sin_mh.tex
LaTeX2e <2025-11-01>
L3 programming layer <2025-10-24>
(C:\Users\narro\AppData\Local\Programs\MiKTeX\tex/latex/beamer\beamer.cls
Document Class: beamer 2026/01/22 v3.77 A class for typesetting presentations

(C:\Users\narro\AppData\Local\Programs\MiKTeX\tex/latex/beamer\beamerbasemodes.
sty
(C:\Users\narro\AppData\Local\Programs\MiKTeX\tex/latex/etoolbox\etoolbox.sty
Package: etoolbox 2025/10/02 v2.5m e-TeX tools for LaTeX (JAW)
\etb@tempcnta=\count275
)
\beamer@tempbox=\box53
\beamer@tempcount=\count276
\c@beamerpauses=\count277

(C:\Users\narro\AppData\Local\Programs\MiKTeX\tex/latex/beamer\beamerbasedecode
.sty
\beamer@slideinframe=\count278
\beamer@minimum=\count279
\beamer@decode@box=\box54
)
\beamer@commentbox=\box55
\beamer@modecount=\count280
)
(C:\Users\narro\AppData\Local\Programs\MiKTeX\tex/generic/iftex\iftex.sty
Package: iftex 2024/12/12 v1.0g TeX engine tests
)
\headdp=\dimen148
\footheight=\dimen149
\sidebarheight=\dimen150
\beamer@tempdim=\dimen151
\beamer@finalheight=\dimen152
\beamer@animht=\dimen153
\beamer@animdp=\dimen154
\beamer@animwd=\dimen155
\beamer@leftmargin=\dimen156
\beamer@rightmargin=\dimen157
\beamer@leftsidebar=\dimen158
\beamer@rightsidebar=\dimen159
\beamer@boxsize=\dimen160
\beamer@vboxoffset=\dimen161
\beamer@descdefault=\dimen162
\beamer@descriptionwidth=\dimen163
\beamer@lastskip=\skip49
\beamer@areabox=\box56
\beamer@animcurrent=\box57
\beamer@animshowbox=\box58
\beamer@sectionbox=\box59
\beamer@logobox=\box60
\beamer@linebox=\box61
\beamer@sectioncount=\count281
\beamer@subsubsectionmax=\count282
\beamer@subsectionmax=\count283
\beamer@sectionmax=\count284
\beamer@totalheads=\count285
\beamer@headcounter=\count286
\beamer@partstartpage=\count287
\beamer@sectionstartpage=\count288
\beamer@subsectionstartpage=\count289
\beamer@animationtempa=\count290
\beamer@animationtempb=\count291
\beamer@xpos=\count292
\beamer@ypos=\count293
\beamer@ypos@offset=\count294
\beamer@showpartnumber=\count295
\beamer@currentsubsection=\count296
\beamer@coveringdepth=\count297
\beamer@sectionadjust=\count298
\beamer@toclastsection=\count299
\beamer@tocsectionnumber=\count300

(C:\Users\narro\AppData\Local\Programs\MiKTeX\tex/latex/beamer\beamerbaseoption
s.sty
(C:\Users\narro\AppData\Local\Programs\MiKTeX\tex/latex/graphics\keyval.sty
Package: keyval 2022/05/29 v1.15 key=value parser (DPC)
\KV@toks@=\toks17
))
\beamer@paperwidth=\skip50
\beamer@paperheight=\skip51

(C:\Users\narro\AppData\Local\Programs\MiKTeX\tex/latex/geometry\geometry.sty
Package: geometry 2020/01/02 v5.9 Page Geometry

(C:\Users\narro\AppData\Local\Programs\MiKTeX\tex/generic/iftex\ifvtex.sty
Package: ifvtex 2019/10/25 v1.7 ifvtex legacy package. Use iftex instead.
)
\Gm@cnth=\count301
\Gm@cntv=\count302
\c@Gm@tempcnt=\count303
\Gm@bindingoffset=\dimen164
\Gm@wd@mp=\dimen165
\Gm@odd@mp=\dimen166
\Gm@even@mp=\dimen167
\Gm@layoutwidth=\dimen168
\Gm@layoutheight=\dimen169
\Gm@layouthoffset=\dimen170
\Gm@layoutvoffset=\dimen171
\Gm@dimlist=\toks18

(C:\Users\narro\AppData\Local\Programs\MiKTeX\tex/latex/geometry\geometry.cfg))
(C:\Users\narro\AppData\Local\Programs\MiKTeX\tex/latex/pgf/math\pgfmath.sty
(C:\Users\narro\AppData\Local\Programs\MiKTeX\tex/latex/pgf/utilities\pgfrcs.st
y
(C:\Users\narro\AppData\Local\Programs\MiKTeX\tex/generic/pgf/utilities\pgfutil
-common.tex
\pgfutil@everybye=\toks19
\pgfutil@tempdima=\dimen172
\pgfutil@tempdimb=\dimen173
)
(C:\Users\narro\AppData\Local\Programs\MiKTeX\tex/generic/pgf/utilities\pgfutil
-latex.def
\pgfutil@abb=\box62
)
(C:\Users\narro\AppData\Local\Programs\MiKTeX\tex/generic/pgf/utilities\pgfrcs.
code.tex
(C:\Users\narro\AppData\Local\Programs\MiKTeX\tex/generic/pgf\pgf.revision.tex)
Package: pgfrcs 2025-08-29 v3.1.11a (3.1.11a)
))
(C:\Users\narro\AppData\Local\Programs\MiKTeX\tex/latex/pgf/utilities\pgfkeys.s
ty
(C:\Users\narro\AppData\Local\Programs\MiKTeX\tex/generic/pgf/utilities\pgfkeys
.code.tex
\pgfkeys@pathtoks=\toks20
\pgfkeys@temptoks=\toks21

(C:\Users\narro\AppData\Local\Programs\MiKTeX\tex/generic/pgf/utilities\pgfkeys
libraryfiltered.code.tex
\pgfkeys@tmptoks=\toks22
)))
(C:\Users\narro\AppData\Local\Programs\MiKTeX\tex/generic/pgf/math\pgfmath.code
.tex
(C:\Users\narro\AppData\Local\Programs\MiKTeX\tex/generic/pgf/math\pgfmathutil.
code.tex
\pgf@x=\dimen174
\pgf@xa=\dimen175
\pgf@xb=\dimen176
\pgf@xc=\dimen177
\pgf@y=\dimen178
\pgf@ya=\dimen179
\pgf@yb=\dimen180
\pgf@yc=\dimen181
\c@pgf@counta=\count304
\c@pgf@countb=\count305
\c@pgf@countc=\count306
\c@pgf@countd=\count307
)
(C:\Users\narro\AppData\Local\Programs\MiKTeX\tex/generic/pgf/math\pgfmathparse
r.code.tex
\pgfmath@dimen=\dimen182
\pgfmath@count=\count308
\pgfmath@box=\box63
\pgfmath@toks=\toks23
\pgfmath@stack@operand=\toks24
\pgfmath@stack@operation=\toks25
)
(C:\Users\narro\AppData\Local\Programs\MiKTeX\tex/generic/pgf/math\pgfmathfunct
ions.code.tex)
(C:\Users\narro\AppData\Local\Programs\MiKTeX\tex/generic/pgf/math\pgfmathfunct
ions.basic.code.tex)
(C:\Users\narro\AppData\Local\Programs\MiKTeX\tex/generic/pgf/math\pgfmathfunct
ions.trigonometric.code.tex)
(C:\Users\narro\AppData\Local\Programs\MiKTeX\tex/generic/pgf/math\pgfmathfunct
ions.random.code.tex)
(C:\Users\narro\AppData\Local\Programs\MiKTeX\tex/generic/pgf/math\pgfmathfunct
ions.comparison.code.tex)
(C:\Users\narro\AppData\Local\Programs\MiKTeX\tex/generic/pgf/math\pgfmathfunct
ions.base.code.tex)
(C:\Users\narro\AppData\Local\Programs\MiKTeX\tex/generic/pgf/math\pgfmathfunct
ions.round.code.tex)
(C:\Users\narro\AppData\Local\Programs\MiKTeX\tex/generic/pgf/math\pgfmathfunct
ions.misc.code.tex)
(C:\Users\narro\AppData\Local\Programs\MiKTeX\tex/generic/pgf/math\pgfmathfunct
ions.integerarithmetics.code.tex)
(C:\Users\narro\AppData\Local\Programs\MiKTeX\tex/generic/pgf/math\pgfmathcalc.
code.tex)
(C:\Users\narro\AppData\Local\Programs\MiKTeX\tex/generic/pgf/math\pgfmathfloat
.code.tex
\c@pgfmathroundto@lastzeros=\count309
)))
(C:\Users\narro\AppData\Local\Programs\MiKTeX\tex/latex/base\size11.clo
File: size11.clo 2025/01/22 v1.4n Standard LaTeX file (size option)
)
(C:\Users\narro\AppData\Local\Programs\MiKTeX\tex/latex/pgf/basiclayer\pgfcore.
sty
(C:\Users\narro\AppData\Local\Programs\MiKTeX\tex/latex/graphics\graphicx.sty
Package: graphicx 2024/12/31 v1.2e Enhanced LaTeX Graphics (DPC,SPQR)

(C:\Users\narro\AppData\Local\Programs\MiKTeX\tex/latex/graphics\graphics.sty
Package: graphics 2024/08/06 v1.4g Standard LaTeX Graphics (DPC,SPQR)

(C:\Users\narro\AppData\Local\Programs\MiKTeX\tex/latex/graphics\trig.sty
Package: trig 2023/12/02 v1.11 sin cos tan (DPC)
)
(C:\Users\narro\AppData\Local\Programs\MiKTeX\tex/latex/graphics-cfg\graphics.c
fg
File: graphics.cfg 2016/06/04 v1.11 sample graphics configuration
)
Package graphics Info: Driver file: pdftex.def on input line 106.

(C:\Users\narro\AppData\Local\Programs\MiKTeX\tex/latex/graphics-def\pdftex.def
File: pdftex.def 2025/09/29 v1.2d Graphics/color driver for pdftex
))
\Gin@req@height=\dimen183
\Gin@req@width=\dimen184
)
(C:\Users\narro\AppData\Local\Programs\MiKTeX\tex/latex/pgf/systemlayer\pgfsys.
sty
(C:\Users\narro\AppData\Local\Programs\MiKTeX\tex/generic/pgf/systemlayer\pgfsy
s.code.tex
Package: pgfsys 2025-08-29 v3.1.11a (3.1.11a)
\pgf@x=\dimen185
\pgf@y=\dimen186
\pgf@xa=\dimen187
\pgf@ya=\dimen188
\pgf@xb=\dimen189
\pgf@yb=\dimen190
\pgf@xc=\dimen191
\pgf@yc=\dimen192
\pgf@xd=\dimen193
\pgf@yd=\dimen194
\w@pgf@writea=\write3
\r@pgf@reada=\read2
\c@pgf@counta=\count310
\c@pgf@countb=\count311
\c@pgf@countc=\count312
\c@pgf@countd=\count313
\t@pgf@toka=\toks26
\t@pgf@tokb=\toks27
\t@pgf@tokc=\toks28
\pgf@sys@id@count=\count314

(C:\Users\narro\AppData\Local\Programs\MiKTeX\tex/generic/pgf/systemlayer\pgf.c
fg
File: pgf.cfg 2025-08-29 v3.1.11a (3.1.11a)
)
Driver file for pgf: pgfsys-pdftex.def

(C:\Users\narro\AppData\Local\Programs\MiKTeX\tex/generic/pgf/systemlayer\pgfsy
s-pdftex.def
File: pgfsys-pdftex.def 2025-08-29 v3.1.11a (3.1.11a)

(C:\Users\narro\AppData\Local\Programs\MiKTeX\tex/generic/pgf/systemlayer\pgfsy
s-common-pdf.def
File: pgfsys-common-pdf.def 2025-08-29 v3.1.11a (3.1.11a)
)))
(C:\Users\narro\AppData\Local\Programs\MiKTeX\tex/generic/pgf/systemlayer\pgfsy
ssoftpath.code.tex
File: pgfsyssoftpath.code.tex 2025-08-29 v3.1.11a (3.1.11a)
\pgfsyssoftpath@smallbuffer@items=\count315
\pgfsyssoftpath@bigbuffer@items=\count316
)
(C:\Users\narro\AppData\Local\Programs\MiKTeX\tex/generic/pgf/systemlayer\pgfsy
sprotocol.code.tex
File: pgfsysprotocol.code.tex 2025-08-29 v3.1.11a (3.1.11a)
))
(C:\Users\narro\AppData\Local\Programs\MiKTeX\tex/latex/xcolor\xcolor.sty
Package: xcolor 2024/09/29 v3.02 LaTeX color extensions (UK)

(C:\Users\narro\AppData\Local\Programs\MiKTeX\tex/latex/graphics-cfg\color.cfg
File: color.cfg 2016/01/02 v1.6 sample color configuration
)
Package xcolor Info: Driver file: pdftex.def on input line 274.
(C:\Users\narro\AppData\Local\Programs\MiKTeX\tex/latex/graphics\mathcolor.ltx)
Package xcolor Info: Model `cmy' substituted by `cmy0' on input line 1349.
Package xcolor Info: Model `hsb' substituted by `rgb' on input line 1353.
Package xcolor Info: Model `RGB' extended on input line 1365.
Package xcolor Info: Model `HTML' substituted by `rgb' on input line 1367.
Package xcolor Info: Model `Hsb' substituted by `hsb' on input line 1368.
Package xcolor Info: Model `tHsb' substituted by `hsb' on input line 1369.
Package xcolor Info: Model `HSB' substituted by `hsb' on input line 1370.
Package xcolor Info: Model `Gray' substituted by `gray' on input line 1371.
Package xcolor Info: Model `wave' substituted by `hsb' on input line 1372.
)
(C:\Users\narro\AppData\Local\Programs\MiKTeX\tex/generic/pgf/basiclayer\pgfcor
e.code.tex
Package: pgfcore 2025-08-29 v3.1.11a (3.1.11a)

(C:\Users\narro\AppData\Local\Programs\MiKTeX\tex/generic/pgf/math\pgfint.code.
tex)
(C:\Users\narro\AppData\Local\Programs\MiKTeX\tex/generic/pgf/basiclayer\pgfcor
epoints.code.tex
File: pgfcorepoints.code.tex 2025-08-29 v3.1.11a (3.1.11a)
\pgf@picminx=\dimen195
\pgf@picmaxx=\dimen196
\pgf@picminy=\dimen197
\pgf@picmaxy=\dimen198
\pgf@pathminx=\dimen199
\pgf@pathmaxx=\dimen256
\pgf@pathminy=\dimen257
\pgf@pathmaxy=\dimen258
\pgf@xx=\dimen259
\pgf@xy=\dimen260
\pgf@yx=\dimen261
\pgf@yy=\dimen262
\pgf@zx=\dimen263
\pgf@zy=\dimen264
)
(C:\Users\narro\AppData\Local\Programs\MiKTeX\tex/generic/pgf/basiclayer\pgfcor
epathconstruct.code.tex
File: pgfcorepathconstruct.code.tex 2025-08-29 v3.1.11a (3.1.11a)
\pgf@path@lastx=\dimen265
\pgf@path@lasty=\dimen266
)
(C:\Users\narro\AppData\Local\Programs\MiKTeX\tex/generic/pgf/basiclayer\pgfcor
epathusage.code.tex
File: pgfcorepathusage.code.tex 2025-08-29 v3.1.11a (3.1.11a)
\pgf@shorten@end@additional=\dimen267
\pgf@shorten@start@additional=\dimen268
)
(C:\Users\narro\AppData\Local\Programs\MiKTeX\tex/generic/pgf/basiclayer\pgfcor
escopes.code.tex
File: pgfcorescopes.code.tex 2025-08-29 v3.1.11a (3.1.11a)
\pgfpic=\box64
\pgf@hbox=\box65
\pgf@layerbox@main=\box66
\pgf@picture@serial@count=\count317
)
(C:\Users\narro\AppData\Local\Programs\MiKTeX\tex/generic/pgf/basiclayer\pgfcor
egraphicstate.code.tex
File: pgfcoregraphicstate.code.tex 2025-08-29 v3.1.11a (3.1.11a)
\pgflinewidth=\dimen269
)
(C:\Users\narro\AppData\Local\Programs\MiKTeX\tex/generic/pgf/basiclayer\pgfcor
etransformations.code.tex
File: pgfcoretransformations.code.tex 2025-08-29 v3.1.11a (3.1.11a)
\pgf@pt@x=\dimen270
\pgf@pt@y=\dimen271
\pgf@pt@temp=\dimen272
)
(C:\Users\narro\AppData\Local\Programs\MiKTeX\tex/generic/pgf/basiclayer\pgfcor
equick.code.tex
File: pgfcorequick.code.tex 2025-08-29 v3.1.11a (3.1.11a)
)
(C:\Users\narro\AppData\Local\Programs\MiKTeX\tex/generic/pgf/basiclayer\pgfcor
eobjects.code.tex
File: pgfcoreobjects.code.tex 2025-08-29 v3.1.11a (3.1.11a)
)
(C:\Users\narro\AppData\Local\Programs\MiKTeX\tex/generic/pgf/basiclayer\pgfcor
epathprocessing.code.tex
File: pgfcorepathprocessing.code.tex 2025-08-29 v3.1.11a (3.1.11a)
)
(C:\Users\narro\AppData\Local\Programs\MiKTeX\tex/generic/pgf/basiclayer\pgfcor
earrows.code.tex
File: pgfcorearrows.code.tex 2025-08-29 v3.1.11a (3.1.11a)
\pgfarrowsep=\dimen273
)
(C:\Users\narro\AppData\Local\Programs\MiKTeX\tex/generic/pgf/basiclayer\pgfcor
eshade.code.tex
File: pgfcoreshade.code.tex 2025-08-29 v3.1.11a (3.1.11a)
\pgf@max=\dimen274
\pgf@sys@shading@range@num=\count318
\pgf@shadingcount=\count319
)
(C:\Users\narro\AppData\Local\Programs\MiKTeX\tex/generic/pgf/basiclayer\pgfcor
eimage.code.tex
File: pgfcoreimage.code.tex 2025-08-29 v3.1.11a (3.1.11a)
)
(C:\Users\narro\AppData\Local\Programs\MiKTeX\tex/generic/pgf/basiclayer\pgfcor
eexternal.code.tex
File: pgfcoreexternal.code.tex 2025-08-29 v3.1.11a (3.1.11a)
\pgfexternal@startupbox=\box67
)
(C:\Users\narro\AppData\Local\Programs\MiKTeX\tex/generic/pgf/basiclayer\pgfcor
elayers.code.tex
File: pgfcorelayers.code.tex 2025-08-29 v3.1.11a (3.1.11a)
)
(C:\Users\narro\AppData\Local\Programs\MiKTeX\tex/generic/pgf/basiclayer\pgfcor
etransparency.code.tex
File: pgfcoretransparency.code.tex 2025-08-29 v3.1.11a (3.1.11a)
)
(C:\Users\narro\AppData\Local\Programs\MiKTeX\tex/generic/pgf/basiclayer\pgfcor
epatterns.code.tex
File: pgfcorepatterns.code.tex 2025-08-29 v3.1.11a (3.1.11a)
)
(C:\Users\narro\AppData\Local\Programs\MiKTeX\tex/generic/pgf/basiclayer\pgfcor
erdf.code.tex
File: pgfcorerdf.code.tex 2025-08-29 v3.1.11a (3.1.11a)
)))
(C:\Users\narro\AppData\Local\Programs\MiKTeX\tex/latex/pgf/utilities\xxcolor.s
ty
Package: xxcolor 2003/10/24 ver 0.1
\XC@nummixins=\count320
\XC@countmixins=\count321
)
(C:\Users\narro\AppData\Local\Programs\MiKTeX\tex/latex/base\atbegshi-ltx.sty
Package: atbegshi-ltx 2021/01/10 v1.0c Emulation of the original atbegshi
package with kernel methods
)
(C:\Users\narro\AppData\Local\Programs\MiKTeX\tex/latex/hyperref\hyperref.sty
Package: hyperref 2025-07-12 v7.01o Hypertext links for LaTeX

(C:\Users\narro\AppData\Local\Programs\MiKTeX\tex/latex/kvsetkeys\kvsetkeys.sty
Package: kvsetkeys 2022-10-05 v1.19 Key value parser (HO)
)
(C:\Users\narro\AppData\Local\Programs\MiKTeX\tex/generic/kvdefinekeys\kvdefine
keys.sty
Package: kvdefinekeys 2019-12-19 v1.6 Define keys (HO)
)
(C:\Users\narro\AppData\Local\Programs\MiKTeX\tex/generic/pdfescape\pdfescape.s
ty
Package: pdfescape 2019/12/09 v1.15 Implements pdfTeX's escape features (HO)

(C:\Users\narro\AppData\Local\Programs\MiKTeX\tex/generic/ltxcmds\ltxcmds.sty
Package: ltxcmds 2023-12-04 v1.26 LaTeX kernel commands for general use (HO)
)
(C:\Users\narro\AppData\Local\Programs\MiKTeX\tex/generic/pdftexcmds\pdftexcmds
.sty
Package: pdftexcmds 2020-06-27 v0.33 Utility functions of pdfTeX for LuaTeX (HO
)

(C:\Users\narro\AppData\Local\Programs\MiKTeX\tex/generic/infwarerr\infwarerr.s
ty
Package: infwarerr 2019/12/03 v1.5 Providing info/warning/error messages (HO)
)
Package pdftexcmds Info: \pdf@primitive is available.
Package pdftexcmds Info: \pdf@ifprimitive is available.
Package pdftexcmds Info: \pdfdraftmode found.
))
(C:\Users\narro\AppData\Local\Programs\MiKTeX\tex/latex/hycolor\hycolor.sty
Package: hycolor 2020-01-27 v1.10 Color options for hyperref/bookmark (HO)
)
(C:\Users\narro\AppData\Local\Programs\MiKTeX\tex/latex/hyperref\nameref.sty
Package: nameref 2025-06-21 v2.57 Cross-referencing by name of section

(C:\Users\narro\AppData\Local\Programs\MiKTeX\tex/latex/refcount\refcount.sty
Package: refcount 2019/12/15 v3.6 Data extraction from label references (HO)
)
(C:\Users\narro\AppData\Local\Programs\MiKTeX\tex/generic/gettitlestring\gettit
lestring.sty
Package: gettitlestring 2019/12/15 v1.6 Cleanup title references (HO)

(C:\Users\narro\AppData\Local\Programs\MiKTeX\tex/latex/kvoptions\kvoptions.sty
Package: kvoptions 2022-06-15 v3.15 Key value format for package options (HO)
))
\c@section@level=\count322
)
(C:\Users\narro\AppData\Local\Programs\MiKTeX\tex/generic/stringenc\stringenc.s
ty
Package: stringenc 2019/11/29 v1.12 Convert strings between diff. encodings (HO
)
)
\@linkdim=\dimen275
\Hy@linkcounter=\count323
\Hy@pagecounter=\count324
 (C:\Users\narro\AppData\Local\Programs\MiKTeX\tex/latex/hyperref\pd1enc.def
File: pd1enc.def 2025-07-12 v7.01o Hyperref: PDFDocEncoding definition (HO)
Now handling font encoding PD1 ...
... no UTF-8 mapping file for font encoding PD1
) (C:\Users\narro\AppData\Local\Programs\MiKTeX\tex/generic/intcalc\intcalc.sty
Package: intcalc 2019/12/15 v1.3 Expandable calculations with integers (HO)
)
\Hy@SavedSpaceFactor=\count325
 (C:\Users\narro\AppData\Local\Programs\MiKTeX\tex/latex/hyperref\puenc.def
File: puenc.def 2025-07-12 v7.01o Hyperref: PDF Unicode definition (HO)
Now handling font encoding PU ...
... no UTF-8 mapping file for font encoding PU
)
Package hyperref Info: Option `bookmarks' set `true' on input line 4066.
Package hyperref Info: Option `bookmarksopen' set `true' on input line 4066.
Package hyperref Info: Option `implicit' set `false' on input line 4066.
Package hyperref Info: Hyper figures OFF on input line 4195.
Package hyperref Info: Link nesting OFF on input line 4200.
Package hyperref Info: Hyper index ON on input line 4203.
Package hyperref Info: Plain pages OFF on input line 4210.
Package hyperref Info: Backreferencing OFF on input line 4215.
Package hyperref Info: Implicit mode OFF; no redefinition of LaTeX internals.
Package hyperref Info: Bookmarks ON on input line 4462.
\c@Hy@tempcnt=\count326

(C:\Users\narro\AppData\Local\Programs\MiKTeX\tex/latex/url\url.sty
\Urlmuskip=\muskip17
Package: url 2013/09/16  ver 3.4  Verb mode for urls, etc.
)
LaTeX Info: Redefining \url on input line 4801.
\XeTeXLinkMargin=\dimen276

(C:\Users\narro\AppData\Local\Programs\MiKTeX\tex/generic/bitset\bitset.sty
Package: bitset 2019/12/09 v1.3 Handle bit-vector datatype (HO)

(C:\Users\narro\AppData\Local\Programs\MiKTeX\tex/generic/bigintcalc\bigintcalc
.sty
Package: bigintcalc 2019/12/15 v1.5 Expandable calculations on big integers (HO
)
))
\Fld@menulength=\count327
\Field@Width=\dimen277
\Fld@charsize=\dimen278
Package hyperref Info: Hyper figures OFF on input line 6078.
Package hyperref Info: Link nesting OFF on input line 6083.
Package hyperref Info: Hyper index ON on input line 6086.
Package hyperref Info: backreferencing OFF on input line 6093.
Package hyperref Info: Link coloring OFF on input line 6098.
Package hyperref Info: Link coloring with OCG OFF on input line 6103.
Package hyperref Info: PDF/A mode OFF on input line 6108.
\Hy@abspage=\count328


Package hyperref Message: Stopped early.

)
Package hyperref Info: Driver (autodetected): hpdftex.
 (C:\Users\narro\AppData\Local\Programs\MiKTeX\tex/latex/hyperref\hpdftex.def
File: hpdftex.def 2025-07-12 v7.01o Hyperref driver for pdfTeX
\Fld@listcount=\count329
\c@bookmark@seq@number=\count330

(C:\Users\narro\AppData\Local\Programs\MiKTeX\tex/latex/rerunfilecheck\rerunfil
echeck.sty
Package: rerunfilecheck 2025-06-21 v1.11 Rerun checks for auxiliary files (HO)

(C:\Users\narro\AppData\Local\Programs\MiKTeX\tex/generic/uniquecounter\uniquec
ounter.sty
Package: uniquecounter 2019/12/15 v1.4 Provide unlimited unique counter (HO)
)
Package uniquecounter Info: New unique counter `rerunfilecheck' on input line 2
84.
))
(C:\Users\narro\AppData\Local\Programs\MiKTeX\tex/latex/beamer\beamerbaserequir
es.sty
(C:\Users\narro\AppData\Local\Programs\MiKTeX\tex/latex/beamer\beamerbasecompat
ibility.sty)
(C:\Users\narro\AppData\Local\Programs\MiKTeX\tex/latex/beamer\beamerbasefont.s
ty (C:\Users\narro\AppData\Local\Programs\MiKTeX\tex/latex/amsfonts\amssymb.sty
Package: amssymb 2013/01/14 v3.01 AMS font symbols
(C:\Users\narro\AppData\Local\Programs\MiKTeX\tex/latex/amsfonts\amsfonts.sty
Package: amsfonts 2013/01/14 v3.01 Basic AMSFonts support
\@emptytoks=\toks29
\symAMSa=\mathgroup4
\symAMSb=\mathgroup5
LaTeX Font Info:    Redeclaring math symbol \hbar on input line 98.
LaTeX Font Info:    Overwriting math alphabet `\mathfrak' in version `bold'
(Font)                  U/euf/m/n --> U/euf/b/n on input line 106.
))
(C:\Users\narro\AppData\Local\Programs\MiKTeX\tex/latex/sansmathaccent\sansmath
accent.sty
Package: sansmathaccent 2020/01/31

(C:\Users\narro\AppData\Local\Programs\MiKTeX\tex/latex/koma-script\scrlfile.st
y
Package: scrlfile 2026/02/02 v3.49.2 KOMA-Script package (file load hooks)

(C:\Users\narro\AppData\Local\Programs\MiKTeX\tex/latex/koma-script\scrlfile-ho
ok.sty
Package: scrlfile-hook 2026/02/02 v3.49.2 KOMA-Script package (using LaTeX hook
s)

(C:\Users\narro\AppData\Local\Programs\MiKTeX\tex/latex/koma-script\scrlogo.sty
Package: scrlogo 2026/02/02 v3.49.2 KOMA-Script package (logo)
)))))
(C:\Users\narro\AppData\Local\Programs\MiKTeX\tex/latex/beamer\beamerbasetransl
ator.sty
(C:\Users\narro\AppData\Local\Programs\MiKTeX\tex/latex/translator\translator.s
ty
Package: translator 2021-05-31 v1.12d Easy translation of strings in LaTeX
))
(C:\Users\narro\AppData\Local\Programs\MiKTeX\tex/latex/beamer\beamerbasemisc.s
ty)
(C:\Users\narro\AppData\Local\Programs\MiKTeX\tex/latex/beamer\beamerbasetwoscr
eens.sty)
(C:\Users\narro\AppData\Local\Programs\MiKTeX\tex/latex/beamer\beamerbaseoverla
y.sty
\beamer@argscount=\count331
\beamer@lastskipcover=\skip52
\beamer@trivlistdepth=\count332
)
(C:\Users\narro\AppData\Local\Programs\MiKTeX\tex/latex/beamer\beamerbasetitle.
sty)
(C:\Users\narro\AppData\Local\Programs\MiKTeX\tex/latex/beamer\beamerbasesectio
n.sty
\c@lecture=\count333
\c@part=\count334
\c@section=\count335
\c@subsection=\count336
\c@subsubsection=\count337
)
(C:\Users\narro\AppData\Local\Programs\MiKTeX\tex/latex/beamer\beamerbaseframe.
sty
\beamer@framebox=\box68
\beamer@frametitlebox=\box69
\beamer@zoombox=\box70
\beamer@zoomcount=\count338
\beamer@zoomframecount=\count339
\beamer@frametextheight=\dimen279
\c@subsectionslide=\count340
\beamer@frametopskip=\skip53
\beamer@framebottomskip=\skip54
\beamer@frametopskipautobreak=\skip55
\beamer@framebottomskipautobreak=\skip56
\beamer@envbody=\toks30
\framewidth=\dimen280
\c@framenumber=\count341
)
(C:\Users\narro\AppData\Local\Programs\MiKTeX\tex/latex/beamer\beamerbaseverbat
im.sty
\beamer@verbatimfileout=\write4
)
(C:\Users\narro\AppData\Local\Programs\MiKTeX\tex/latex/beamer\beamerbaseframes
ize.sty
\beamer@splitbox=\box71
\beamer@autobreakcount=\count342
\beamer@autobreaklastheight=\dimen281
\beamer@frametitletoks=\toks31
\beamer@framesubtitletoks=\toks32
)
(C:\Users\narro\AppData\Local\Programs\MiKTeX\tex/latex/beamer\beamerbaseframec
omponents.sty
\beamer@colheight=\skip57
\beamer@footins=\box72
)
(C:\Users\narro\AppData\Local\Programs\MiKTeX\tex/latex/beamer\beamerbasecolor.
sty)
(C:\Users\narro\AppData\Local\Programs\MiKTeX\tex/latex/beamer\beamerbasenotes.
sty
\beamer@frameboxcopy=\box73
)
(C:\Users\narro\AppData\Local\Programs\MiKTeX\tex/latex/beamer\beamerbasetoc.st
y)
(C:\Users\narro\AppData\Local\Programs\MiKTeX\tex/latex/beamer\beamerbasetempla
tes.sty
\beamer@sbttoks=\toks33

(C:\Users\narro\AppData\Local\Programs\MiKTeX\tex/latex/beamer\beamerbaseauxtem
plates.sty
(C:\Users\narro\AppData\Local\Programs\MiKTeX\tex/latex/beamer\beamerbaseboxes.
sty
\bmb@box=\box74
\bmb@colorbox=\box75
\bmb@boxwidth=\dimen282
\bmb@boxheight=\dimen283
\bmb@prevheight=\dimen284
\bmb@temp=\dimen285
\bmb@dima=\dimen286
\bmb@dimb=\dimen287
\bmb@prevheight=\dimen288
)
\beamer@blockheadheight=\dimen289
))
(C:\Users\narro\AppData\Local\Programs\MiKTeX\tex/latex/beamer\beamerbaselocals
tructure.sty
(C:\Users\narro\AppData\Local\Programs\MiKTeX\tex/latex/tools\enumerate.sty
Package: enumerate 2023/07/04 v3.00 enumerate extensions (DPC)
\@enLab=\toks34
)
\beamer@bibiconwidth=\skip58
\c@figure=\count343
\c@table=\count344
\abovecaptionskip=\skip59
\belowcaptionskip=\skip60
)
(C:\Users\narro\AppData\Local\Programs\MiKTeX\tex/latex/beamer\beamerbasenaviga
tion.sty
(C:\Users\narro\AppData\Local\Programs\MiKTeX\tex/latex/beamer\beamerbasenaviga
tionsymbols.tex)
\beamer@section@min@dim=\dimen290
)
(C:\Users\narro\AppData\Local\Programs\MiKTeX\tex/latex/beamer\beamerbasetheore
ms.sty
(C:\Users\narro\AppData\Local\Programs\MiKTeX\tex/latex/amsmath\amsmath.sty
Package: amsmath 2025/07/09 v2.17z AMS math features
\@mathmargin=\skip61

For additional information on amsmath, use the `?' option.
(C:\Users\narro\AppData\Local\Programs\MiKTeX\tex/latex/amsmath\amstext.sty
Package: amstext 2024/11/17 v2.01 AMS text

(C:\Users\narro\AppData\Local\Programs\MiKTeX\tex/latex/amsmath\amsgen.sty
File: amsgen.sty 1999/11/30 v2.0 generic functions
\@emptytoks=\toks35
\ex@=\dimen291
))
(C:\Users\narro\AppData\Local\Programs\MiKTeX\tex/latex/amsmath\amsbsy.sty
Package: amsbsy 1999/11/29 v1.2d Bold Symbols
\pmbraise@=\dimen292
)
(C:\Users\narro\AppData\Local\Programs\MiKTeX\tex/latex/amsmath\amsopn.sty
Package: amsopn 2022/04/08 v2.04 operator names
)
\inf@bad=\count345
LaTeX Info: Redefining \frac on input line 233.
\uproot@=\count346
\leftroot@=\count347
LaTeX Info: Redefining \overline on input line 398.
LaTeX Info: Redefining \colon on input line 409.
\classnum@=\count348
\DOTSCASE@=\count349
LaTeX Info: Redefining \ldots on input line 495.
LaTeX Info: Redefining \dots on input line 498.
LaTeX Info: Redefining \cdots on input line 619.
\Mathstrutbox@=\box76
\strutbox@=\box77
LaTeX Info: Redefining \big on input line 721.
LaTeX Info: Redefining \Big on input line 722.
LaTeX Info: Redefining \bigg on input line 723.
LaTeX Info: Redefining \Bigg on input line 724.
\big@size=\dimen293
LaTeX Font Info:    Redeclaring font encoding OML on input line 742.
LaTeX Font Info:    Redeclaring font encoding OMS on input line 743.
\macc@depth=\count350
LaTeX Info: Redefining \bmod on input line 904.
LaTeX Info: Redefining \pmod on input line 909.
LaTeX Info: Redefining \smash on input line 939.
LaTeX Info: Redefining \relbar on input line 969.
LaTeX Info: Redefining \Relbar on input line 970.
\c@MaxMatrixCols=\count351
\dotsspace@=\muskip18
\c@parentequation=\count352
\dspbrk@lvl=\count353
\tag@help=\toks36
\row@=\count354
\column@=\count355
\maxfields@=\count356
\andhelp@=\toks37
\eqnshift@=\dimen294
\alignsep@=\dimen295
\tagshift@=\dimen296
\tagwidth@=\dimen297
\totwidth@=\dimen298
\lineht@=\dimen299
\@envbody=\toks38
\multlinegap=\skip62
\multlinetaggap=\skip63
\mathdisplay@stack=\toks39
LaTeX Info: Redefining \[ on input line 2950.
LaTeX Info: Redefining \] on input line 2951.
)
(C:\Users\narro\AppData\Local\Programs\MiKTeX\tex/latex/amscls\amsthm.sty
Package: amsthm 2020/05/29 v2.20.6
\thm@style=\toks40
\thm@bodyfont=\toks41
\thm@headfont=\toks42
\thm@notefont=\toks43
\thm@headpunct=\toks44
\thm@preskip=\skip64
\thm@postskip=\skip65
\thm@headsep=\skip66
\dth@everypar=\toks45
)
\c@theorem=\count357
)
(C:\Users\narro\AppData\Local\Programs\MiKTeX\tex/latex/beamer\beamerbasethemes
.sty))
(C:\Users\narro\AppData\Local\Programs\MiKTeX\tex/latex/beamer\beamerthemedefau
lt.sty
(C:\Users\narro\AppData\Local\Programs\MiKTeX\tex/latex/beamer\beamerfontthemed
efault.sty)
(C:\Users\narro\AppData\Local\Programs\MiKTeX\tex/latex/beamer\beamercolortheme
default.sty)
(C:\Users\narro\AppData\Local\Programs\MiKTeX\tex/latex/beamer\beamerinnertheme
default.sty
\beamer@dima=\dimen300
\beamer@dimb=\dimen301
)
(C:\Users\narro\AppData\Local\Programs\MiKTeX\tex/latex/beamer\beameroutertheme
default.sty)))
(C:\Users\narro\AppData\Local\Programs\MiKTeX\tex/latex/base\inputenc.sty
Package: inputenc 2024/02/08 v1.3d Input encoding file
\inpenc@prehook=\toks46
\inpenc@posthook=\toks47
)
(C:\Users\narro\AppData\Local\Programs\MiKTeX\tex/latex/base\fontenc.sty
Package: fontenc 2025/07/18 v2.1d Standard LaTeX package
)
(C:\Users\narro\AppData\Local\Programs\MiKTeX\tex/generic/babel\babel.sty
Package: babel 2025/10/22 v25.14 The multilingual framework for LuaLaTeX, pdfLa
TeX and XeLaTeX
\babel@savecnt=\count358
LaTeX Encoding Info:    Redeclaring text command \ij (encoding OT1) on input li
ne 2050.
LaTeX Encoding Info:    Redeclaring text command \IJ (encoding OT1) on input li
ne 2052.
LaTeX Encoding Info:    Redeclaring text command \ij (encoding T1) on input lin
e 2054.
LaTeX Encoding Info:    Redeclaring text command \IJ (encoding T1) on input lin
e 2055.
LaTeX Encoding Info:    Ignoring declaration for text command \ij (encoding ?) 
on input line 2056.
LaTeX Encoding Info:    Ignoring declaration for text command \IJ (encoding ?) 
on input line 2058.
LaTeX Encoding Info:    Ignoring declaration for text command \SS (encoding ?) 
on input line 2083.
\U@D=\dimen302
\l@unhyphenated=\language79

(C:\Users\narro\AppData\Local\Programs\MiKTeX\tex/generic/babel\txtbabel.def)
\bbl@readstream=\read3
LaTeX Info: Redefining \textlatin on input line 3942.
\bbl@dirlevel=\count359


Package babel Warning: Configuration files are deprecated, as
(babel)                they can break document portability.
(babel)                Reported on input line 4172.

*************************************
* Local config file bblopts.cfg used
*
(C:\Users\narro\AppData\Local\Programs\MiKTeX\tex/latex/arabi\bblopts.cfg
File: bblopts.cfg 2005/09/08 v0.1 add Arabic and Farsi to "declared" options of
 babel
)
(C:\Users\narro\AppData\Local\Programs\MiKTeX\tex/generic/babel/locale/es\babel
-spanish.tex)
Package babel Info: Importing font and identification data for spanish
(babel)             from babel-es.ini. Reported on input line 4295.

(C:\Users\narro\AppData\Local\Programs\MiKTeX\tex/latex/babel-spanish\spanish.l
df
Language: spanish.ldf 2021/05/27 v5.0q Spanish support from the babel system
\es@quottoks=\toks48
\es@quotdepth=\count360
Package babel Info: Making " an active character on input line 570.
Package babel Info: Making < an active character on input line 722.
Package babel Info: Making > an active character on input line 722.
))
LaTeX Encoding Info:    Redeclaring text command \guillemotleft (encoding OT1) 
on input line 5.
LaTeX Encoding Info:    Redeclaring text command \guillemotright (encoding OT1)
 on input line 5.

(C:\Users\narro\AppData\Local\Programs\MiKTeX\tex/latex/booktabs\booktabs.sty
Package: booktabs 2020/01/12 v1.61803398 Publication quality tables
\heavyrulewidth=\dimen303
\lightrulewidth=\dimen304
\cmidrulewidth=\dimen305
\belowrulesep=\dimen306
\belowbottomsep=\dimen307
\aboverulesep=\dimen308
\abovetopsep=\dimen309
\cmidrulesep=\dimen310
\cmidrulekern=\dimen311
\defaultaddspace=\dimen312
\@cmidla=\count361
\@cmidlb=\count362
\@aboverulesep=\dimen313
\@belowrulesep=\dimen314
\@thisruleclass=\count363
\@lastruleclass=\count364
\@thisrulewidth=\dimen315
)
(C:\Users\narro\AppData\Local\Programs\MiKTeX\tex/latex/l3backend\l3backend-pdf
tex.def
File: l3backend-pdftex.def 2025-10-09 L3 backend support: PDF output (pdfTeX)
\l__color_backend_stack_int=\count365
) (presentacion_cuenca_puebla_sin_mh.aux
LaTeX Info: Redefining \. on input line 11.
LaTeX Info: Redefining \% on input line 11.
Package babel Info: 'spanish' activates 'spanish' shorthands.
(babel)             Reported on input line 11.
)
\openout1 = `presentacion_cuenca_puebla_sin_mh.aux'.

LaTeX Font Info:    Checking defaults for OML/cmm/m/it on input line 17.
LaTeX Font Info:    ... okay on input line 17.
LaTeX Font Info:    Checking defaults for OMS/cmsy/m/n on input line 17.
LaTeX Font Info:    ... okay on input line 17.
LaTeX Font Info:    Checking defaults for OT1/cmr/m/n on input line 17.
LaTeX Font Info:    ... okay on input line 17.
LaTeX Font Info:    Checking defaults for T1/cmr/m/n on input line 17.
LaTeX Font Info:    ... okay on input line 17.
LaTeX Font Info:    Checking defaults for TS1/cmr/m/n on input line 17.
LaTeX Font Info:    ... okay on input line 17.
LaTeX Font Info:    Checking defaults for OMX/cmex/m/n on input line 17.
LaTeX Font Info:    ... okay on input line 17.
LaTeX Font Info:    Checking defaults for U/cmr/m/n on input line 17.
LaTeX Font Info:    ... okay on input line 17.
LaTeX Font Info:    Checking defaults for PD1/pdf/m/n on input line 17.
LaTeX Font Info:    ... okay on input line 17.
LaTeX Font Info:    Checking defaults for PU/pdf/m/n on input line 17.
LaTeX Font Info:    ... okay on input line 17.

*geometry* driver: auto-detecting
*geometry* detected driver: pdftex
*geometry* verbose mode - [ preamble ] result:
* driver: pdftex
* paper: custom
* layout: <same size as paper>
* layoutoffset:(h,v)=(0.0pt,0.0pt)
* modes: includehead includefoot 
* h-part:(L,W,R)=(28.45274pt, 398.3386pt, 28.45274pt)
* v-part:(T,H,B)=(0.0pt, 256.0748pt, 0.0pt)
* \paperwidth=455.24408pt
* \paperheight=256.0748pt
* \textwidth=398.3386pt
* \textheight=227.62207pt
* \oddsidemargin=-43.81725pt
* \evensidemargin=-43.81725pt
* \topmargin=-72.26999pt
* \headheight=14.22636pt
* \headsep=0.0pt
* \topskip=11.0pt
* \footskip=14.22636pt
* \marginparwidth=4.0pt
* \marginparsep=10.0pt
* \columnsep=10.0pt
* \skip\footins=10.0pt plus 4.0pt minus 2.0pt
* \hoffset=0.0pt
* \voffset=0.0pt
* \mag=1000
* \@twocolumnfalse
* \@twosidefalse
* \@mparswitchfalse
* \@reversemarginfalse
* (1in=72.27pt=25.4mm, 1cm=28.453pt)


(C:\Users\narro\AppData\Local\Programs\MiKTeX\tex/context/base/mkii\supp-pdf.mk
ii
[Loading MPS to PDF converter (version 2006.09.02).]
\scratchcounter=\count366
\scratchdimen=\dimen316
\scratchbox=\box78
\nofMPsegments=\count367
\nofMParguments=\count368
\everyMPshowfont=\toks49
\MPscratchCnt=\count369
\MPscratchDim=\dimen317
\MPnumerator=\count370
\makeMPintoPDFobject=\count371
\everyMPtoPDFconversion=\toks50
)
(C:\Users\narro\AppData\Local\Programs\MiKTeX\tex/latex/epstopdf-pkg\epstopdf-b
ase.sty
Package: epstopdf-base 2020-01-24 v2.11 Base part for package epstopdf
Package epstopdf-base Info: Redefining graphics rule for `.eps' on input line 4
85.

(C:\Users\narro\AppData\Local\Programs\MiKTeX\tex/latex/00miktex\epstopdf-sys.c
fg
File: epstopdf-sys.cfg 2021/03/18 v2.0 Configuration of epstopdf for MiKTeX
))
Package hyperref Info: Link coloring OFF on input line 17.
 (presentacion_cuenca_puebla_sin_mh.out)
(presentacion_cuenca_puebla_sin_mh.out)
\@outlinefile=\write5
\openout5 = `presentacion_cuenca_puebla_sin_mh.out'.

LaTeX Font Info:    Overwriting symbol font `operators' in version `normal'
(Font)                  OT1/cmr/m/n --> OT1/cmss/m/n on input line 17.
LaTeX Font Info:    Overwriting symbol font `operators' in version `bold'
(Font)                  OT1/cmr/bx/n --> OT1/cmss/b/n on input line 17.
\symnumbers=\mathgroup6
\sympureletters=\mathgroup7
LaTeX Font Info:    Overwriting math alphabet `\mathrm' in version `normal'
(Font)                  OT1/cmss/m/n --> T1/cmr/m/n on input line 17.
LaTeX Font Info:    Redeclaring math alphabet \mathbf on input line 17.
LaTeX Font Info:    Overwriting math alphabet `\mathbf' in version `normal'
(Font)                  OT1/cmr/bx/n --> T1/cmss/b/n on input line 17.
LaTeX Font Info:    Overwriting math alphabet `\mathbf' in version `bold'
(Font)                  OT1/cmr/bx/n --> T1/cmss/b/n on input line 17.
LaTeX Font Info:    Redeclaring math alphabet \mathsf on input line 17.
LaTeX Font Info:    Overwriting math alphabet `\mathsf' in version `normal'
(Font)                  OT1/cmss/m/n --> T1/cmss/m/n on input line 17.
LaTeX Font Info:    Overwriting math alphabet `\mathsf' in version `bold'
(Font)                  OT1/cmss/bx/n --> T1/cmss/m/n on input line 17.
LaTeX Font Info:    Redeclaring math alphabet \mathit on input line 17.
LaTeX Font Info:    Overwriting math alphabet `\mathit' in version `normal'
(Font)                  OT1/cmr/m/it --> T1/cmss/m/it on input line 17.
LaTeX Font Info:    Overwriting math alphabet `\mathit' in version `bold'
(Font)                  OT1/cmr/bx/it --> T1/cmss/m/it on input line 17.
LaTeX Font Info:    Redeclaring math alphabet \mathtt on input line 17.
LaTeX Font Info:    Overwriting math alphabet `\mathtt' in version `normal'
(Font)                  OT1/cmtt/m/n --> T1/cmtt/m/n on input line 17.
LaTeX Font Info:    Overwriting math alphabet `\mathtt' in version `bold'
(Font)                  OT1/cmtt/m/n --> T1/cmtt/m/n on input line 17.
LaTeX Font Info:    Overwriting symbol font `numbers' in version `bold'
(Font)                  T1/cmss/m/n --> T1/cmss/b/n on input line 17.
LaTeX Font Info:    Overwriting symbol font `pureletters' in version `bold'
(Font)                  T1/cmss/m/it --> T1/cmss/b/it on input line 17.
LaTeX Font Info:    Overwriting math alphabet `\mathrm' in version `bold'
(Font)                  OT1/cmss/b/n --> T1/cmr/b/n on input line 17.
LaTeX Font Info:    Overwriting math alphabet `\mathbf' in version `bold'
(Font)                  T1/cmss/b/n --> T1/cmss/b/n on input line 17.
LaTeX Font Info:    Overwriting math alphabet `\mathsf' in version `bold'
(Font)                  T1/cmss/m/n --> T1/cmss/b/n on input line 17.
LaTeX Font Info:    Overwriting math alphabet `\mathit' in version `bold'
(Font)                  T1/cmss/m/it --> T1/cmss/b/it on input line 17.
LaTeX Font Info:    Overwriting math alphabet `\mathtt' in version `bold'
(Font)                  T1/cmtt/m/n --> T1/cmtt/b/n on input line 17.
LaTeX Font Info:    Redeclaring symbol font `pureletters' on input line 17.
LaTeX Font Info:    Encoding `T1' has changed to `OT1' for symbol font
(Font)              `pureletters' in the math version `normal' on input line 17
.
LaTeX Font Info:    Overwriting symbol font `pureletters' in version `normal'
(Font)                  T1/cmss/m/it --> OT1/mathkerncmss/m/sl on input line 17
.
LaTeX Font Info:    Encoding `T1' has changed to `OT1' for symbol font
(Font)              `pureletters' in the math version `bold' on input line 17.
LaTeX Font Info:    Overwriting symbol font `pureletters' in version `bold'
(Font)                  T1/cmss/b/it --> OT1/mathkerncmss/m/sl on input line 17
.
LaTeX Font Info:    Overwriting symbol font `pureletters' in version `bold'
(Font)                  OT1/mathkerncmss/m/sl --> OT1/mathkerncmss/bx/sl on inp
ut line 17.

(C:\Users\narro\AppData\Local\Programs\MiKTeX\tex/latex/translator\translator-b
asic-dictionary-English.dict
Dictionary: translator-basic-dictionary, Language: English 
)
(C:\Users\narro\AppData\Local\Programs\MiKTeX\tex/latex/translator\translator-b
ibliography-dictionary-English.dict
Dictionary: translator-bibliography-dictionary, Language: English 
)
(C:\Users\narro\AppData\Local\Programs\MiKTeX\tex/latex/translator\translator-e
nvironment-dictionary-English.dict
Dictionary: translator-environment-dictionary, Language: English 
)
(C:\Users\narro\AppData\Local\Programs\MiKTeX\tex/latex/translator\translator-m
onths-dictionary-English.dict
Dictionary: translator-months-dictionary, Language: English 
)
(C:\Users\narro\AppData\Local\Programs\MiKTeX\tex/latex/translator\translator-n
umbers-dictionary-English.dict
Dictionary: translator-numbers-dictionary, Language: English 
)
(C:\Users\narro\AppData\Local\Programs\MiKTeX\tex/latex/translator\translator-t
heorem-dictionary-English.dict
Dictionary: translator-theorem-dictionary, Language: English 
)
LaTeX Info: Redefining \. on input line 17.
LaTeX Info: Redefining \% on input line 17.
 (presentacion_cuenca_puebla_sin_mh.nav)
[1

{C:/Users/narro/AppData/Local/MiKTeX/fonts/map/pdftex/pdftex.map}]
LaTeX Font Info:    Trying to load font information for U+msa on input line 34.


(C:\Users\narro\AppData\Local\Programs\MiKTeX\tex/latex/amsfonts\umsa.fd
File: umsa.fd 2013/01/14 v3.01 AMS symbols A
)
LaTeX Font Info:    Trying to load font information for U+msb on input line 34.


(C:\Users\narro\AppData\Local\Programs\MiKTeX\tex/latex/amsfonts\umsb.fd
File: umsb.fd 2013/01/14 v3.01 AMS symbols B
)
LaTeX Font Info:    Trying to load font information for OT1+mathkerncmss on inp
ut line 34.

(C:\Users\narro\AppData\Local\Programs\MiKTeX\tex/latex/sansmathaccent\ot1mathk
erncmss.fd
File: ot1mathkerncmss.fd 2020/01/31 Fontinst v1.933 font definitions for OT1/ma
thkerncmss.
) [2

] [3

] [4

] [5

] [6

] [7

] [8

]
<../outputs/cuenca_alto_atoyac_puebla_sin_mh/maps/png/01_cuenca_informacion_hid
rica.png, id=59, 2107.875pt x 1430.34375pt>
File: ../outputs/cuenca_alto_atoyac_puebla_sin_mh/maps/png/01_cuenca_informacio
n_hidrica.png Graphic file (type png)
<use ../outputs/cuenca_alto_atoyac_puebla_sin_mh/maps/png/01_cuenca_informacion
_hidrica.png>
Package pdftex.def Info: ../outputs/cuenca_alto_atoyac_puebla_sin_mh/maps/png/0
1_cuenca_informacion_hidrica.png  used on input line 126.
(pdftex.def)             Requested size: 304.58873pt x 206.68521pt.
 [9

 <../outputs/cuenca_alto_atoyac_puebla_sin_mh/maps/png/01_cuenca_informacion_hi
drica.png>]
<../outputs/cuenca_alto_atoyac_puebla_sin_mh/maps/png/02_cuenca_establecimiento
s_hidricos.png, id=67, 2107.875pt x 1430.34375pt>
File: ../outputs/cuenca_alto_atoyac_puebla_sin_mh/maps/png/02_cuenca_establecim
ientos_hidricos.png Graphic file (type png)
<use ../outputs/cuenca_alto_atoyac_puebla_sin_mh/maps/png/02_cuenca_establecimi
entos_hidricos.png>
Package pdftex.def Info: ../outputs/cuenca_alto_atoyac_puebla_sin_mh/maps/png/0
2_cuenca_establecimientos_hidricos.png  used on input line 131.
(pdftex.def)             Requested size: 304.58873pt x 206.68521pt.
 [10

 <../outputs/cuenca_alto_atoyac_puebla_sin_mh/maps/png/02_cuenca_establecimient
os_hidricos.png>]
<../outputs/cuenca_alto_atoyac_puebla_sin_mh/maps/png/03_establecimientos_dista
ncia_rio.png, id=74, 2107.875pt x 1430.34375pt>
File: ../outputs/cuenca_alto_atoyac_puebla_sin_mh/maps/png/03_establecimientos_
distancia_rio.png Graphic file (type png)
<use ../outputs/cuenca_alto_atoyac_puebla_sin_mh/maps/png/03_establecimientos_d
istancia_rio.png>
Package pdftex.def Info: ../outputs/cuenca_alto_atoyac_puebla_sin_mh/maps/png/0
3_establecimientos_distancia_rio.png  used on input line 136.
(pdftex.def)             Requested size: 304.58873pt x 206.68521pt.

[11

 <../outputs/cuenca_alto_atoyac_puebla_sin_mh/maps/png/03_establecimientos_dist
ancia_rio.png>]
<../outputs/cuenca_alto_atoyac_puebla_sin_mh/maps/png/04_establecimientos_confi
rmados_si.png, id=81, 2107.875pt x 1430.34375pt>
File: ../outputs/cuenca_alto_atoyac_puebla_sin_mh/maps/png/04_establecimientos_
confirmados_si.png Graphic file (type png)
<use ../outputs/cuenca_alto_atoyac_puebla_sin_mh/maps/png/04_establecimientos_c
onfirmados_si.png>
Package pdftex.def Info: ../outputs/cuenca_alto_atoyac_puebla_sin_mh/maps/png/0
4_establecimientos_confirmados_si.png  used on input line 141.
(pdftex.def)             Requested size: 304.58873pt x 206.68521pt.
 [12

 <../outputs/cuenca_alto_atoyac_puebla_sin_mh/maps/png/04_establecimientos_conf
irmados_si.png>]
<../outputs/cuenca_alto_atoyac_puebla_sin_mh/maps/png/05_conteo_municipal.png, 
id=88, 2107.875pt x 1430.34375pt>
File: ../outputs/cuenca_alto_atoyac_puebla_sin_mh/maps/png/05_conteo_municipal.
png Graphic file (type png)
<use ../outputs/cuenca_alto_atoyac_puebla_sin_mh/maps/png/05_conteo_municipal.p
ng>
Package pdftex.def Info: ../outputs/cuenca_alto_atoyac_puebla_sin_mh/maps/png/0
5_conteo_municipal.png  used on input line 146.
(pdftex.def)             Requested size: 304.58873pt x 206.68521pt.
 [13

 <../outputs/cuenca_alto_atoyac_puebla_sin_mh/maps/png/05_conteo_municipal.png>
]
<../outputs/cuenca_alto_atoyac_puebla_sin_mh/maps/png/06_conteo_localidad.png, 
id=96, 2107.875pt x 1430.34375pt>
File: ../outputs/cuenca_alto_atoyac_puebla_sin_mh/maps/png/06_conteo_localidad.
png Graphic file (type png)
<use ../outputs/cuenca_alto_atoyac_puebla_sin_mh/maps/png/06_conteo_localidad.p
ng>
Package pdftex.def Info: ../outputs/cuenca_alto_atoyac_puebla_sin_mh/maps/png/0
6_conteo_localidad.png  used on input line 151.
(pdftex.def)             Requested size: 304.58873pt x 206.68521pt.
 [14

 <../outputs/cuenca_alto_atoyac_puebla_sin_mh/maps/png/06_conteo_localidad.png>
]
<../outputs/cuenca_alto_atoyac_puebla_sin_mh/maps/png/07_01_0_a_5_personas_muni
cipio.png, id=103, 2107.875pt x 1430.34375pt>
File: ../outputs/cuenca_alto_atoyac_puebla_sin_mh/maps/png/07_01_0_a_5_personas
_municipio.png Graphic file (type png)
<use ../outputs/cuenca_alto_atoyac_puebla_sin_mh/maps/png/07_01_0_a_5_personas_
municipio.png>
Package pdftex.def Info: ../outputs/cuenca_alto_atoyac_puebla_sin_mh/maps/png/0
7_01_0_a_5_personas_municipio.png  used on input line 156.
(pdftex.def)             Requested size: 304.58873pt x 206.68521pt.
 [15

 <../outputs/cuenca_alto_atoyac_puebla_sin_mh/maps/png/07_01_0_a_5_personas_mun
icipio.png>]
<../outputs/cuenca_alto_atoyac_puebla_sin_mh/maps/png/07_01_0_a_5_personas_loca
lidad.png, id=110, 2107.875pt x 1430.34375pt>
File: ../outputs/cuenca_alto_atoyac_puebla_sin_mh/maps/png/07_01_0_a_5_personas
_localidad.png Graphic file (type png)
<use ../outputs/cuenca_alto_atoyac_puebla_sin_mh/maps/png/07_01_0_a_5_personas_
localidad.png>
Package pdftex.def Info: ../outputs/cuenca_alto_atoyac_puebla_sin_mh/maps/png/0
7_01_0_a_5_personas_localidad.png  used on input line 161.
(pdftex.def)             Requested size: 304.58873pt x 206.68521pt.
 [16

 <../outputs/cuenca_alto_atoyac_puebla_sin_mh/maps/png/07_01_0_a_5_personas_loc
alidad.png>]
<../outputs/cuenca_alto_atoyac_puebla_sin_mh/maps/png/07_02_6_a_10_personas_mun
icipio.png, id=117, 2107.875pt x 1430.34375pt>
File: ../outputs/cuenca_alto_atoyac_puebla_sin_mh/maps/png/07_02_6_a_10_persona
s_municipio.png Graphic file (type png)
<use ../outputs/cuenca_alto_atoyac_puebla_sin_mh/maps/png/07_02_6_a_10_personas
_municipio.png>
Package pdftex.def Info: ../outputs/cuenca_alto_atoyac_puebla_sin_mh/maps/png/0
7_02_6_a_10_personas_municipio.png  used on input line 166.
(pdftex.def)             Requested size: 304.58873pt x 206.68521pt.
 [17

 <../outputs/cuenca_alto_atoyac_puebla_sin_mh/maps/png/07_02_6_a_10_personas_mu
nicipio.png>]
<../outputs/cuenca_alto_atoyac_puebla_sin_mh/maps/png/07_02_6_a_10_personas_loc
alidad.png, id=124, 2107.875pt x 1430.34375pt>
File: ../outputs/cuenca_alto_atoyac_puebla_sin_mh/maps/png/07_02_6_a_10_persona
s_localidad.png Graphic file (type png)
<use ../outputs/cuenca_alto_atoyac_puebla_sin_mh/maps/png/07_02_6_a_10_personas
_localidad.png>
Package pdftex.def Info: ../outputs/cuenca_alto_atoyac_puebla_sin_mh/maps/png/0
7_02_6_a_10_personas_localidad.png  used on input line 171.
(pdftex.def)             Requested size: 304.58873pt x 206.68521pt.
 [18

 <../outputs/cuenca_alto_atoyac_puebla_sin_mh/maps/png/07_02_6_a_10_personas_lo
calidad.png>]
<../outputs/cuenca_alto_atoyac_puebla_sin_mh/maps/png/08_01_municipio_amozoc.pn
g, id=131, 2107.875pt x 1430.34375pt>
File: ../outputs/cuenca_alto_atoyac_puebla_sin_mh/maps/png/08_01_municipio_amoz
oc.png Graphic file (type png)
<use ../outputs/cuenca_alto_atoyac_puebla_sin_mh/maps/png/08_01_municipio_amozo
c.png>
Package pdftex.def Info: ../outputs/cuenca_alto_atoyac_puebla_sin_mh/maps/png/0
8_01_municipio_amozoc.png  used on input line 176.
(pdftex.def)             Requested size: 304.58873pt x 206.68521pt.
 [19

 <../outputs/cuenca_alto_atoyac_puebla_sin_mh/maps/png/08_01_municipio_amozoc.p
ng>]
<../outputs/cuenca_alto_atoyac_puebla_sin_mh/maps/png/08_02_municipio_calpan.pn
g, id=139, 2107.875pt x 1430.34375pt>
File: ../outputs/cuenca_alto_atoyac_puebla_sin_mh/maps/png/08_02_municipio_calp
an.png Graphic file (type png)
<use ../outputs/cuenca_alto_atoyac_puebla_sin_mh/maps/png/08_02_municipio_calpa
n.png>
Package pdftex.def Info: ../outputs/cuenca_alto_atoyac_puebla_sin_mh/maps/png/0
8_02_municipio_calpan.png  used on input line 181.
(pdftex.def)             Requested size: 304.58873pt x 206.68521pt.
 [20

 <../outputs/cuenca_alto_atoyac_puebla_sin_mh/maps/png/08_02_municipio_calpan.p
ng>]
<../outputs/cuenca_alto_atoyac_puebla_sin_mh/maps/png/08_03_municipio_chiautzin
go.png, id=146, 2107.875pt x 1430.34375pt>
File: ../outputs/cuenca_alto_atoyac_puebla_sin_mh/maps/png/08_03_municipio_chia
utzingo.png Graphic file (type png)
<use ../outputs/cuenca_alto_atoyac_puebla_sin_mh/maps/png/08_03_municipio_chiau
tzingo.png>
Package pdftex.def Info: ../outputs/cuenca_alto_atoyac_puebla_sin_mh/maps/png/0
8_03_municipio_chiautzingo.png  used on input line 186.
(pdftex.def)             Requested size: 304.58873pt x 206.68521pt.
 [21

 <../outputs/cuenca_alto_atoyac_puebla_sin_mh/maps/png/08_03_municipio_chiautzi
ngo.png>]
<../outputs/cuenca_alto_atoyac_puebla_sin_mh/maps/png/08_04_municipio_coronango
.png, id=153, 2107.875pt x 1430.34375pt>
File: ../outputs/cuenca_alto_atoyac_puebla_sin_mh/maps/png/08_04_municipio_coro
nango.png Graphic file (type png)
<use ../outputs/cuenca_alto_atoyac_puebla_sin_mh/maps/png/08_04_municipio_coron
ango.png>
Package pdftex.def Info: ../outputs/cuenca_alto_atoyac_puebla_sin_mh/maps/png/0
8_04_municipio_coronango.png  used on input line 191.
(pdftex.def)             Requested size: 304.58873pt x 206.68521pt.
 [22

 <../outputs/cuenca_alto_atoyac_puebla_sin_mh/maps/png/08_04_municipio_coronang
o.png>]
<../outputs/cuenca_alto_atoyac_puebla_sin_mh/maps/png/08_05_municipio_cuautlanc
ingo.png, id=160, 2107.875pt x 1430.34375pt>
File: ../outputs/cuenca_alto_atoyac_puebla_sin_mh/maps/png/08_05_municipio_cuau
tlancingo.png Graphic file (type png)
<use ../outputs/cuenca_alto_atoyac_puebla_sin_mh/maps/png/08_05_municipio_cuaut
lancingo.png>
Package pdftex.def Info: ../outputs/cuenca_alto_atoyac_puebla_sin_mh/maps/png/0
8_05_municipio_cuautlancingo.png  used on input line 196.
(pdftex.def)             Requested size: 304.58873pt x 206.68521pt.

[23

 <../outputs/cuenca_alto_atoyac_puebla_sin_mh/maps/png/08_05_municipio_cuautlan
cingo.png>]
<../outputs/cuenca_alto_atoyac_puebla_sin_mh/maps/png/08_06_municipio_domingo_a
renas.png, id=167, 2107.875pt x 1430.34375pt>
File: ../outputs/cuenca_alto_atoyac_puebla_sin_mh/maps/png/08_06_municipio_domi
ngo_arenas.png Graphic file (type png)
<use ../outputs/cuenca_alto_atoyac_puebla_sin_mh/maps/png/08_06_municipio_domin
go_arenas.png>
Package pdftex.def Info: ../outputs/cuenca_alto_atoyac_puebla_sin_mh/maps/png/0
8_06_municipio_domingo_arenas.png  used on input line 201.
(pdftex.def)             Requested size: 304.58873pt x 206.68521pt.
 [24

 <../outputs/cuenca_alto_atoyac_puebla_sin_mh/maps/png/08_06_municipio_domingo_
arenas.png>]
<../outputs/cuenca_alto_atoyac_puebla_sin_mh/maps/png/08_07_municipio_huejotzin
go.png, id=174, 2107.875pt x 1430.34375pt>
File: ../outputs/cuenca_alto_atoyac_puebla_sin_mh/maps/png/08_07_municipio_huej
otzingo.png Graphic file (type png)
<use ../outputs/cuenca_alto_atoyac_puebla_sin_mh/maps/png/08_07_municipio_huejo
tzingo.png>
Package pdftex.def Info: ../outputs/cuenca_alto_atoyac_puebla_sin_mh/maps/png/0
8_07_municipio_huejotzingo.png  used on input line 206.
(pdftex.def)             Requested size: 304.58873pt x 206.68521pt.
 [25

 <../outputs/cuenca_alto_atoyac_puebla_sin_mh/maps/png/08_07_municipio_huejotzi
ngo.png>]
<../outputs/cuenca_alto_atoyac_puebla_sin_mh/maps/png/08_08_municipio_juan_c_bo
nilla.png, id=182, 2107.875pt x 1430.34375pt>
File: ../outputs/cuenca_alto_atoyac_puebla_sin_mh/maps/png/08_08_municipio_juan
_c_bonilla.png Graphic file (type png)
<use ../outputs/cuenca_alto_atoyac_puebla_sin_mh/maps/png/08_08_municipio_juan_
c_bonilla.png>
Package pdftex.def Info: ../outputs/cuenca_alto_atoyac_puebla_sin_mh/maps/png/0
8_08_municipio_juan_c_bonilla.png  used on input line 211.
(pdftex.def)             Requested size: 304.58873pt x 206.68521pt.
 [26

 <../outputs/cuenca_alto_atoyac_puebla_sin_mh/maps/png/08_08_municipio_juan_c_b
onilla.png>]
<../outputs/cuenca_alto_atoyac_puebla_sin_mh/maps/png/08_09_municipio_ocoyucan.
png, id=189, 2107.875pt x 1430.34375pt>
File: ../outputs/cuenca_alto_atoyac_puebla_sin_mh/maps/png/08_09_municipio_ocoy
ucan.png Graphic file (type png)
<use ../outputs/cuenca_alto_atoyac_puebla_sin_mh/maps/png/08_09_municipio_ocoyu
can.png>
Package pdftex.def Info: ../outputs/cuenca_alto_atoyac_puebla_sin_mh/maps/png/0
8_09_municipio_ocoyucan.png  used on input line 216.
(pdftex.def)             Requested size: 304.58873pt x 206.68521pt.
 [27

 <../outputs/cuenca_alto_atoyac_puebla_sin_mh/maps/png/08_09_municipio_ocoyucan
.png>]
<../outputs/cuenca_alto_atoyac_puebla_sin_mh/maps/png/08_10_municipio_puebla.pn
g, id=196, 2107.875pt x 1430.34375pt>
File: ../outputs/cuenca_alto_atoyac_puebla_sin_mh/maps/png/08_10_municipio_pueb
la.png Graphic file (type png)
<use ../outputs/cuenca_alto_atoyac_puebla_sin_mh/maps/png/08_10_municipio_puebl
a.png>
Package pdftex.def Info: ../outputs/cuenca_alto_atoyac_puebla_sin_mh/maps/png/0
8_10_municipio_puebla.png  used on input line 221.
(pdftex.def)             Requested size: 304.58873pt x 206.68521pt.
 [28

 <../outputs/cuenca_alto_atoyac_puebla_sin_mh/maps/png/08_10_municipio_puebla.p
ng>]
<../outputs/cuenca_alto_atoyac_puebla_sin_mh/maps/png/08_11_municipio_san_andre
s_cholula.png, id=203, 2107.875pt x 1430.34375pt>
File: ../outputs/cuenca_alto_atoyac_puebla_sin_mh/maps/png/08_11_municipio_san_
andres_cholula.png Graphic file (type png)
<use ../outputs/cuenca_alto_atoyac_puebla_sin_mh/maps/png/08_11_municipio_san_a
ndres_cholula.png>
Package pdftex.def Info: ../outputs/cuenca_alto_atoyac_puebla_sin_mh/maps/png/0
8_11_municipio_san_andres_cholula.png  used on input line 226.
(pdftex.def)             Requested size: 304.58873pt x 206.68521pt.

[29

 <../outputs/cuenca_alto_atoyac_puebla_sin_mh/maps/png/08_11_municipio_san_andr
es_cholula.png>]
<../outputs/cuenca_alto_atoyac_puebla_sin_mh/maps/png/08_12_municipio_san_felip
e_teotlalcingo.png, id=210, 2107.875pt x 1430.34375pt>
File: ../outputs/cuenca_alto_atoyac_puebla_sin_mh/maps/png/08_12_municipio_san_
felipe_teotlalcingo.png Graphic file (type png)
<use ../outputs/cuenca_alto_atoyac_puebla_sin_mh/maps/png/08_12_municipio_san_f
elipe_teotlalcingo.png>
Package pdftex.def Info: ../outputs/cuenca_alto_atoyac_puebla_sin_mh/maps/png/0
8_12_municipio_san_felipe_teotlalcingo.png  used on input line 231.
(pdftex.def)             Requested size: 304.58873pt x 206.68521pt.
 [30

 <../outputs/cuenca_alto_atoyac_puebla_sin_mh/maps/png/08_12_municipio_san_feli
pe_teotlalcingo.png>]
<../outputs/cuenca_alto_atoyac_puebla_sin_mh/maps/png/08_13_municipio_san_grego
rio_atzompa.png, id=217, 2107.875pt x 1430.34375pt>
File: ../outputs/cuenca_alto_atoyac_puebla_sin_mh/maps/png/08_13_municipio_san_
gregorio_atzompa.png Graphic file (type png)
<use ../outputs/cuenca_alto_atoyac_puebla_sin_mh/maps/png/08_13_municipio_san_g
regorio_atzompa.png>
Package pdftex.def Info: ../outputs/cuenca_alto_atoyac_puebla_sin_mh/maps/png/0
8_13_municipio_san_gregorio_atzompa.png  used on input line 236.
(pdftex.def)             Requested size: 304.58873pt x 206.68521pt.
 [31

 <../outputs/cuenca_alto_atoyac_puebla_sin_mh/maps/png/08_13_municipio_san_greg
orio_atzompa.png>]
<../outputs/cuenca_alto_atoyac_puebla_sin_mh/maps/png/08_14_municipio_san_marti
n_texmelucan.png, id=225, 2107.875pt x 1430.34375pt>
File: ../outputs/cuenca_alto_atoyac_puebla_sin_mh/maps/png/08_14_municipio_san_
martin_texmelucan.png Graphic file (type png)
<use ../outputs/cuenca_alto_atoyac_puebla_sin_mh/maps/png/08_14_municipio_san_m
artin_texmelucan.png>
Package pdftex.def Info: ../outputs/cuenca_alto_atoyac_puebla_sin_mh/maps/png/0
8_14_municipio_san_martin_texmelucan.png  used on input line 241.
(pdftex.def)             Requested size: 304.58873pt x 206.68521pt.
 [32

 <../outputs/cuenca_alto_atoyac_puebla_sin_mh/maps/png/08_14_municipio_san_mart
in_texmelucan.png>]
<../outputs/cuenca_alto_atoyac_puebla_sin_mh/maps/png/08_15_municipio_san_matia
s_tlalancaleca.png, id=232, 2107.875pt x 1430.34375pt>
File: ../outputs/cuenca_alto_atoyac_puebla_sin_mh/maps/png/08_15_municipio_san_
matias_tlalancaleca.png Graphic file (type png)
<use ../outputs/cuenca_alto_atoyac_puebla_sin_mh/maps/png/08_15_municipio_san_m
atias_tlalancaleca.png>
Package pdftex.def Info: ../outputs/cuenca_alto_atoyac_puebla_sin_mh/maps/png/0
8_15_municipio_san_matias_tlalancaleca.png  used on input line 246.
(pdftex.def)             Requested size: 304.58873pt x 206.68521pt.
 [33

 <../outputs/cuenca_alto_atoyac_puebla_sin_mh/maps/png/08_15_municipio_san_mati
as_tlalancaleca.png>]
<../outputs/cuenca_alto_atoyac_puebla_sin_mh/maps/png/08_16_municipio_san_migue
l_xoxtla.png, id=239, 2107.875pt x 1430.34375pt>
File: ../outputs/cuenca_alto_atoyac_puebla_sin_mh/maps/png/08_16_municipio_san_
miguel_xoxtla.png Graphic file (type png)
<use ../outputs/cuenca_alto_atoyac_puebla_sin_mh/maps/png/08_16_municipio_san_m
iguel_xoxtla.png>
Package pdftex.def Info: ../outputs/cuenca_alto_atoyac_puebla_sin_mh/maps/png/0
8_16_municipio_san_miguel_xoxtla.png  used on input line 251.
(pdftex.def)             Requested size: 304.58873pt x 206.68521pt.
 [34

 <../outputs/cuenca_alto_atoyac_puebla_sin_mh/maps/png/08_16_municipio_san_migu
el_xoxtla.png>]
<../outputs/cuenca_alto_atoyac_puebla_sin_mh/maps/png/08_17_municipio_san_pedro
_cholula.png, id=246, 2107.875pt x 1430.34375pt>
File: ../outputs/cuenca_alto_atoyac_puebla_sin_mh/maps/png/08_17_municipio_san_
pedro_cholula.png Graphic file (type png)
<use ../outputs/cuenca_alto_atoyac_puebla_sin_mh/maps/png/08_17_municipio_san_p
edro_cholula.png>
Package pdftex.def Info: ../outputs/cuenca_alto_atoyac_puebla_sin_mh/maps/png/0
8_17_municipio_san_pedro_cholula.png  used on input line 256.
(pdftex.def)             Requested size: 304.58873pt x 206.68521pt.
 [35

 <../outputs/cuenca_alto_atoyac_puebla_sin_mh/maps/png/08_17_municipio_san_pedr
o_cholula.png>]
<../outputs/cuenca_alto_atoyac_puebla_sin_mh/maps/png/08_18_municipio_san_salva
dor_el_verde.png, id=253, 2107.875pt x 1430.34375pt>
File: ../outputs/cuenca_alto_atoyac_puebla_sin_mh/maps/png/08_18_municipio_san_
salvador_el_verde.png Graphic file (type png)
<use ../outputs/cuenca_alto_atoyac_puebla_sin_mh/maps/png/08_18_municipio_san_s
alvador_el_verde.png>
Package pdftex.def Info: ../outputs/cuenca_alto_atoyac_puebla_sin_mh/maps/png/0
8_18_municipio_san_salvador_el_verde.png  used on input line 261.
(pdftex.def)             Requested size: 304.58873pt x 206.68521pt.

[36

 <../outputs/cuenca_alto_atoyac_puebla_sin_mh/maps/png/08_18_municipio_san_salv
ador_el_verde.png>]
<../outputs/cuenca_alto_atoyac_puebla_sin_mh/maps/png/08_19_municipio_tlahuapan
.png, id=260, 2107.875pt x 1430.34375pt>
File: ../outputs/cuenca_alto_atoyac_puebla_sin_mh/maps/png/08_19_municipio_tlah
uapan.png Graphic file (type png)
<use ../outputs/cuenca_alto_atoyac_puebla_sin_mh/maps/png/08_19_municipio_tlahu
apan.png>
Package pdftex.def Info: ../outputs/cuenca_alto_atoyac_puebla_sin_mh/maps/png/0
8_19_municipio_tlahuapan.png  used on input line 266.
(pdftex.def)             Requested size: 304.58873pt x 206.68521pt.
 [37

 <../outputs/cuenca_alto_atoyac_puebla_sin_mh/maps/png/08_19_municipio_tlahuapa
n.png>]
<../outputs/cuenca_alto_atoyac_puebla_sin_mh/maps/png/08_20_municipio_tlaltenan
go.png, id=268, 2107.875pt x 1430.34375pt>
File: ../outputs/cuenca_alto_atoyac_puebla_sin_mh/maps/png/08_20_municipio_tlal
tenango.png Graphic file (type png)
<use ../outputs/cuenca_alto_atoyac_puebla_sin_mh/maps/png/08_20_municipio_tlalt
enango.png>
Package pdftex.def Info: ../outputs/cuenca_alto_atoyac_puebla_sin_mh/maps/png/0
8_20_municipio_tlaltenango.png  used on input line 271.
(pdftex.def)             Requested size: 304.58873pt x 206.68521pt.
 [38

 <../outputs/cuenca_alto_atoyac_puebla_sin_mh/maps/png/08_20_municipio_tlaltena
ngo.png>] [39

]
\tf@nav=\write6
\openout6 = `presentacion_cuenca_puebla_sin_mh.nav'.

\tf@toc=\write7
\openout7 = `presentacion_cuenca_puebla_sin_mh.toc'.

\tf@snm=\write8
\openout8 = `presentacion_cuenca_puebla_sin_mh.snm'.


(presentacion_cuenca_puebla_sin_mh.aux
LaTeX Info: Redefining \. on input line 11.
LaTeX Info: Redefining \% on input line 11.
)
 ***********
LaTeX2e <2025-11-01>
L3 programming layer <2025-10-24>
 ***********
Package rerunfilecheck Info: File `presentacion_cuenca_puebla_sin_mh.out' has n
ot changed.
(rerunfilecheck)             Checksum: D41D8CD98F00B204E9800998ECF8427E;0.
 ) 
Here is how much of TeX's memory you used:
 23505 strings out of 467871
 465347 string characters out of 5418376
 836528 words of memory out of 5000000
 51837 multiletter control sequences out of 15000+600000
 643815 words of font info for 84 fonts, out of 8000000 for 9000
 1141 hyphenation exceptions out of 8191
 128i,11n,123p,437b,471s stack positions out of 10000i,1000n,20000p,200000b,200000s
 <C:\Users\narro\AppData\Local\MiKTeX\fonts/pk/ljfour/jknappen/ec/dpi600\ecss
0800.pk> <C:\Users\narro\AppData\Local\MiKTeX\fonts/pk/ljfour/jknappen/ec/dpi60
0\ecss1000.pk> <C:\Users\narro\AppData\Local\MiKTeX\fonts/pk/ljfour/jknappen/ec
/dpi600\ecss1095.pk> <C:\Users\narro\AppData\Local\MiKTeX\fonts/pk/ljfour/jknap
pen/ec/dpi600\ecss1440.pk><C:/Users/narro/AppData/Local/Programs/MiKTeX/fonts/t
ype1/public/amsfonts/symbols/msam10.pfb>
Output written on presentacion_cuenca_puebla_sin_mh.pdf (39 pages, 5933855 byte
s).
PDF statistics:
 546 PDF objects out of 1000 (max. 8388607)
 79 named destinations out of 1000 (max. 500000)
 193 words of extra memory for PDF output out of 10000 (max. 10000000)

