\BOOKMARK [1][-]{section.1}{\376\377\000R\000e\000s\000u\000m\000e\000n\000\040\000e\000j\000e\000c\000u\000t\000i\000v\000o}{}% 1
\BOOKMARK [1][-]{section.2}{\376\377\000O\000b\000j\000e\000t\000i\000v\000o\000\040\000y\000\040\000a\000l\000c\000a\000n\000c\000e}{}% 2
\BOOKMARK [1][-]{section.3}{\376\377\000F\000u\000e\000n\000t\000e\000s\000,\000\040\000e\000s\000t\000r\000u\000c\000t\000u\000r\000a\000\040\000y\000\040\000t\000r\000a\000z\000a\000b\000i\000l\000i\000d\000a\000d}{}% 3
\BOOKMARK [2][-]{subsection.3.1}{\376\377\000A\000r\000c\000h\000i\000v\000o\000s\000\040\000d\000e\000\040\000e\000n\000t\000r\000a\000d\000a}{section.3}% 4
\BOOKMARK [2][-]{subsection.3.2}{\376\377\000C\000a\000m\000p\000o\000s\000\040\000n\000o\000r\000m\000a\000l\000i\000z\000a\000d\000o\000s}{section.3}% 5
\BOOKMARK [1][-]{section.4}{\376\377\000P\000r\000o\000c\000e\000s\000o\000\040\000m\000e\000t\000o\000d\000o\000l\000\363\000g\000i\000c\000o\000\040\000d\000e\000t\000a\000l\000l\000a\000d\000o}{}% 6
\BOOKMARK [2][-]{subsection.4.1}{\376\377\000P\000a\000s\000o\000\040\0001\000:\000\040\000r\000e\000c\000o\000r\000t\000e\000\040\000t\000e\000r\000r\000i\000t\000o\000r\000i\000a\000l}{section.4}% 7
\BOOKMARK [2][-]{subsection.4.2}{\376\377\000P\000a\000s\000o\000\040\0002\000:\000\040\000f\000i\000l\000t\000r\000o\000\040\000S\000C\000I\000A\000N}{section.4}% 8
\BOOKMARK [2][-]{subsection.4.3}{\376\377\000P\000a\000s\000o\000\040\0003\000:\000\040\000f\000i\000l\000t\000r\000o\000\040\000t\000e\000x\000t\000u\000a\000l}{section.4}% 9
\BOOKMARK [2][-]{subsection.4.4}{\376\377\000P\000a\000s\000o\000\040\0004\000:\000\040\000u\000n\000i\000\363\000n\000\040\000d\000e\000\040\000c\000a\000n\000d\000i\000d\000a\000t\000o\000s}{section.4}% 10
\BOOKMARK [2][-]{subsection.4.5}{\376\377\000P\000a\000s\000o\000\040\0005\000:\000\040\000d\000e\000c\000i\000s\000i\000\363\000n\000\040\000s\000e\000c\000t\000o\000r\000i\000a\000l\000\040\000p\000r\000e\000l\000i\000m\000i\000n\000a\000r}{section.4}% 11
\BOOKMARK [2][-]{subsection.4.6}{\376\377\000P\000a\000s\000o\000\040\0006\000:\000\040\000d\000e\000c\000i\000s\000i\000\363\000n\000\040\000h\000\355\000d\000r\000i\000c\000a\000\040\000p\000r\000e\000l\000i\000m\000i\000n\000a\000r}{section.4}% 12
\BOOKMARK [2][-]{subsection.4.7}{\376\377\000P\000a\000s\000o\000\040\0007\000:\000\040\000p\000r\000o\000d\000u\000c\000t\000o\000s\000\040\000t\000a\000b\000u\000l\000a\000r\000e\000s\000\040\000y\000\040\000g\000e\000o\000g\000r\000\341\000f\000i\000c\000o\000s}{section.4}% 13
\BOOKMARK [1][-]{section.5}{\376\377\000M\000a\000t\000r\000i\000z\000\040\000c\000o\000m\000p\000l\000e\000t\000a\000\040\000d\000e\000\040\000d\000e\000c\000i\000s\000i\000o\000n\000e\000s\000\040\000v\000i\000g\000e\000n\000t\000e\000s}{}% 14
\BOOKMARK [2][-]{subsection.5.1}{\376\377\000I\000n\000c\000l\000u\000s\000i\000\363\000n\000\040\000y\000\040\000e\000x\000c\000l\000u\000s\000i\000\363\000n\000\040\000c\000o\000m\000o\000\040\000c\000a\000n\000d\000i\000d\000a\000t\000o}{section.5}% 15
\BOOKMARK [2][-]{subsection.5.2}{\376\377\000D\000e\000c\000i\000s\000i\000\363\000n\000\040\000s\000e\000c\000t\000o\000r\000i\000a\000l}{section.5}% 16
\BOOKMARK [2][-]{subsection.5.3}{\376\377\000D\000e\000c\000i\000s\000i\000\363\000n\000\040\000h\000\355\000d\000r\000i\000c\000a}{section.5}% 17
\BOOKMARK [1][-]{section.6}{\376\377\000B\000i\000t\000\341\000c\000o\000r\000a\000\040\000d\000e\000\040\000c\000a\000m\000b\000i\000o\000s\000\040\000d\000e\000l\000\040\0001\0001\000\040\000d\000e\000\040\000s\000e\000p\000t\000i\000e\000m\000b\000r\000e\000\040\000d\000e\000\040\0002\0000\0002\0006}{}% 18
\BOOKMARK [1][-]{section.7}{\376\377\000R\000e\000s\000u\000l\000t\000a\000d\000o\000s\000\040\000d\000e\000\040\000S\000a\000n\000t\000a\000\040\000A\000n\000a\000\040\000X\000a\000l\000m\000i\000m\000i\000l\000u\000l\000c\000o}{}% 19
\BOOKMARK [2][-]{subsection.7.1}{\376\377\000E\000s\000t\000r\000u\000c\000t\000u\000r\000a\000\040\000d\000e\000l\000\040\000u\000n\000i\000v\000e\000r\000s\000o\000\040\000c\000a\000n\000d\000i\000d\000a\000t\000o}{section.7}% 20
\BOOKMARK [1][-]{section.8}{\376\377\000R\000e\000s\000u\000l\000t\000a\000d\000o\000s\000\040\000d\000e\000\040\000H\000u\000e\000j\000o\000t\000z\000i\000n\000g\000o}{}% 21
\BOOKMARK [2][-]{subsection.8.1}{\376\377\000E\000s\000t\000r\000u\000c\000t\000u\000r\000a\000\040\000d\000e\000l\000\040\000u\000n\000i\000v\000e\000r\000s\000o\000\040\000c\000a\000n\000d\000i\000d\000a\000t\000o}{section.8}% 22
\BOOKMARK [1][-]{section.9}{\376\377\000I\000n\000t\000e\000r\000p\000r\000e\000t\000a\000c\000i\000\363\000n\000\040\000c\000o\000m\000p\000a\000r\000a\000t\000i\000v\000a}{}% 23
\BOOKMARK [1][-]{section.10}{\376\377\000P\000r\000o\000t\000o\000c\000o\000l\000o\000\040\000r\000e\000c\000o\000m\000e\000n\000d\000a\000d\000o\000\040\000d\000e\000\040\000r\000e\000v\000i\000s\000i\000\363\000n\000\040\000m\000a\000n\000u\000a\000l}{}% 24
\BOOKMARK [1][-]{section.11}{\376\377\000C\000o\000n\000t\000r\000o\000l\000e\000s\000\040\000d\000e\000\040\000c\000a\000l\000i\000d\000a\000d\000\040\000y\000\040\000l\000i\000m\000i\000t\000a\000c\000i\000o\000n\000e\000s}{}% 25
\BOOKMARK [2][-]{subsection.11.1}{\376\377\000C\000o\000n\000t\000r\000o\000l\000e\000s\000\040\000r\000e\000a\000l\000i\000z\000a\000d\000o\000s}{section.11}% 26
\BOOKMARK [2][-]{subsection.11.2}{\376\377\000L\000i\000m\000i\000t\000a\000c\000i\000o\000n\000e\000s}{section.11}% 27
\BOOKMARK [1][-]{section.12}{\376\377\000R\000e\000p\000r\000o\000d\000u\000c\000i\000b\000i\000l\000i\000d\000a\000d\000\040\000y\000\040\000p\000r\000o\000d\000u\000c\000t\000o\000s}{}% 28
\BOOKMARK [1][-]{section.13}{\376\377\000C\000o\000n\000c\000l\000u\000s\000i\000o\000n\000e\000s}{}% 29
