This is pdfTeX, Version 3.141592653-2.6-1.40.27 (MiKTeX 25.4) (preloaded format=pdflatex 2026.2.25)  22 SEP 2026 15:28
entering extended mode
 restricted \write18 enabled.
 %&-line parsing enabled.
**./reporte_tecnico_parte_2.tex
(reporte_tecnico_parte_2.tex
LaTeX2e <2025-11-01>
L3 programming layer <2025-10-24>
(C:\Users\narro\AppData\Local\Programs\MiKTeX\tex/latex/base\article.cls
Document Class: article 2025/01/22 v1.4n Standard LaTeX document class
(C:\Users\narro\AppData\Local\Programs\MiKTeX\tex/latex/base\size10.clo
File: size10.clo 2025/01/22 v1.4n Standard LaTeX file (size option)
)
\c@part=\count275
\c@section=\count276
\c@subsection=\count277
\c@subsubsection=\count278
\c@paragraph=\count279
\c@subparagraph=\count280
\c@figure=\count281
\c@table=\count282
\abovecaptionskip=\skip49
\belowcaptionskip=\skip50
\bibindent=\dimen148
)
(C:\Users\narro\AppData\Local\Programs\MiKTeX\tex/latex/base\inputenc.sty
Package: inputenc 2024/02/08 v1.3d Input encoding file
\inpenc@prehook=\toks17
\inpenc@posthook=\toks18
)
(C:\Users\narro\AppData\Local\Programs\MiKTeX\tex/latex/base\fontenc.sty
Package: fontenc 2025/07/18 v2.1d Standard LaTeX package
)
(C:\Users\narro\AppData\Local\Programs\MiKTeX\tex/generic/babel\babel.sty
Package: babel 2025/10/22 v25.14 The multilingual framework for LuaLaTeX, pdfLa
TeX and XeLaTeX
\babel@savecnt=\count283
LaTeX Encoding Info:    Redeclaring text command \ij (encoding OT1) on input li
ne 2050.
LaTeX Encoding Info:    Redeclaring text command \IJ (encoding OT1) on input li
ne 2052.
LaTeX Encoding Info:    Redeclaring text command \ij (encoding T1) on input lin
e 2054.
LaTeX Encoding Info:    Redeclaring text command \IJ (encoding T1) on input lin
e 2055.
LaTeX Encoding Info:    Ignoring declaration for text command \ij (encoding ?) 
on input line 2056.
LaTeX Encoding Info:    Ignoring declaration for text command \IJ (encoding ?) 
on input line 2058.
LaTeX Encoding Info:    Ignoring declaration for text command \SS (encoding ?) 
on input line 2083.
\U@D=\dimen149
\l@unhyphenated=\language79

(C:\Users\narro\AppData\Local\Programs\MiKTeX\tex/generic/babel\txtbabel.def)
\bbl@readstream=\read2
\bbl@dirlevel=\count284


Package babel Warning: Configuration files are deprecated, as
(babel)                they can break document portability.
(babel)                Reported on input line 4172.

*************************************
* Local config file bblopts.cfg used
*
(C:\Users\narro\AppData\Local\Programs\MiKTeX\tex/latex/arabi\bblopts.cfg
File: bblopts.cfg 2005/09/08 v0.1 add Arabic and Farsi to "declared" options of
 babel
)
(C:\Users\narro\AppData\Local\Programs\MiKTeX\tex/generic/babel/locale/es\babel
-spanish.tex)
Package babel Info: Importing font and identification data for spanish
(babel)             from babel-es.ini. Reported on input line 4295.

(C:\Users\narro\AppData\Local\Programs\MiKTeX\tex/latex/babel-spanish\spanish.l
df
Language: spanish.ldf 2021/05/27 v5.0q Spanish support from the babel system
\es@quottoks=\toks19
\es@quotdepth=\count285
Package babel Info: Making " an active character on input line 570.
Package babel Info: Making < an active character on input line 722.
Package babel Info: Making > an active character on input line 722.
))
LaTeX Encoding Info:    Redeclaring text command \guillemotleft (encoding OT1) 
on input line 1.
LaTeX Encoding Info:    Redeclaring text command \guillemotright (encoding OT1)
 on input line 1.

(C:\Users\narro\AppData\Local\Programs\MiKTeX\tex/latex/geometry\geometry.sty
Package: geometry 2020/01/02 v5.9 Page Geometry

(C:\Users\narro\AppData\Local\Programs\MiKTeX\tex/latex/graphics\keyval.sty
Package: keyval 2022/05/29 v1.15 key=value parser (DPC)
\KV@toks@=\toks20
)
(C:\Users\narro\AppData\Local\Programs\MiKTeX\tex/generic/iftex\ifvtex.sty
Package: ifvtex 2019/10/25 v1.7 ifvtex legacy package. Use iftex instead.

(C:\Users\narro\AppData\Local\Programs\MiKTeX\tex/generic/iftex\iftex.sty
Package: iftex 2024/12/12 v1.0g TeX engine tests
))
\Gm@cnth=\count286
\Gm@cntv=\count287
\c@Gm@tempcnt=\count288
\Gm@bindingoffset=\dimen150
\Gm@wd@mp=\dimen151
\Gm@odd@mp=\dimen152
\Gm@even@mp=\dimen153
\Gm@layoutwidth=\dimen154
\Gm@layoutheight=\dimen155
\Gm@layouthoffset=\dimen156
\Gm@layoutvoffset=\dimen157
\Gm@dimlist=\toks21

(C:\Users\narro\AppData\Local\Programs\MiKTeX\tex/latex/geometry\geometry.cfg))
(C:\Users\narro\AppData\Local\Programs\MiKTeX\tex/latex/graphics\graphicx.sty
Package: graphicx 2024/12/31 v1.2e Enhanced LaTeX Graphics (DPC,SPQR)

(C:\Users\narro\AppData\Local\Programs\MiKTeX\tex/latex/graphics\graphics.sty
Package: graphics 2024/08/06 v1.4g Standard LaTeX Graphics (DPC,SPQR)

(C:\Users\narro\AppData\Local\Programs\MiKTeX\tex/latex/graphics\trig.sty
Package: trig 2023/12/02 v1.11 sin cos tan (DPC)
)
(C:\Users\narro\AppData\Local\Programs\MiKTeX\tex/latex/graphics-cfg\graphics.c
fg
File: graphics.cfg 2016/06/04 v1.11 sample graphics configuration
)
Package graphics Info: Driver file: pdftex.def on input line 106.

(C:\Users\narro\AppData\Local\Programs\MiKTeX\tex/latex/graphics-def\pdftex.def
File: pdftex.def 2025/09/29 v1.2d Graphics/color driver for pdftex
))
\Gin@req@height=\dimen158
\Gin@req@width=\dimen159
)
(C:\Users\narro\AppData\Local\Programs\MiKTeX\tex/latex/booktabs\booktabs.sty
Package: booktabs 2020/01/12 v1.61803398 Publication quality tables
\heavyrulewidth=\dimen160
\lightrulewidth=\dimen161
\cmidrulewidth=\dimen162
\belowrulesep=\dimen163
\belowbottomsep=\dimen164
\aboverulesep=\dimen165
\abovetopsep=\dimen166
\cmidrulesep=\dimen167
\cmidrulekern=\dimen168
\defaultaddspace=\dimen169
\@cmidla=\count289
\@cmidlb=\count290
\@aboverulesep=\dimen170
\@belowrulesep=\dimen171
\@thisruleclass=\count291
\@lastruleclass=\count292
\@thisrulewidth=\dimen172
)
(C:\Users\narro\AppData\Local\Programs\MiKTeX\tex/latex/tools\longtable.sty
Package: longtable 2025-10-13 v4.24 Multi-page Table package (DPC)
\LTleft=\skip51
\LTright=\skip52
\LTpre=\skip53
\LTpost=\skip54
\LTchunksize=\count293
\LTcapwidth=\dimen173
\LT@head=\box53
\LT@firsthead=\box54
\LT@foot=\box55
\LT@lastfoot=\box56
\LT@gbox=\box57
\LT@cols=\count294
\LT@rows=\count295
\c@LT@tables=\count296
\c@LT@chunks=\count297
\LT@p@ftn=\toks22
)
(C:\Users\narro\AppData\Local\Programs\MiKTeX\tex/latex/tools\array.sty
Package: array 2025/09/25 v2.6n Tabular extension package (FMi)
\col@sep=\dimen174
\ar@mcellbox=\box58
\extrarowheight=\dimen175
\NC@list=\toks23
\extratabsurround=\skip55
\backup@length=\skip56
\ar@cellbox=\box59
)
(C:\Users\narro\AppData\Local\Programs\MiKTeX\tex/latex/float\float.sty
Package: float 2001/11/08 v1.3d Float enhancements (AL)
\c@float@type=\count298
\float@exts=\toks24
\float@box=\box60
\@float@everytoks=\toks25
\@floatcapt=\box61
)
(C:\Users\narro\AppData\Local\Programs\MiKTeX\tex/latex/xcolor\xcolor.sty
Package: xcolor 2024/09/29 v3.02 LaTeX color extensions (UK)

(C:\Users\narro\AppData\Local\Programs\MiKTeX\tex/latex/graphics-cfg\color.cfg
File: color.cfg 2016/01/02 v1.6 sample color configuration
)
Package xcolor Info: Driver file: pdftex.def on input line 274.
(C:\Users\narro\AppData\Local\Programs\MiKTeX\tex/latex/graphics\mathcolor.ltx)
Package xcolor Info: Model `cmy' substituted by `cmy0' on input line 1349.
Package xcolor Info: Model `hsb' substituted by `rgb' on input line 1353.
Package xcolor Info: Model `RGB' extended on input line 1365.
Package xcolor Info: Model `HTML' substituted by `rgb' on input line 1367.
Package xcolor Info: Model `Hsb' substituted by `hsb' on input line 1368.
Package xcolor Info: Model `tHsb' substituted by `hsb' on input line 1369.
Package xcolor Info: Model `HSB' substituted by `hsb' on input line 1370.
Package xcolor Info: Model `Gray' substituted by `gray' on input line 1371.
Package xcolor Info: Model `wave' substituted by `hsb' on input line 1372.
) (C:\Users\narro\AppData\Local\Programs\MiKTeX\tex/latex/hyperref\hyperref.sty
Package: hyperref 2025-07-12 v7.01o Hypertext links for LaTeX

(C:\Users\narro\AppData\Local\Programs\MiKTeX\tex/latex/kvsetkeys\kvsetkeys.sty
Package: kvsetkeys 2022-10-05 v1.19 Key value parser (HO)
)
(C:\Users\narro\AppData\Local\Programs\MiKTeX\tex/generic/kvdefinekeys\kvdefine
keys.sty
Package: kvdefinekeys 2019-12-19 v1.6 Define keys (HO)
)
(C:\Users\narro\AppData\Local\Programs\MiKTeX\tex/generic/pdfescape\pdfescape.s
ty
Package: pdfescape 2019/12/09 v1.15 Implements pdfTeX's escape features (HO)

(C:\Users\narro\AppData\Local\Programs\MiKTeX\tex/generic/ltxcmds\ltxcmds.sty
Package: ltxcmds 2023-12-04 v1.26 LaTeX kernel commands for general use (HO)
)
(C:\Users\narro\AppData\Local\Programs\MiKTeX\tex/generic/pdftexcmds\pdftexcmds
.sty
Package: pdftexcmds 2020-06-27 v0.33 Utility functions of pdfTeX for LuaTeX (HO
)

(C:\Users\narro\AppData\Local\Programs\MiKTeX\tex/generic/infwarerr\infwarerr.s
ty
Package: infwarerr 2019/12/03 v1.5 Providing info/warning/error messages (HO)
)
Package pdftexcmds Info: \pdf@primitive is available.
Package pdftexcmds Info: \pdf@ifprimitive is available.
Package pdftexcmds Info: \pdfdraftmode found.
))
(C:\Users\narro\AppData\Local\Programs\MiKTeX\tex/latex/hycolor\hycolor.sty
Package: hycolor 2020-01-27 v1.10 Color options for hyperref/bookmark (HO)
)
(C:\Users\narro\AppData\Local\Programs\MiKTeX\tex/latex/hyperref\nameref.sty
Package: nameref 2025-06-21 v2.57 Cross-referencing by name of section

(C:\Users\narro\AppData\Local\Programs\MiKTeX\tex/latex/refcount\refcount.sty
Package: refcount 2019/12/15 v3.6 Data extraction from label references (HO)
)
(C:\Users\narro\AppData\Local\Programs\MiKTeX\tex/generic/gettitlestring\gettit
lestring.sty
Package: gettitlestring 2019/12/15 v1.6 Cleanup title references (HO)

(C:\Users\narro\AppData\Local\Programs\MiKTeX\tex/latex/kvoptions\kvoptions.sty
Package: kvoptions 2022-06-15 v3.15 Key value format for package options (HO)
))
\c@section@level=\count299
)
(C:\Users\narro\AppData\Local\Programs\MiKTeX\tex/latex/etoolbox\etoolbox.sty
Package: etoolbox 2025/10/02 v2.5m e-TeX tools for LaTeX (JAW)
\etb@tempcnta=\count300
)
(C:\Users\narro\AppData\Local\Programs\MiKTeX\tex/generic/stringenc\stringenc.s
ty
Package: stringenc 2019/11/29 v1.12 Convert strings between diff. encodings (HO
)
)
\@linkdim=\dimen176
\Hy@linkcounter=\count301
\Hy@pagecounter=\count302
 (C:\Users\narro\AppData\Local\Programs\MiKTeX\tex/latex/hyperref\pd1enc.def
File: pd1enc.def 2025-07-12 v7.01o Hyperref: PDFDocEncoding definition (HO)
Now handling font encoding PD1 ...
... no UTF-8 mapping file for font encoding PD1
) (C:\Users\narro\AppData\Local\Programs\MiKTeX\tex/generic/intcalc\intcalc.sty
Package: intcalc 2019/12/15 v1.3 Expandable calculations with integers (HO)
)
\Hy@SavedSpaceFactor=\count303
 (C:\Users\narro\AppData\Local\Programs\MiKTeX\tex/latex/hyperref\puenc.def
File: puenc.def 2025-07-12 v7.01o Hyperref: PDF Unicode definition (HO)
Now handling font encoding PU ...
... no UTF-8 mapping file for font encoding PU
)
Package hyperref Info: Hyper figures OFF on input line 4195.
Package hyperref Info: Link nesting OFF on input line 4200.
Package hyperref Info: Hyper index ON on input line 4203.
Package hyperref Info: Plain pages OFF on input line 4210.
Package hyperref Info: Backreferencing OFF on input line 4215.
Package hyperref Info: Implicit mode ON; LaTeX internals redefined.
Package hyperref Info: Bookmarks ON on input line 4462.
\c@Hy@tempcnt=\count304

(C:\Users\narro\AppData\Local\Programs\MiKTeX\tex/latex/url\url.sty
\Urlmuskip=\muskip17
Package: url 2013/09/16  ver 3.4  Verb mode for urls, etc.
)
LaTeX Info: Redefining \url on input line 4801.
\XeTeXLinkMargin=\dimen177

(C:\Users\narro\AppData\Local\Programs\MiKTeX\tex/generic/bitset\bitset.sty
Package: bitset 2019/12/09 v1.3 Handle bit-vector datatype (HO)

(C:\Users\narro\AppData\Local\Programs\MiKTeX\tex/generic/bigintcalc\bigintcalc
.sty
Package: bigintcalc 2019/12/15 v1.5 Expandable calculations on big integers (HO
)
))
\Fld@menulength=\count305
\Field@Width=\dimen178
\Fld@charsize=\dimen179
Package hyperref Info: Hyper figures OFF on input line 6078.
Package hyperref Info: Link nesting OFF on input line 6083.
Package hyperref Info: Hyper index ON on input line 6086.
Package hyperref Info: backreferencing OFF on input line 6093.
Package hyperref Info: Link coloring OFF on input line 6098.
Package hyperref Info: Link coloring with OCG OFF on input line 6103.
Package hyperref Info: PDF/A mode OFF on input line 6108.
\Hy@abspage=\count306
\c@Item=\count307
\c@Hfootnote=\count308
)
Package hyperref Info: Driver (autodetected): hpdftex.

(C:\Users\narro\AppData\Local\Programs\MiKTeX\tex/latex/hyperref\hpdftex.def
File: hpdftex.def 2025-07-12 v7.01o Hyperref driver for pdfTeX
\Fld@listcount=\count309
\c@bookmark@seq@number=\count310

(C:\Users\narro\AppData\Local\Programs\MiKTeX\tex/latex/rerunfilecheck\rerunfil
echeck.sty
Package: rerunfilecheck 2025-06-21 v1.11 Rerun checks for auxiliary files (HO)

(C:\Users\narro\AppData\Local\Programs\MiKTeX\tex/generic/uniquecounter\uniquec
ounter.sty
Package: uniquecounter 2019/12/15 v1.4 Provide unlimited unique counter (HO)
)
Package uniquecounter Info: New unique counter `rerunfilecheck' on input line 2
84.
)
\Hy@SectionHShift=\skip57
)
Package hyperref Info: Option `colorlinks' set `true' on input line 1.

(C:\Users\narro\AppData\Local\Programs\MiKTeX\tex/latex/l3backend\l3backend-pdf
tex.def
File: l3backend-pdftex.def 2025-10-09 L3 backend support: PDF output (pdfTeX)
\l__color_backend_stack_int=\count311
) (reporte_tecnico_parte_2.aux
LaTeX Info: Redefining \. on input line 11.
LaTeX Info: Redefining \% on input line 11.
Package babel Info: 'spanish' activates 'spanish' shorthands.
(babel)             Reported on input line 11.
)
\openout1 = `reporte_tecnico_parte_2.aux'.

LaTeX Font Info:    Checking defaults for OML/cmm/m/it on input line 1.
LaTeX Font Info:    ... okay on input line 1.
LaTeX Font Info:    Checking defaults for OMS/cmsy/m/n on input line 1.
LaTeX Font Info:    ... okay on input line 1.
LaTeX Font Info:    Checking defaults for OT1/cmr/m/n on input line 1.
LaTeX Font Info:    ... okay on input line 1.
LaTeX Font Info:    Checking defaults for T1/cmr/m/n on input line 1.
LaTeX Font Info:    ... okay on input line 1.
LaTeX Font Info:    Checking defaults for TS1/cmr/m/n on input line 1.
LaTeX Font Info:    ... okay on input line 1.
LaTeX Font Info:    Checking defaults for OMX/cmex/m/n on input line 1.
LaTeX Font Info:    ... okay on input line 1.
LaTeX Font Info:    Checking defaults for U/cmr/m/n on input line 1.
LaTeX Font Info:    ... okay on input line 1.
LaTeX Font Info:    Checking defaults for PD1/pdf/m/n on input line 1.
LaTeX Font Info:    ... okay on input line 1.
LaTeX Font Info:    Checking defaults for PU/pdf/m/n on input line 1.
LaTeX Font Info:    ... okay on input line 1.
LaTeX Info: Redefining \. on input line 1.
LaTeX Info: Redefining \% on input line 1.

*geometry* driver: auto-detecting
*geometry* detected driver: pdftex
*geometry* verbose mode - [ preamble ] result:
* driver: pdftex
* paper: <default>
* layout: <same size as paper>
* layoutoffset:(h,v)=(0.0pt,0.0pt)
* modes: 
* h-part:(L,W,R)=(51.21504pt, 511.86491pt, 51.21504pt)
* v-part:(T,H,B)=(51.21504pt, 692.5399pt, 51.21504pt)
* \paperwidth=614.295pt
* \paperheight=794.96999pt
* \textwidth=511.86491pt
* \textheight=692.5399pt
* \oddsidemargin=-21.05495pt
* \evensidemargin=-21.05495pt
* \topmargin=-58.05495pt
* \headheight=12.0pt
* \headsep=25.0pt
* \topskip=10.0pt
* \footskip=30.0pt
* \marginparwidth=65.0pt
* \marginparsep=11.0pt
* \columnsep=10.0pt
* \skip\footins=9.0pt plus 4.0pt minus 2.0pt
* \hoffset=0.0pt
* \voffset=0.0pt
* \mag=1000
* \@twocolumnfalse
* \@twosidefalse
* \@mparswitchfalse
* \@reversemarginfalse
* (1in=72.27pt=25.4mm, 1cm=28.453pt)


(C:\Users\narro\AppData\Local\Programs\MiKTeX\tex/context/base/mkii\supp-pdf.mk
ii
[Loading MPS to PDF converter (version 2006.09.02).]
\scratchcounter=\count312
\scratchdimen=\dimen180
\scratchbox=\box62
\nofMPsegments=\count313
\nofMParguments=\count314
\everyMPshowfont=\toks26
\MPscratchCnt=\count315
\MPscratchDim=\dimen181
\MPnumerator=\count316
\makeMPintoPDFobject=\count317
\everyMPtoPDFconversion=\toks27
)
(C:\Users\narro\AppData\Local\Programs\MiKTeX\tex/latex/epstopdf-pkg\epstopdf-b
ase.sty
Package: epstopdf-base 2020-01-24 v2.11 Base part for package epstopdf
Package epstopdf-base Info: Redefining graphics rule for `.eps' on input line 4
85.

(C:\Users\narro\AppData\Local\Programs\MiKTeX\tex/latex/00miktex\epstopdf-sys.c
fg
File: epstopdf-sys.cfg 2021/03/18 v2.0 Configuration of epstopdf for MiKTeX
))
Package hyperref Info: Link coloring ON on input line 1.
 (reporte_tecnico_parte_2.out) (reporte_tecnico_parte_2.out)
\@outlinefile=\write3
\openout3 = `reporte_tecnico_parte_2.out'.

LaTeX Font Info:    External font `cmex10' loaded for size
(Font)              <12> on input line 1.
LaTeX Font Info:    External font `cmex10' loaded for size
(Font)              <8> on input line 1.
LaTeX Font Info:    External font `cmex10' loaded for size
(Font)              <6> on input line 1.

(reporte_tecnico_parte_2.toc
LaTeX Info: Redefining \. on input line 1.
LaTeX Info: Redefining \% on input line 1.
LaTeX Font Info:    External font `cmex10' loaded for size
(Font)              <7> on input line 4.
LaTeX Font Info:    External font `cmex10' loaded for size
(Font)              <5> on input line 4.
)
\tf@toc=\write4
\openout4 = `reporte_tecnico_parte_2.toc'.

 [1

{C:/Users/narro/AppData/Local/MiKTeX/fonts/map/pdftex/pdftex.map}]
Overfull \hbox (11.23402pt too wide) in paragraph at lines 5--6
[]\T1/cmr/m/n/10 DBSCAN: $\OML/cmm/m/it/10 ^^O \OMS/cmsy/m/n/10 2 f\OT1/cmr/m/n
/10 250\OML/cmm/m/it/10 ; \OT1/cmr/m/n/10 400\OML/cmm/m/it/10 ; \OT1/cmr/m/n/10
 600\OML/cmm/m/it/10 ; \OT1/cmr/m/n/10 800\OML/cmm/m/it/10 ; \OT1/cmr/m/n/10 12
00\OML/cmm/m/it/10 ; \OT1/cmr/m/n/10 1600\OMS/cmsy/m/n/10 g$ \T1/cmr/m/n/10 m y
 \T1/cmtt/m/n/10 min_samples $\OMS/cmsy/m/n/10 2 f\OT1/cmr/m/n/10 5\OML/cmm/m/i
t/10 ; \OT1/cmr/m/n/10 10\OML/cmm/m/it/10 ; \OT1/cmr/m/n/10 15\OML/cmm/m/it/10 
; \OT1/cmr/m/n/10 25\OMS/cmsy/m/n/10 g$ \T1/cmr/m/n/10 (24). HDBS-CAN: \T1/cmtt
/m/n/10 min_cluster_size
 []

<../../../outputs/parte_2/14_segunda_pasada/figuras/01_robustez_ari_documentada
.png, id=131, 558.45pt x 453.6585pt>
File: ../../../outputs/parte_2/14_segunda_pasada/figuras/01_robustez_ari_docume
ntada.png Graphic file (type png)
<use ../../../outputs/parte_2/14_segunda_pasada/figuras/01_robustez_ari_documen
tada.png>
Package pdftex.def Info: ../../../outputs/parte_2/14_segunda_pasada/figuras/01_
robustez_ari_documentada.png  used on input line 7.
(pdftex.def)             Requested size: 481.15427pt x 390.87245pt.
[2]
<../../../outputs/parte_2/14_segunda_pasada/figuras/02_estabilidad_membresia.pn
g, id=143, 569.619pt x 537.7545pt>
File: ../../../outputs/parte_2/14_segunda_pasada/figuras/02_estabilidad_membres
ia.png Graphic file (type png)
<use ../../../outputs/parte_2/14_segunda_pasada/figuras/02_estabilidad_membresi
a.png>
Package pdftex.def Info: ../../../outputs/parte_2/14_segunda_pasada/figuras/02_
estabilidad_membresia.png  used on input line 10.
(pdftex.def)             Requested size: 481.15427pt x 454.2544pt.
 [3 <../../../outputs/parte_2/14_segunda_pasada/figuras/01_robustez_ari_documen
tada.png>]
<../../../outputs/parte_2/14_segunda_pasada/figuras/03_subnucleos_mega_etiqueta
dos.png, id=152, 574.218pt x 492.4215pt>
File: ../../../outputs/parte_2/14_segunda_pasada/figuras/03_subnucleos_mega_eti
quetados.png Graphic file (type png)
<use ../../../outputs/parte_2/14_segunda_pasada/figuras/03_subnucleos_mega_etiq
uetados.png>
Package pdftex.def Info: ../../../outputs/parte_2/14_segunda_pasada/figuras/03_
subnucleos_mega_etiquetados.png  used on input line 32.
(pdftex.def)             Requested size: 481.15427pt x 412.6319pt.
 [4 <../../../outputs/parte_2/14_segunda_pasada/figuras/02_estabilidad_membresi
a.png>]
ignored error: Infinite glue shrinkage found in box being split [5 <../../../ou
tputs/parte_2/14_segunda_pasada/figuras/03_subnucleos_mega_etiquetados.png>]
<../../../outputs/parte_2/14_segunda_pasada/figuras/04_heatmap_compacto.png, id
=165, 689.193pt x 649.116pt>
File: ../../../outputs/parte_2/14_segunda_pasada/figuras/04_heatmap_compacto.pn
g Graphic file (type png)
<use ../../../outputs/parte_2/14_segunda_pasada/figuras/04_heatmap_compacto.png
>
Package pdftex.def Info: ../../../outputs/parte_2/14_segunda_pasada/figuras/04_
heatmap_compacto.png  used on input line 67.
(pdftex.def)             Requested size: 481.15427pt x 453.16972pt.

[6]
<../../../outputs/parte_2/14_segunda_pasada/figuras/05_heatmap_ampliado.png, id
=171, 882.351pt x 704.6325pt>
File: ../../../outputs/parte_2/14_segunda_pasada/figuras/05_heatmap_ampliado.pn
g Graphic file (type png)
<use ../../../outputs/parte_2/14_segunda_pasada/figuras/05_heatmap_ampliado.png
>
Package pdftex.def Info: ../../../outputs/parte_2/14_segunda_pasada/figuras/05_
heatmap_ampliado.png  used on input line 67.
(pdftex.def)             Requested size: 481.15427pt x 384.23752pt.
 [7 <../../../outputs/parte_2/14_segunda_pasada/figuras/04_heatmap_compacto.png
>]
<../../../outputs/parte_2/14_segunda_pasada/figuras/08_ranking_lavanderia.png, 
id=178, 604.1115pt x 453.6585pt>
File: ../../../outputs/parte_2/14_segunda_pasada/figuras/08_ranking_lavanderia.
png Graphic file (type png)
<use ../../../outputs/parte_2/14_segunda_pasada/figuras/08_ranking_lavanderia.p
ng>
Package pdftex.def Info: ../../../outputs/parte_2/14_segunda_pasada/figuras/08_
ranking_lavanderia.png  used on input line 69.
(pdftex.def)             Requested size: 481.15427pt x 361.32823pt.
 [8 <../../../outputs/parte_2/14_segunda_pasada/figuras/05_heatmap_ampliado.png
>]
Overfull \hbox (2.40408pt too wide) in paragraph at lines 69--69
[]|\T1/cmr/m/n/7 Mez./pant.|  
 []


Overfull \hbox (5.52832pt too wide) in paragraph at lines 71--71
[]|\T1/cmr/m/n/7 Huejotzingo|  
 []


Overfull \hbox (5.52832pt too wide) in paragraph at lines 71--71
[]|\T1/cmr/m/n/7 Huejotzingo|  
 []


Overfull \hbox (14.38033pt too wide) in paragraph at lines 74--74
[]|\T1/cmr/m/n/7 Cuautlancingo|  
 []


Overfull \hbox (5.52832pt too wide) in paragraph at lines 80--80
[]|\T1/cmr/m/n/7 Huejotzingo|  
 []


Overfull \hbox (5.9796pt too wide) in paragraph at lines 82--82
[]|\T1/cmr/m/n/7 Chiautzingo|  
 []


Overfull \hbox (0.70311pt too wide) in paragraph at lines 82--82
\T1/cmr/m/n/7 Chiautzin- 
 []


Overfull \hbox (1.2377pt too wide) in paragraph at lines 84--84
[]|\T1/cmr/m/n/7 Tlahuapan|  
 []


Overfull \hbox (1.2377pt too wide) in paragraph at lines 85--85
[]|\T1/cmr/m/n/7 Tlahuapan|  
 []


Overfull \hbox (1.2377pt too wide) in paragraph at lines 86--86
[]|\T1/cmr/m/n/7 Tlahuapan|  
 []

ignored error: Infinite glue shrinkage found in box being split [9 <../../../ou
tputs/parte_2/14_segunda_pasada/figuras/08_ranking_lavanderia.png>]
Overfull \hbox (4.28313pt too wide) in paragraph at lines 86--86
[]|\T1/cmr/m/n/7 59.33900851276916|  
 []


Overfull \hbox (4.28313pt too wide) in paragraph at lines 87--87
[]|\T1/cmr/m/n/7 58.21854912764004|  
 []


Overfull \hbox (4.28313pt too wide) in paragraph at lines 88--88
[]|\T1/cmr/m/n/7 59.33900851276916|  
 []


Overfull \hbox (4.28313pt too wide) in paragraph at lines 89--89
[]|\T1/cmr/m/n/7 59.33900851276916|  
 []


Overfull \hbox (4.28313pt too wide) in paragraph at lines 90--90
[]|\T1/cmr/m/n/7 58.93462469733656|  
 []


Overfull \hbox (4.28313pt too wide) in paragraph at lines 91--91
[]|\T1/cmr/m/n/7 58.93462469733656|  
 []

<../../../outputs/parte_2/14_segunda_pasada/figuras/06_distancia_coseno_senales
.png, id=191, 650.7585pt x 560.0925pt>
File: ../../../outputs/parte_2/14_segunda_pasada/figuras/06_distancia_coseno_se
nales.png Graphic file (type png)
<use ../../../outputs/parte_2/14_segunda_pasada/figuras/06_distancia_coseno_sen
ales.png>
Package pdftex.def Info: ../../../outputs/parte_2/14_segunda_pasada/figuras/06_
distancia_coseno_senales.png  used on input line 92.
(pdftex.def)             Requested size: 481.15427pt x 414.1201pt.
[10]
<../../../outputs/parte_2/14_segunda_pasada/figuras/06_distancia_jensen_shannon
_scian3.png, id=197, 650.7585pt x 560.0925pt>
File: ../../../outputs/parte_2/14_segunda_pasada/figuras/06_distancia_jensen_sh
annon_scian3.png Graphic file (type png)
<use ../../../outputs/parte_2/14_segunda_pasada/figuras/06_distancia_jensen_sha
nnon_scian3.png>
Package pdftex.def Info: ../../../outputs/parte_2/14_segunda_pasada/figuras/06_
distancia_jensen_shannon_scian3.png  used on input line 92.
(pdftex.def)             Requested size: 481.15427pt x 414.1201pt.
<../../../outputs/parte_2/14_segunda_pasada/figuras/06_distancia_combinada_50_5
0.png, id=198, 650.7585pt x 560.0925pt>
File: ../../../outputs/parte_2/14_segunda_pasada/figuras/06_distancia_combinada
_50_50.png Graphic file (type png)
<use ../../../outputs/parte_2/14_segunda_pasada/figuras/06_distancia_combinada_
50_50.png>
Package pdftex.def Info: ../../../outputs/parte_2/14_segunda_pasada/figuras/06_
distancia_combinada_50_50.png  used on input line 92.
(pdftex.def)             Requested size: 481.15427pt x 414.1201pt.
 [11 <../../../outputs/parte_2/14_segunda_pasada/figuras/06_distancia_coseno_se
nales.png>]
<../../../outputs/parte_2/14_segunda_pasada/figuras/07_dendrograma_perfiles.png
, id=204, 736.497pt x 452.673pt>
File: ../../../outputs/parte_2/14_segunda_pasada/figuras/07_dendrograma_perfile
s.png Graphic file (type png)
<use ../../../outputs/parte_2/14_segunda_pasada/figuras/07_dendrograma_perfiles
.png>
Package pdftex.def Info: ../../../outputs/parte_2/14_segunda_pasada/figuras/07_
dendrograma_perfiles.png  used on input line 92.
(pdftex.def)             Requested size: 481.15427pt x 295.73975pt.
 [12 <../../../outputs/parte_2/14_segunda_pasada/figuras/06_distancia_jensen_sh
annon_scian3.png>] [13 <../../../outputs/parte_2/14_segunda_pasada/figuras/06_d
istancia_combinada_50_50.png>]
Overfull \hbox (6.1177pt too wide) in paragraph at lines 92--92
\T1/cmr/m/n/7 confeccion:40.6$ $% 
 []


Overfull \hbox (3.10455pt too wide) in paragraph at lines 92--92
\T1/cmr/m/n/7 tintoreria:35.7$ $% 
 []


Overfull \hbox (5.90248pt too wide) in paragraph at lines 92--92
\T1/cmr/m/n/7 lavanderia:35.7$ $%|  
 []


Overfull \hbox (0.87791pt too wide) in paragraph at lines 92--93
\T1/cmr/m/n/7 explicito:14.7pp 
 []


Overfull \hbox (3.71889pt too wide) in paragraph at lines 92--93
\T1/cmr/m/n/7 deshilado:12.1pp 
 []


Overfull \hbox (6.1177pt too wide) in paragraph at lines 93--93
\T1/cmr/m/n/7 confeccion:78.6$ $% 
 []


Overfull \hbox (1.91734pt too wide) in paragraph at lines 93--93
\T1/cmr/m/n/7 lavanderia:7.1$ $%|  
 []


Overfull \hbox (0.87791pt too wide) in paragraph at lines 93--94
\T1/cmr/m/n/7 explicito:40.5pp 
 []


Overfull \hbox (6.1177pt too wide) in paragraph at lines 94--94
\T1/cmr/m/n/7 confeccion:81.2$ $% 
 []


Overfull \hbox (1.62773pt too wide) in paragraph at lines 94--95
\T1/cmr/m/n/7 pantalon:13.8pp 
 []


Overfull \hbox (5.90248pt too wide) in paragraph at lines 95--95
\T1/cmr/m/n/7 lavanderia:41.9$ $% 
 []


Overfull \hbox (3.10455pt too wide) in paragraph at lines 95--95
\T1/cmr/m/n/7 tintoreria:41.9$ $% 
 []


Overfull \hbox (6.1177pt too wide) in paragraph at lines 95--95
\T1/cmr/m/n/7 confeccion:25.8$ $%|  
 []


Overfull \hbox (0.87791pt too wide) in paragraph at lines 95--96
\T1/cmr/m/n/7 explicito:13.1pp 
 []


Overfull \hbox (6.1177pt too wide) in paragraph at lines 96--96
\T1/cmr/m/n/7 confeccion:70.6$ $% 
 []


Overfull \hbox (9.598pt too wide) in paragraph at lines 96--97
[]|\T1/cmr/m/n/7 produccion:29.1pp 
 []


Overfull \hbox (6.1177pt too wide) in paragraph at lines 97--97
\T1/cmr/m/n/7 confeccion:83.9$ $% 
 []


Overfull \hbox (0.87791pt too wide) in paragraph at lines 97--98
\T1/cmr/m/n/7 explicito:32.9pp 
 []


Overfull \hbox (1.62773pt too wide) in paragraph at lines 97--98
\T1/cmr/m/n/7 pantalon:27.4pp|  
 []


Overfull \hbox (6.1177pt too wide) in paragraph at lines 98--98
\T1/cmr/m/n/7 confeccion:76.0$ $% 
 []


Overfull \hbox (0.87791pt too wide) in paragraph at lines 98--99
\T1/cmr/m/n/7 explicito:25.7pp 
 []


Overfull \hbox (6.1177pt too wide) in paragraph at lines 99--99
\T1/cmr/m/n/7 confeccion:76.0$ $% 
 []


Overfull \hbox (9.598pt too wide) in paragraph at lines 99--100
[]|\T1/cmr/m/n/7 produccion:25.6pp 
 []


Overfull \hbox (0.87791pt too wide) in paragraph at lines 99--100
\T1/cmr/m/n/7 explicito:24.7pp 
 []


Overfull \hbox (6.1177pt too wide) in paragraph at lines 100--100
\T1/cmr/m/n/7 confeccion:76.0$ $% 
 []


Overfull \hbox (1.91734pt too wide) in paragraph at lines 100--100
\T1/cmr/m/n/7 lavanderia:7.1$ $%|  
 []


Overfull \hbox (9.598pt too wide) in paragraph at lines 100--101
[]|\T1/cmr/m/n/7 produccion:27.9pp 
 []


Overfull \hbox (0.87791pt too wide) in paragraph at lines 100--101
\T1/cmr/m/n/7 explicito:15.9pp|  
 []


Overfull \hbox (6.1177pt too wide) in paragraph at lines 101--101
\T1/cmr/m/n/7 confeccion:81.2$ $% 
 []


Overfull \hbox (0.87791pt too wide) in paragraph at lines 101--101
\T1/cmr/m/n/7 explicito:23.2pp 
 []

ignored error: Infinite glue shrinkage found in box being split [14 <../../../o
utputs/parte_2/14_segunda_pasada/figuras/07_dendrograma_perfiles.png>]
LaTeX Font Info:    External font `cmex10' loaded for size
(Font)              <9> on input line 108.

Underfull \hbox (badness 10000) in paragraph at lines 108--108
\T1/cmr/m/n/9 es-pe-ra-ble por
 []


Underfull \hbox (badness 3333) in paragraph at lines 108--109
[]|\T1/cmr/m/n/9 Particiones com-ple-tas; glo-bal, no
 []


Underfull \hbox (badness 10000) in paragraph at lines 110--110
[]|\T1/cmr/m/n/9 Estabilidad de
 []


Underfull \hbox (badness 10000) in paragraph at lines 110--110
[]|\T1/cmr/m/n/9 0--1; sen-si-ble
 []


Underfull \hbox (badness 10000) in paragraph at lines 110--110
\T1/cmr/m/n/9 0--.49, es-ta-ble
 []


Underfull \hbox (badness 10000) in paragraph at lines 111--111
[]|\T1/cmr/m/n/9 Probabilidad
 []


Underfull \hbox (badness 10000) in paragraph at lines 111--111
[]|\T1/cmr/m/n/9 0--1; al-
 []


Underfull \hbox (badness 10000) in paragraph at lines 111--111
\T1/cmr/m/n/9 ta=membresía
 []


Underfull \hbox (badness 10000) in paragraph at lines 112--112
[]|\T1/cmr/m/n/9 Persistencia
 []


Underfull \hbox (badness 10000) in paragraph at lines 112--112
\T1/cmr/m/n/9 di-rec-ta-men-te
 []


Underfull \hbox (badness 1242) in paragraph at lines 113--113
[]|\T1/cmr/m/n/9 Etiqueta $\OMS/cmsy/m/n/9 ^^@\OT1/cmr/m/n/9 1$ \T1/cmr/m/n/9 p
a-ra pun-tos no
 []


Underfull \hbox (badness 10000) in paragraph at lines 115--115
\T1/cmr/m/n/9 pun-tos por
 []


Underfull \hbox (badness 10000) in paragraph at lines 116--117
[]|\T1/cmr/m/n/9 Multilabel: co-lum-nas no su-man
 []


Underfull \hbox (badness 10000) in paragraph at lines 118--118
[]|\T1/cmr/m/n/9 Lift $\OML/cmm/m/it/9 > \OT1/cmr/m/n/9 0$\T1/cmr/m/n/9 ;
 []


Underfull \hbox (badness 10000) in paragraph at lines 118--118
\T1/cmr/m/n/9 log2=0 igual-
 []


Underfull \hbox (badness 10000) in paragraph at lines 118--118
\T1/cmr/m/n/9 dad, $\OML/cmm/m/it/9 > \OT1/cmr/m/n/9 0$
 []


Underfull \hbox (badness 10000) in paragraph at lines 118--118
\T1/cmr/m/n/9 sobre-, $\OML/cmm/m/it/9 < \OT1/cmr/m/n/9 0$
 []


Underfull \hbox (badness 10000) in paragraph at lines 118--118
\T1/cmr/m/n/9 su-bre-pre-sen-ta-
 []


Underfull \hbox (badness 10000) in paragraph at lines 119--119
[]|$\OML/cmm/m/it/9 ad=\OT1/cmr/m/n/9 (\OML/cmm/m/it/9 bc\OT1/cmr/m/n/9 )$\T1/c
mr/m/n/9 ; IC con co-rrec-ción
 []


Underfull \hbox (badness 10000) in paragraph at lines 121--121
[]|\T1/cmr/m/n/9 Cosine si-mi-la-
 []


Underfull \hbox (badness 4569) in paragraph at lines 121--121
\T1/cmr/m/n/9 ne-ga-ti-vos, 0--1
 []


Underfull \hbox (badness 10000) in paragraph at lines 122--122
[]|\T1/cmr/m/n/9 Jensen--Shannon
 []


Underfull \hbox (badness 10000) in paragraph at lines 122--122
\T1/cmr/m/n/9 di-ver-gen-
 []


Underfull \hbox (badness 10000) in paragraph at lines 122--122
[]|$\OML/cmm/m/it/9 JSD \OT1/cmr/m/n/9 = []\OML/cmm/m/it/9 KL\OT1/cmr/m/n/9 (\O
ML/cmm/m/it/9 P\OMS/cmsy/m/n/9 k\OML/cmm/m/it/9 M\OT1/cmr/m/n/9 ) +
 []


Underfull \hbox (badness 10000) in paragraph at lines 123--123
[]|\T1/cmr/m/n/9 0--1; ba-
 []


Underfull \hbox (badness 10000) in paragraph at lines 123--123
\T1/cmr/m/n/9 jo=perfiles
 []


Underfull \hbox (badness 10000) in paragraph at lines 124--124
[]|\T1/cmr/m/n/9 Coordenadas
 []


Underfull \hbox (badness 10000) in paragraph at lines 124--124
\T1/cmr/m/n/9 mé-tri-cas
 []


Underfull \hbox (badness 10000) in paragraph at lines 126--126
[]|\T1/cmr/m/n/9 3 re-pe-ti-cio-
 []


Underfull \hbox (badness 10000) in paragraph at lines 126--126
\T1/cmr/m/n/9 nes, se-mi-lla
 []

[15]
ignored error: Infinite glue shrinkage found in box being split [16]
ignored error: Infinite glue shrinkage found in box being split [17]
ignored error: Infinite glue shrinkage found in box being split [18]
ignored error: Infinite glue shrinkage found in box being split [19]
Overfull \hbox (15.95062pt too wide) in paragraph at lines 185--185
[]|\T1/cmr/m/n/7 0.2483790523690773|  
 []


Overfull \hbox (15.95062pt too wide) in paragraph at lines 186--186
[]|\T1/cmr/m/n/7 0.0184538653366583|  
 []


Overfull \hbox (15.95062pt too wide) in paragraph at lines 187--187
[]|\T1/cmr/m/n/7 0.0922693266832917|  
 []


Overfull \hbox (15.95062pt too wide) in paragraph at lines 188--188
[]|\T1/cmr/m/n/7 0.2992518703241895|  
 []


Overfull \hbox (15.95062pt too wide) in paragraph at lines 189--189
[]|\T1/cmr/m/n/7 0.1219451371571072|  
 []


Overfull \hbox (15.95062pt too wide) in paragraph at lines 190--190
[]|\T1/cmr/m/n/7 0.1468827930174563|  
 []


Overfull \hbox (15.95062pt too wide) in paragraph at lines 191--191
[]|\T1/cmr/m/n/7 0.1605985037406483|  
 []


Overfull \hbox (15.95062pt too wide) in paragraph at lines 192--192
[]|\T1/cmr/m/n/7 0.6044887780548629|  
 []


Overfull \hbox (15.95062pt too wide) in paragraph at lines 193--193
[]|\T1/cmr/m/n/7 0.0084788029925187|  
 []


Overfull \hbox (15.95062pt too wide) in paragraph at lines 194--194
[]|\T1/cmr/m/n/7 0.3955112219451371|  
 []


Overfull \hbox (15.95062pt too wide) in paragraph at lines 195--195
[]|\T1/cmr/m/n/7 0.3955112219451371|  
 []


Overfull \hbox (15.95062pt too wide) in paragraph at lines 196--196
[]|\T1/cmr/m/n/7 0.0084788029925187|  
 []


Overfull \hbox (15.95062pt too wide) in paragraph at lines 197--197
[]|\T1/cmr/m/n/7 0.3895261845386533|  
 []


Overfull \hbox (15.95062pt too wide) in paragraph at lines 198--198
[]|\T1/cmr/m/n/7 0.0386533665835411|  
 []


Overfull \hbox (15.95062pt too wide) in paragraph at lines 199--199
[]|\T1/cmr/m/n/7 0.0895261845386533|  
 []


Overfull \hbox (15.95062pt too wide) in paragraph at lines 200--200
[]|\T1/cmr/m/n/7 0.0446384039900249|  
 []


Overfull \hbox (15.95062pt too wide) in paragraph at lines 201--201
[]|\T1/cmr/m/n/7 0.0366583541147132|  
 []


Overfull \hbox (15.95062pt too wide) in paragraph at lines 202--202
[]|\T1/cmr/m/n/7 0.0456359102244389|  
 []

[20]
ignored error: Infinite glue shrinkage found in box being split [21]
ignored error: Infinite glue shrinkage found in box being split [22] [23]
(reporte_tecnico_parte_2.aux
LaTeX Info: Redefining \. on input line 11.
LaTeX Info: Redefining \% on input line 11.
)
 ***********
LaTeX2e <2025-11-01>
L3 programming layer <2025-10-24>
 ***********
Package rerunfilecheck Info: File `reporte_tecnico_parte_2.out' has not changed
.
(rerunfilecheck)             Checksum: 586DCC5BE14260C7A5BC14F840A5204E;5161.
 ) 
Here is how much of TeX's memory you used:
 11536 strings out of 467871
 186346 string characters out of 5418376
 701246 words of memory out of 5000000
 40224 multiletter control sequences out of 15000+600000
 640380 words of font info for 65 fonts, out of 8000000 for 9000
 1141 hyphenation exceptions out of 8191
 75i,8n,79p,2101b,624s stack positions out of 10000i,1000n,20000p,200000b,200000s
 <C:\Users\narro\AppData\Local\MiKTeX\fonts/pk/ljfour/jknappen/ec/dpi600\ectt
0900.pk> <C:\Users\narro\AppData\Local\MiKTeX\fonts/pk/ljfour/jknappen/ec/dpi60
0\ecrm0700.pk> <C:\Users\narro\AppData\Local\MiKTeX\fonts/pk/ljfour/jknappen/ec
/dpi600\ecbx1200.pk> <C:\Users\narro\AppData\Local\MiKTeX\fonts/pk/ljfour/jknap
pen/ec/dpi600\ecti1000.pk> <C:\Users\narro\AppData\Local\MiKTeX\fonts/pk/ljfour
/jknappen/ec/dpi600\ectt1000.pk> <C:\Users\narro\AppData\Local\MiKTeX\fonts/pk/
ljfour/jknappen/ec/dpi600\ecrm1000.pk> <C:\Users\narro\AppData\Local\MiKTeX\fon
ts/pk/ljfour/jknappen/ec/dpi600\ecbx1000.pk> <C:\Users\narro\AppData\Local\MiKT
eX\fonts/pk/ljfour/jknappen/ec/dpi600\ecbx1440.pk> <C:\Users\narro\AppData\Loca
l\MiKTeX\fonts/pk/ljfour/jknappen/ec/dpi600\ecrm0900.pk> <C:\Users\narro\AppDat
a\Local\MiKTeX\fonts/pk/ljfour/jknappen/ec/dpi600\ecbx0900.pk> <C:\Users\narro\
AppData\Local\MiKTeX\fonts/pk/ljfour/jknappen/ec/dpi600\ecrm1200.pk> <C:\Users\
narro\AppData\Local\MiKTeX\fonts/pk/ljfour/jknappen/ec/dpi600\ecrm1728.pk><C:/U
sers/narro/AppData/Local/Programs/MiKTeX/fonts/type1/public/amsfonts/cm/cmex10.
pfb><C:/Users/narro/AppData/Local/Programs/MiKTeX/fonts/type1/public/amsfonts/c
m/cmmi10.pfb><C:/Users/narro/AppData/Local/Programs/MiKTeX/fonts/type1/public/a
msfonts/cm/cmmi6.pfb><C:/Users/narro/AppData/Local/Programs/MiKTeX/fonts/type1/
public/amsfonts/cm/cmmi7.pfb><C:/Users/narro/AppData/Local/Programs/MiKTeX/font
s/type1/public/amsfonts/cm/cmmi9.pfb><C:/Users/narro/AppData/Local/Programs/MiK
TeX/fonts/type1/public/amsfonts/cm/cmr10.pfb><C:/Users/narro/AppData/Local/Prog
rams/MiKTeX/fonts/type1/public/amsfonts/cm/cmr6.pfb><C:/Users/narro/AppData/Loc
al/Programs/MiKTeX/fonts/type1/public/amsfonts/cm/cmr7.pfb><C:/Users/narro/AppD
ata/Local/Programs/MiKTeX/fonts/type1/public/amsfonts/cm/cmr9.pfb><C:/Users/nar
ro/AppData/Local/Programs/MiKTeX/fonts/type1/public/amsfonts/cm/cmsy10.pfb><C:/
Users/narro/AppData/Local/Programs/MiKTeX/fonts/type1/public/amsfonts/cm/cmsy9.
pfb>
Output written on reporte_tecnico_parte_2.pdf (23 pages, 2111979 bytes).
PDF statistics:
 859 PDF objects out of 1000 (max. 8388607)
 58 named destinations out of 1000 (max. 500000)
 235 words of extra memory for PDF output out of 10000 (max. 10000000)

