\BOOKMARK [1][-]{section.1}{\376\377\000C\000o\000n\000t\000r\000o\000l\000\040\000d\000o\000c\000u\000m\000e\000n\000t\000a\000l\000\040\000y\000\040\000t\000r\000a\000z\000a\000b\000i\000l\000i\000d\000a\000d\000\040\000d\000e\000\040\000v\000e\000r\000s\000i\000o\000n\000e\000s}{}% 1
\BOOKMARK [2][-]{subsection.1.1}{\376\377\000F\000i\000c\000h\000a\000\040\000d\000e\000\040\000c\000o\000n\000t\000r\000o\000l}{section.1}% 2
\BOOKMARK [1][-]{section.2}{\376\377\000R\000e\000s\000u\000m\000e\000n\000\040\000e\000j\000e\000c\000u\000t\000i\000v\000o}{}% 3
\BOOKMARK [1][-]{section.3}{\376\377\000C\000o\000n\000t\000e\000x\000t\000o\000\040\000d\000e\000\040\000d\000e\000c\000i\000s\000i\000o\000n\000,\000\040\000p\000r\000o\000p\000o\000s\000i\000t\000o\000\040\000y\000\040\000a\000l\000c\000a\000n\000c\000e}{}% 4
\BOOKMARK [2][-]{subsection.3.1}{\376\377\000P\000r\000o\000b\000l\000e\000m\000a\000\040\000d\000e\000\040\000d\000e\000c\000i\000s\000i\000o\000n}{section.3}% 5
\BOOKMARK [2][-]{subsection.3.2}{\376\377\000O\000b\000j\000e\000t\000i\000v\000o\000\040\000g\000e\000n\000e\000r\000a\000l}{section.3}% 6
\BOOKMARK [2][-]{subsection.3.3}{\376\377\000O\000b\000j\000e\000t\000i\000v\000o\000s\000\040\000e\000s\000p\000e\000c\000i\000f\000i\000c\000o\000s}{section.3}% 7
\BOOKMARK [2][-]{subsection.3.4}{\376\377\000A\000l\000c\000a\000n\000c\000e\000\040\000y\000\040\000e\000x\000c\000l\000u\000s\000i\000o\000n\000e\000s}{section.3}% 8
\BOOKMARK [1][-]{section.4}{\376\377\000A\000n\000t\000e\000c\000e\000d\000e\000n\000t\000e\000s\000\040\000a\000m\000b\000i\000e\000n\000t\000a\000l\000e\000s\000\040\000y\000\040\000t\000e\000r\000r\000i\000t\000o\000r\000i\000a\000l\000e\000s}{}% 9
\BOOKMARK [1][-]{section.5}{\376\377\000A\000r\000e\000a\000\040\000d\000e\000\040\000e\000s\000t\000u\000d\000i\000o\000\040\000y\000\040\000u\000n\000i\000d\000a\000d\000e\000s\000\040\000t\000e\000r\000r\000i\000t\000o\000r\000i\000a\000l\000e\000s}{}% 10
\BOOKMARK [2][-]{subsection.5.1}{\376\377\000D\000e\000l\000i\000m\000i\000t\000a\000c\000i\000o\000n\000\040\000d\000e\000\040\000l\000a\000\040\000c\000u\000e\000n\000c\000a}{section.5}% 11
\BOOKMARK [2][-]{subsection.5.2}{\376\377\000R\000e\000d\000\040\000h\000i\000d\000r\000o\000g\000r\000a\000f\000i\000c\000a\000\040\000y\000\040\000c\000o\000n\000t\000e\000x\000t\000o\000\040\000t\000e\000r\000r\000i\000t\000o\000r\000i\000a\000l}{section.5}% 12
\BOOKMARK [2][-]{subsection.5.3}{\376\377\000S\000i\000s\000t\000e\000m\000a\000s\000\040\000d\000e\000\040\000r\000e\000f\000e\000r\000e\000n\000c\000i\000a}{section.5}% 13
\BOOKMARK [1][-]{section.6}{\376\377\000F\000u\000e\000n\000t\000e\000s\000\040\000d\000e\000\040\000d\000a\000t\000o\000s\000\040\000y\000\040\000g\000o\000b\000i\000e\000r\000n\000o\000\040\000d\000e\000\040\000i\000n\000f\000o\000r\000m\000a\000c\000i\000o\000n}{}% 14
\BOOKMARK [2][-]{subsection.6.1}{\376\377\000I\000n\000v\000e\000n\000t\000a\000r\000i\000o\000\040\000m\000a\000e\000s\000t\000r\000o\000\040\000d\000e\000\040\000f\000u\000e\000n\000t\000e\000s}{section.6}% 15
\BOOKMARK [1][-]{section.7}{\376\377\000C\000o\000n\000s\000t\000r\000u\000c\000c\000i\000o\000n\000\040\000d\000e\000l\000\040\000u\000n\000i\000v\000e\000r\000s\000o\000\040\000e\000c\000o\000n\000o\000m\000i\000c\000o}{}% 16
\BOOKMARK [2][-]{subsection.7.1}{\376\377\000U\000n\000i\000v\000e\000r\000s\000o\000\040\000d\000e\000\040\000p\000a\000r\000t\000i\000d\000a}{section.7}% 17
\BOOKMARK [2][-]{subsection.7.2}{\376\377\000F\000i\000l\000t\000r\000o\000\040\000S\000C\000I\000A\000N}{section.7}% 18
\BOOKMARK [2][-]{subsection.7.3}{\376\377\000F\000i\000l\000t\000r\000o\000\040\000t\000e\000x\000t\000u\000a\000l\000\040\000y\000\040\000d\000i\000c\000c\000i\000o\000n\000a\000r\000i\000o\000s}{section.7}% 19
\BOOKMARK [2][-]{subsection.7.4}{\376\377\000S\000e\000p\000a\000r\000a\000c\000i\000o\000n\000\040\000e\000n\000t\000r\000e\000\040\000s\000e\000c\000t\000o\000r\000\040\000t\000e\000x\000t\000i\000l\000\040\000y\000\040\000e\000v\000i\000d\000e\000n\000c\000i\000a\000\040\000d\000e\000\040\000p\000r\000o\000c\000e\000s\000o\000\040\000h\000u\000m\000e\000d\000o}{section.7}% 20
\BOOKMARK [2][-]{subsection.7.5}{\376\377\000R\000e\000g\000l\000a\000s\000\040\000d\000e\000\040\000i\000n\000c\000l\000u\000s\000i\000o\000n\000/\000e\000x\000c\000l\000u\000s\000i\000o\000n}{section.7}% 21
\BOOKMARK [1][-]{section.8}{\376\377\000A\000u\000d\000i\000t\000o\000r\000i\000a\000\040\000m\000a\000n\000u\000a\000l\000\040\000y\000\040\000e\000v\000i\000d\000e\000n\000c\000i\000a\000\040\000e\000x\000t\000e\000r\000n\000a}{}% 22
\BOOKMARK [2][-]{subsection.8.1}{\376\377\000P\000r\000o\000t\000o\000c\000o\000l\000o\000\040\000d\000e\000\040\000r\000e\000v\000i\000s\000i\000o\000n}{section.8}% 23
\BOOKMARK [1][-]{section.9}{\376\377\000I\000n\000t\000e\000g\000r\000a\000c\000i\000o\000n\000\040\000d\000e\000\040\000f\000u\000e\000n\000t\000e\000s\000\040\000c\000o\000m\000p\000l\000e\000m\000e\000n\000t\000a\000r\000i\000a\000s\000\040\000y\000\040\000c\000o\000m\000p\000a\000r\000a\000c\000i\000o\000n\000\040\000h\000i\000s\000t\000o\000r\000i\000c\000a}{}% 24
\BOOKMARK [2][-]{subsection.9.1}{\376\377\000I\000n\000t\000e\000g\000r\000a\000c\000i\000o\000n\000\040\000M\000H}{section.9}% 25
\BOOKMARK [2][-]{subsection.9.2}{\376\377\000U\000n\000i\000v\000e\000r\000s\000o\000s\000\040\000l\000e\000g\000a\000c\000y}{section.9}% 26
\BOOKMARK [1][-]{section.10}{\376\377\000M\000o\000d\000a\000l\000i\000d\000a\000d\000e\000s\000\040\000a\000n\000a\000l\000i\000t\000i\000c\000a\000s\000\040\000d\000e\000\040\000l\000a\000\040\000p\000r\000i\000m\000e\000r\000a\000\040\000f\000a\000s\000e}{}% 27
\BOOKMARK [1][-]{section.11}{\376\377\000A\000n\000a\000l\000i\000s\000i\000s\000\040\000e\000s\000p\000a\000c\000i\000a\000l\000\040\000d\000e\000s\000c\000r\000i\000p\000t\000i\000v\000o\000\040\000d\000e\000\040\000u\000n\000i\000d\000a\000d\000e\000s\000\040\000e\000c\000o\000n\000o\000m\000i\000c\000a\000s}{}% 28
\BOOKMARK [2][-]{subsection.11.1}{\376\377\000D\000i\000s\000t\000r\000i\000b\000u\000c\000i\000o\000n\000\040\000t\000e\000r\000r\000i\000t\000o\000r\000i\000a\000l}{section.11}% 29
\BOOKMARK [2][-]{subsection.11.2}{\376\377\000D\000i\000s\000t\000a\000n\000c\000i\000a\000\040\000a\000\040\000h\000i\000d\000r\000o\000g\000r\000a\000f\000i\000a}{section.11}% 30
\BOOKMARK [1][-]{section.12}{\376\377\000D\000i\000a\000g\000n\000o\000s\000t\000i\000c\000o\000\040\000p\000r\000e\000v\000i\000o\000\040\000d\000e\000\040\000e\000s\000t\000r\000u\000c\000t\000u\000r\000a\000\040\000e\000s\000p\000a\000c\000i\000a\000l}{}% 31
\BOOKMARK [1][-]{section.13}{\376\377\000C\000l\000u\000s\000t\000e\000r\000i\000n\000g\000\040\000e\000s\000p\000a\000c\000i\000a\000l\000:\000\040\000d\000i\000s\000e\000\361\000o\000\040\000d\000e\000\040\000e\000x\000p\000e\000r\000i\000m\000e\000n\000t\000o\000s}{}% 32
\BOOKMARK [2][-]{subsection.13.1}{\376\377\000U\000n\000i\000v\000e\000r\000s\000o\000\040\000d\000e\000\040\000d\000e\000t\000e\000c\000c\000i\000o\000n\000\040\000v\000s\000.\000\040\000u\000n\000i\000v\000e\000r\000s\000o\000\040\000d\000e\000\040\000i\000n\000t\000e\000r\000p\000r\000e\000t\000a\000c\000i\000o\000n}{section.13}% 33
\BOOKMARK [2][-]{subsection.13.2}{\376\377\000A\000l\000g\000o\000r\000i\000t\000m\000o\000s\000\040\000e\000v\000a\000l\000u\000a\000d\000o\000s}{section.13}% 34
\BOOKMARK [1][-]{section.14}{\376\377\000S\000e\000l\000e\000c\000c\000i\000o\000n\000\040\000d\000e\000\040\000l\000a\000\040\000s\000o\000l\000u\000c\000i\000o\000n\000\040\000e\000s\000p\000a\000c\000i\000a\000l\000\040\000y\000\040\000r\000o\000b\000u\000s\000t\000e\000z}{}% 35
\BOOKMARK [2][-]{subsection.14.1}{\376\377\000C\000r\000i\000t\000e\000r\000i\000o\000s\000\040\000d\000e\000\040\000s\000e\000l\000e\000c\000c\000i\000o\000n}{section.14}% 36
\BOOKMARK [2][-]{subsection.14.2}{\376\377\000G\000l\000o\000s\000a\000r\000i\000o\000\040\000m\000i\000n\000i\000m\000o\000\040\000d\000e\000\040\000m\000e\000t\000r\000i\000c\000a\000s}{section.14}% 37
\BOOKMARK [1][-]{section.15}{\376\377\000M\000a\000t\000e\000r\000i\000a\000l\000i\000z\000a\000c\000i\000o\000n\000\040\000d\000e\000\040\000c\000l\000u\000s\000t\000e\000r\000s\000,\000\040\000b\000o\000r\000d\000e\000\040\000y\000\040\000r\000u\000i\000d\000o}{}% 38
\BOOKMARK [1][-]{section.16}{\376\377\000P\000e\000r\000f\000i\000l\000\040\000e\000c\000o\000n\000o\000m\000i\000c\000o\000\040\000y\000\040\000p\000r\000o\000d\000u\000c\000t\000i\000v\000o\000\040\000p\000o\000s\000t\000e\000r\000i\000o\000r\000\040\000a\000l\000\040\000c\000l\000u\000s\000t\000e\000r\000i\000n\000g}{}% 39
\BOOKMARK [1][-]{section.17}{\376\377\000S\000o\000b\000r\000e\000r\000r\000e\000p\000r\000e\000s\000e\000n\000t\000a\000c\000i\000o\000n\000\040\000d\000e\000\040\000s\000e\000\361\000a\000l\000e\000s}{}% 40
\BOOKMARK [2][-]{subsection.17.1}{\376\377\000B\000a\000s\000e\000\040\000c\000o\000m\000p\000a\000r\000a\000t\000i\000v\000a}{section.17}% 41
\BOOKMARK [1][-]{section.18}{\376\377\000S\000i\000m\000i\000l\000i\000t\000u\000d\000\040\000e\000n\000t\000r\000e\000\040\000c\000l\000u\000s\000t\000e\000r\000s\000\040\000y\000\040\000t\000i\000p\000o\000l\000o\000g\000i\000a\000s\000\040\000p\000r\000o\000d\000u\000c\000t\000i\000v\000a\000s}{}% 42
\BOOKMARK [1][-]{section.19}{\376\377\000M\000e\000g\000a\000-\000c\000l\000u\000s\000t\000e\000r\000\040\000y\000\040\000s\000u\000b\000n\000u\000c\000l\000e\000o\000s\000\040\000e\000x\000p\000l\000o\000r\000a\000t\000o\000r\000i\000o\000s}{}% 43
\BOOKMARK [1][-]{section.20}{\376\377\000R\000e\000s\000u\000l\000t\000a\000d\000o\000s\000\040\000p\000r\000i\000n\000c\000i\000p\000a\000l\000e\000s\000\040\000p\000o\000r\000\040\000t\000e\000r\000r\000i\000t\000o\000r\000i\000o}{}% 44
\BOOKMARK [2][-]{subsection.20.1}{\376\377\000R\000e\000s\000u\000l\000t\000a\000d\000o\000s\000\040\000a\000\040\000e\000s\000c\000a\000l\000a\000\040\000d\000e\000\040\000c\000u\000e\000n\000c\000a}{section.20}% 45
\BOOKMARK [2][-]{subsection.20.2}{\376\377\000R\000e\000s\000u\000l\000t\000a\000d\000o\000s\000\040\000p\000o\000r\000\040\000m\000u\000n\000i\000c\000i\000p\000i\000o}{section.20}% 46
\BOOKMARK [2][-]{subsection.20.3}{\376\377\000R\000e\000s\000u\000l\000t\000a\000d\000o\000s\000\040\000p\000o\000r\000\040\000l\000o\000c\000a\000l\000i\000d\000a\000d\000/\000c\000o\000r\000r\000e\000d\000o\000r}{section.20}% 47
\BOOKMARK [2][-]{subsection.20.4}{\376\377\000H\000u\000e\000j\000o\000t\000z\000i\000n\000g\000o\000\040\000y\000\040\000S\000a\000n\000t\000a\000\040\000A\000n\000a\000\040\000X\000a\000l\000m\000i\000m\000i\000l\000u\000l\000c\000o}{section.20}% 48
\BOOKMARK [1][-]{section.21}{\376\377\000D\000e\000\040\000d\000i\000a\000g\000n\000o\000s\000t\000i\000c\000o\000\040\000e\000c\000o\000n\000o\000m\000i\000c\000o\000\040\000a\000\040\000p\000r\000i\000o\000r\000i\000z\000a\000c\000i\000o\000n\000\040\000p\000r\000e\000l\000i\000m\000i\000n\000a\000r\000\040\000d\000e\000\040\000c\000o\000l\000e\000c\000t\000o\000r\000e\000s}{}% 49
\BOOKMARK [2][-]{subsection.21.1}{\376\377\000L\000o\000\040\000q\000u\000e\000\040\000e\000s\000t\000e\000\040\000a\000n\000a\000l\000i\000s\000i\000s\000\040\000s\000i\000\040\000p\000u\000e\000d\000e\000\040\000a\000p\000o\000r\000t\000a\000r}{section.21}% 50
\BOOKMARK [2][-]{subsection.21.2}{\376\377\000L\000o\000\040\000q\000u\000e\000\040\000f\000a\000l\000t\000a\000\040\000a\000n\000t\000e\000s\000\040\000d\000e\000\040\000j\000u\000s\000t\000i\000f\000i\000c\000a\000r\000\040\000i\000n\000v\000e\000r\000s\000i\000o\000n}{section.21}% 51
\BOOKMARK [2][-]{subsection.21.3}{\376\377\000M\000a\000t\000r\000i\000z\000\040\000d\000e\000\040\000p\000r\000i\000o\000r\000i\000z\000a\000c\000i\000o\000n\000\040\000d\000e\000\040\000s\000i\000g\000u\000i\000e\000n\000t\000e\000\040\000e\000t\000a\000p\000a}{section.21}% 52
\BOOKMARK [1][-]{section.22}{\376\377\000M\000a\000r\000c\000o\000\040\000d\000e\000\040\000p\000r\000i\000o\000r\000i\000z\000a\000c\000i\000o\000n\000\040\000m\000u\000l\000t\000i\000c\000r\000i\000t\000e\000r\000i\000o\000:\000\040\000p\000r\000o\000p\000u\000e\000s\000t\000a\000\040\000p\000a\000r\000a\000\040\000e\000t\000a\000p\000a\000\040\000p\000o\000s\000t\000e\000r\000i\000o\000r}{}% 53
\BOOKMARK [1][-]{section.23}{\376\377\000V\000a\000l\000i\000d\000a\000c\000i\000o\000n\000,\000\040\000c\000o\000n\000t\000r\000o\000l\000\040\000d\000e\000\040\000c\000a\000l\000i\000d\000a\000d\000\040\000y\000\040\000p\000r\000u\000e\000b\000a\000s\000\040\000d\000e\000\040\000i\000n\000t\000e\000g\000r\000i\000d\000a\000d}{}% 54
\BOOKMARK [1][-]{section.24}{\376\377\000I\000n\000c\000e\000r\000t\000i\000d\000u\000m\000b\000r\000e\000,\000\040\000s\000e\000s\000g\000o\000s\000\040\000y\000\040\000l\000i\000m\000i\000t\000a\000c\000i\000o\000n\000e\000s}{}% 55
\BOOKMARK [2][-]{subsection.24.1}{\376\377\000R\000e\000g\000i\000s\000t\000r\000o\000\040\000d\000e\000\040\000i\000n\000c\000e\000r\000t\000i\000d\000u\000m\000b\000r\000e\000s}{section.24}% 56
\BOOKMARK [1][-]{section.25}{\376\377\000R\000e\000p\000r\000o\000d\000u\000c\000i\000b\000i\000l\000i\000d\000a\000d\000\040\000c\000o\000m\000p\000u\000t\000a\000c\000i\000o\000n\000a\000l}{}% 57
\BOOKMARK [2][-]{subsection.25.1}{\376\377\000E\000s\000t\000r\000u\000c\000t\000u\000r\000a\000\040\000d\000e\000l\000\040\000p\000i\000p\000e\000l\000i\000n\000e}{section.25}% 58
\BOOKMARK [2][-]{subsection.25.2}{\376\377\000O\000r\000d\000e\000n\000\040\000d\000e\000\040\000e\000j\000e\000c\000u\000c\000i\000o\000n}{section.25}% 59
\BOOKMARK [2][-]{subsection.25.3}{\376\377\000E\000n\000t\000o\000r\000n\000o}{section.25}% 60
\BOOKMARK [1][-]{section.26}{\376\377\000M\000a\000t\000r\000i\000z\000\040\000m\000a\000e\000s\000t\000r\000a\000\040\000d\000e\000\040\000t\000r\000a\000z\000a\000b\000i\000l\000i\000d\000a\000d\000\040\000d\000e\000\040\000a\000f\000i\000r\000m\000a\000c\000i\000o\000n\000e\000s}{}% 61
\BOOKMARK [1][-]{section.27}{\376\377\000C\000o\000n\000c\000l\000u\000s\000i\000o\000n\000e\000s}{}% 62
\BOOKMARK [1][-]{section.28}{\376\377\000P\000l\000a\000n\000\040\000d\000e\000\040\000s\000i\000g\000u\000i\000e\000n\000t\000e\000s\000\040\000p\000a\000s\000o\000s}{}% 63
\BOOKMARK [1][-]{appendix.Alph1}{\376\377\000A\000n\000e\000x\000o\000\040\000A\000.\000\040\000I\000n\000v\000e\000n\000t\000a\000r\000i\000o\000\040\000d\000e\000\040\000s\000c\000r\000i\000p\000t\000s\000\040\000y\000\040\000p\000r\000o\000d\000u\000c\000t\000o\000s}{}% 64
\BOOKMARK [1][-]{appendix.Alph2}{\376\377\000A\000n\000e\000x\000o\000\040\000B\000.\000\040\000D\000i\000c\000c\000i\000o\000n\000a\000r\000i\000o\000\040\000d\000e\000\040\000d\000a\000t\000o\000s\000\040\000d\000e\000\040\000l\000a\000\040\000m\000a\000t\000r\000i\000z\000\040\000m\000a\000e\000s\000t\000r\000a}{}% 65
\BOOKMARK [1][-]{appendix.Alph3}{\376\377\000A\000n\000e\000x\000o\000\040\000C\000.\000\040\000D\000i\000c\000c\000i\000o\000n\000a\000r\000i\000o\000s\000\040\000S\000C\000I\000A\000N\000\040\000y\000\040\000t\000e\000x\000t\000o}{}% 66
\BOOKMARK [1][-]{appendix.Alph4}{\376\377\000A\000n\000e\000x\000o\000\040\000D\000.\000\040\000B\000i\000t\000a\000c\000o\000r\000a\000\040\000d\000e\000\040\000a\000u\000d\000i\000t\000o\000r\000i\000a\000\040\000m\000a\000n\000u\000a\000l}{}% 67
\BOOKMARK [1][-]{appendix.Alph5}{\376\377\000A\000n\000e\000x\000o\000\040\000E\000.\000\040\000C\000a\000t\000a\000l\000o\000g\000o\000\040\000d\000e\000\040\000f\000i\000g\000u\000r\000a\000s\000,\000\040\000m\000a\000p\000a\000s\000\040\000y\000\040\000t\000a\000b\000l\000a\000s}{}% 68
\BOOKMARK [1][-]{appendix.Alph6}{\376\377\000A\000n\000e\000x\000o\000\040\000F\000.\000\040\000G\000l\000o\000s\000a\000r\000i\000o\000\040\000m\000e\000t\000o\000d\000o\000l\000o\000g\000i\000c\000o}{}% 69
\BOOKMARK [1][-]{appendix.Alph7}{\376\377\000A\000n\000e\000x\000o\000\040\000G\000.\000\040\000R\000e\000g\000i\000s\000t\000r\000o\000\040\000d\000e\000\040\000d\000e\000c\000i\000s\000i\000o\000n\000e\000s\000\040\000m\000e\000t\000o\000d\000o\000l\000o\000g\000i\000c\000a\000s}{}% 70
\BOOKMARK [1][-]{appendix.Alph8}{\376\377\000A\000n\000e\000x\000o\000\040\000H\000.\000\040\000R\000e\000g\000i\000s\000t\000r\000o\000\040\000d\000e\000\040\000c\000a\000m\000b\000i\000o\000s}{}% 71
\BOOKMARK [1][-]{appendix.Alph9}{\376\377\000A\000n\000e\000x\000o\000\040\000I\000.\000\040\000C\000h\000e\000c\000k\000l\000i\000s\000t\000\040\000p\000r\000e\000v\000i\000o\000\040\000a\000\040\000p\000u\000b\000l\000i\000c\000a\000c\000i\000o\000n}{}% 72
\BOOKMARK [1][-]{appendix.Alph10}{\376\377\000A\000n\000e\000x\000o\000\040\000J\000.\000\040\000F\000u\000e\000n\000t\000e\000s\000\040\000y\000\040\000a\000n\000t\000e\000c\000e\000d\000e\000n\000t\000e\000s\000\040\000a\000\040\000i\000n\000c\000o\000r\000p\000o\000r\000a\000r}{}% 73
