This is pdfTeX, Version 3.141592653-2.6-1.40.27 (MiKTeX 25.4) (preloaded format=pdflatex 2026.2.25)  24 SEP 2026 15:28
entering extended mode
 restricted \write18 enabled.
 %&-line parsing enabled.
**./reporte_compelto.tex
(reporte_compelto.tex
LaTeX2e <2025-11-01>
L3 programming layer <2025-10-24>
(C:\Users\narro\AppData\Local\Programs\MiKTeX\tex/latex/base\article.cls
Document Class: article 2025/01/22 v1.4n Standard LaTeX document class
(C:\Users\narro\AppData\Local\Programs\MiKTeX\tex/latex/base\size11.clo
File: size11.clo 2025/01/22 v1.4n Standard LaTeX file (size option)
)
\c@part=\count275
\c@section=\count276
\c@subsection=\count277
\c@subsubsection=\count278
\c@paragraph=\count279
\c@subparagraph=\count280
\c@figure=\count281
\c@table=\count282
\abovecaptionskip=\skip49
\belowcaptionskip=\skip50
\bibindent=\dimen148
)
(C:\Users\narro\AppData\Local\Programs\MiKTeX\tex/latex/base\inputenc.sty
Package: inputenc 2024/02/08 v1.3d Input encoding file
\inpenc@prehook=\toks17
\inpenc@posthook=\toks18
)
(C:\Users\narro\AppData\Local\Programs\MiKTeX\tex/latex/base\fontenc.sty
Package: fontenc 2025/07/18 v2.1d Standard LaTeX package
)
(C:\Users\narro\AppData\Local\Programs\MiKTeX\tex/generic/babel\babel.sty
Package: babel 2025/10/22 v25.14 The multilingual framework for LuaLaTeX, pdfLa
TeX and XeLaTeX
\babel@savecnt=\count283
LaTeX Encoding Info:    Redeclaring text command \ij (encoding OT1) on input li
ne 2050.
LaTeX Encoding Info:    Redeclaring text command \IJ (encoding OT1) on input li
ne 2052.
LaTeX Encoding Info:    Redeclaring text command \ij (encoding T1) on input lin
e 2054.
LaTeX Encoding Info:    Redeclaring text command \IJ (encoding T1) on input lin
e 2055.
LaTeX Encoding Info:    Ignoring declaration for text command \ij (encoding ?) 
on input line 2056.
LaTeX Encoding Info:    Ignoring declaration for text command \IJ (encoding ?) 
on input line 2058.
LaTeX Encoding Info:    Ignoring declaration for text command \SS (encoding ?) 
on input line 2083.
\U@D=\dimen149
\l@unhyphenated=\language79

(C:\Users\narro\AppData\Local\Programs\MiKTeX\tex/generic/babel\txtbabel.def)
\bbl@readstream=\read2
\bbl@dirlevel=\count284


Package babel Warning: Configuration files are deprecated, as
(babel)                they can break document portability.
(babel)                Reported on input line 4172.

*************************************
* Local config file bblopts.cfg used
*
(C:\Users\narro\AppData\Local\Programs\MiKTeX\tex/latex/arabi\bblopts.cfg
File: bblopts.cfg 2005/09/08 v0.1 add Arabic and Farsi to "declared" options of
 babel
)
(C:\Users\narro\AppData\Local\Programs\MiKTeX\tex/generic/babel/locale/es\babel
-spanish.tex)
Package babel Info: Importing font and identification data for spanish
(babel)             from babel-es.ini. Reported on input line 4295.

(C:\Users\narro\AppData\Local\Programs\MiKTeX\tex/latex/babel-spanish\spanish.l
df
Language: spanish.ldf 2021/05/27 v5.0q Spanish support from the babel system
\es@quottoks=\toks19
\es@quotdepth=\count285
Package babel Info: Making " an active character on input line 570.
Package babel Info: Making < an active character on input line 722.
Package babel Info: Making > an active character on input line 722.
))
LaTeX Encoding Info:    Redeclaring text command \guillemotleft (encoding OT1) 
on input line 9.
LaTeX Encoding Info:    Redeclaring text command \guillemotright (encoding OT1)
 on input line 9.
 (C:\Users\narro\AppData\Local\Programs\MiKTeX\tex/latex/lm\lmodern.sty
Package: lmodern 2015/05/01 v1.6.1 Latin Modern Fonts
LaTeX Font Info:    Overwriting symbol font `operators' in version `normal'
(Font)                  OT1/cmr/m/n --> OT1/lmr/m/n on input line 22.
LaTeX Font Info:    Overwriting symbol font `letters' in version `normal'
(Font)                  OML/cmm/m/it --> OML/lmm/m/it on input line 23.
LaTeX Font Info:    Overwriting symbol font `symbols' in version `normal'
(Font)                  OMS/cmsy/m/n --> OMS/lmsy/m/n on input line 24.
LaTeX Font Info:    Overwriting symbol font `largesymbols' in version `normal'
(Font)                  OMX/cmex/m/n --> OMX/lmex/m/n on input line 25.
LaTeX Font Info:    Overwriting symbol font `operators' in version `bold'
(Font)                  OT1/cmr/bx/n --> OT1/lmr/bx/n on input line 26.
LaTeX Font Info:    Overwriting symbol font `letters' in version `bold'
(Font)                  OML/cmm/b/it --> OML/lmm/b/it on input line 27.
LaTeX Font Info:    Overwriting symbol font `symbols' in version `bold'
(Font)                  OMS/cmsy/b/n --> OMS/lmsy/b/n on input line 28.
LaTeX Font Info:    Overwriting symbol font `largesymbols' in version `bold'
(Font)                  OMX/cmex/m/n --> OMX/lmex/m/n on input line 29.
LaTeX Font Info:    Overwriting math alphabet `\mathbf' in version `normal'
(Font)                  OT1/cmr/bx/n --> OT1/lmr/bx/n on input line 31.
LaTeX Font Info:    Overwriting math alphabet `\mathsf' in version `normal'
(Font)                  OT1/cmss/m/n --> OT1/lmss/m/n on input line 32.
LaTeX Font Info:    Overwriting math alphabet `\mathit' in version `normal'
(Font)                  OT1/cmr/m/it --> OT1/lmr/m/it on input line 33.
LaTeX Font Info:    Overwriting math alphabet `\mathtt' in version `normal'
(Font)                  OT1/cmtt/m/n --> OT1/lmtt/m/n on input line 34.
LaTeX Font Info:    Overwriting math alphabet `\mathbf' in version `bold'
(Font)                  OT1/cmr/bx/n --> OT1/lmr/bx/n on input line 35.
LaTeX Font Info:    Overwriting math alphabet `\mathsf' in version `bold'
(Font)                  OT1/cmss/bx/n --> OT1/lmss/bx/n on input line 36.
LaTeX Font Info:    Overwriting math alphabet `\mathit' in version `bold'
(Font)                  OT1/cmr/bx/it --> OT1/lmr/bx/it on input line 37.
LaTeX Font Info:    Overwriting math alphabet `\mathtt' in version `bold'
(Font)                  OT1/cmtt/m/n --> OT1/lmtt/m/n on input line 38.
)
(C:\Users\narro\AppData\Local\Programs\MiKTeX\tex/latex/microtype\microtype.sty
Package: microtype 2025/07/09 v3.2b Micro-typographical refinements (RS)
(C:\Users\narro\AppData\Local\Programs\MiKTeX\tex/latex/graphics\keyval.sty
Package: keyval 2022/05/29 v1.15 key=value parser (DPC)
\KV@toks@=\toks20
)
(C:\Users\narro\AppData\Local\Programs\MiKTeX\tex/latex/etoolbox\etoolbox.sty
Package: etoolbox 2025/10/02 v2.5m e-TeX tools for LaTeX (JAW)
\etb@tempcnta=\count286
)
\MT@toks=\toks21
\MT@tempbox=\box53
\MT@count=\count287
LaTeX Info: Redefining \noprotrusionifhmode on input line 1087.
LaTeX Info: Redefining \leftprotrusion on input line 1088.
\MT@prot@toks=\toks22
LaTeX Info: Redefining \rightprotrusion on input line 1107.
LaTeX Info: Redefining \textls on input line 1449.
\MT@outer@kern=\dimen150
LaTeX Info: Redefining \microtypecontext on input line 2053.
LaTeX Info: Redefining \textmicrotypecontext on input line 2070.
\MT@listname@count=\count288

(C:\Users\narro\AppData\Local\Programs\MiKTeX\tex/latex/microtype\microtype-pdf
tex.def
File: microtype-pdftex.def 2025/07/09 v3.2b Definitions specific to pdftex (RS)

LaTeX Info: Redefining \lsstyle on input line 944.
LaTeX Info: Redefining \lslig on input line 944.
\MT@outer@space=\skip51
)
Package microtype Info: Loading configuration file microtype.cfg.

(C:\Users\narro\AppData\Local\Programs\MiKTeX\tex/latex/microtype\microtype.cfg
File: microtype.cfg 2025/07/09 v3.2b microtype main configuration file (RS)
)
LaTeX Info: Redefining \microtypesetup on input line 3065.
)
(C:\Users\narro\AppData\Local\Programs\MiKTeX\tex/latex/geometry\geometry.sty
Package: geometry 2020/01/02 v5.9 Page Geometry

(C:\Users\narro\AppData\Local\Programs\MiKTeX\tex/generic/iftex\ifvtex.sty
Package: ifvtex 2019/10/25 v1.7 ifvtex legacy package. Use iftex instead.

(C:\Users\narro\AppData\Local\Programs\MiKTeX\tex/generic/iftex\iftex.sty
Package: iftex 2024/12/12 v1.0g TeX engine tests
))
\Gm@cnth=\count289
\Gm@cntv=\count290
\c@Gm@tempcnt=\count291
\Gm@bindingoffset=\dimen151
\Gm@wd@mp=\dimen152
\Gm@odd@mp=\dimen153
\Gm@even@mp=\dimen154
\Gm@layoutwidth=\dimen155
\Gm@layoutheight=\dimen156
\Gm@layouthoffset=\dimen157
\Gm@layoutvoffset=\dimen158
\Gm@dimlist=\toks23

(C:\Users\narro\AppData\Local\Programs\MiKTeX\tex/latex/geometry\geometry.cfg))
(C:\Users\narro\AppData\Local\Programs\MiKTeX\tex/latex/xcolor\xcolor.sty
Package: xcolor 2024/09/29 v3.02 LaTeX color extensions (UK)

(C:\Users\narro\AppData\Local\Programs\MiKTeX\tex/latex/graphics-cfg\color.cfg
File: color.cfg 2016/01/02 v1.6 sample color configuration
)
Package xcolor Info: Driver file: pdftex.def on input line 274.

(C:\Users\narro\AppData\Local\Programs\MiKTeX\tex/latex/graphics-def\pdftex.def
File: pdftex.def 2025/09/29 v1.2d Graphics/color driver for pdftex
)
(C:\Users\narro\AppData\Local\Programs\MiKTeX\tex/latex/graphics\mathcolor.ltx)
Package xcolor Info: Model `cmy' substituted by `cmy0' on input line 1349.
Package xcolor Info: Model `hsb' substituted by `rgb' on input line 1353.
Package xcolor Info: Model `RGB' extended on input line 1365.
Package xcolor Info: Model `HTML' substituted by `rgb' on input line 1367.
Package xcolor Info: Model `Hsb' substituted by `hsb' on input line 1368.
Package xcolor Info: Model `tHsb' substituted by `hsb' on input line 1369.
Package xcolor Info: Model `HSB' substituted by `hsb' on input line 1370.
Package xcolor Info: Model `Gray' substituted by `gray' on input line 1371.
Package xcolor Info: Model `wave' substituted by `hsb' on input line 1372.
) (C:\Users\narro\AppData\Local\Programs\MiKTeX\tex/latex/graphics\graphicx.sty
Package: graphicx 2024/12/31 v1.2e Enhanced LaTeX Graphics (DPC,SPQR)
(C:\Users\narro\AppData\Local\Programs\MiKTeX\tex/latex/graphics\graphics.sty
Package: graphics 2024/08/06 v1.4g Standard LaTeX Graphics (DPC,SPQR)

(C:\Users\narro\AppData\Local\Programs\MiKTeX\tex/latex/graphics\trig.sty
Package: trig 2023/12/02 v1.11 sin cos tan (DPC)
)
(C:\Users\narro\AppData\Local\Programs\MiKTeX\tex/latex/graphics-cfg\graphics.c
fg
File: graphics.cfg 2016/06/04 v1.11 sample graphics configuration
)
Package graphics Info: Driver file: pdftex.def on input line 106.
)
\Gin@req@height=\dimen159
\Gin@req@width=\dimen160
)
(C:\Users\narro\AppData\Local\Programs\MiKTeX\tex/latex/booktabs\booktabs.sty
Package: booktabs 2020/01/12 v1.61803398 Publication quality tables
\heavyrulewidth=\dimen161
\lightrulewidth=\dimen162
\cmidrulewidth=\dimen163
\belowrulesep=\dimen164
\belowbottomsep=\dimen165
\aboverulesep=\dimen166
\abovetopsep=\dimen167
\cmidrulesep=\dimen168
\cmidrulekern=\dimen169
\defaultaddspace=\dimen170
\@cmidla=\count292
\@cmidlb=\count293
\@aboverulesep=\dimen171
\@belowrulesep=\dimen172
\@thisruleclass=\count294
\@lastruleclass=\count295
\@thisrulewidth=\dimen173
)
(C:\Users\narro\AppData\Local\Programs\MiKTeX\tex/latex/tools\longtable.sty
Package: longtable 2025-10-13 v4.24 Multi-page Table package (DPC)
\LTleft=\skip52
\LTright=\skip53
\LTpre=\skip54
\LTpost=\skip55
\LTchunksize=\count296
\LTcapwidth=\dimen174
\LT@head=\box54
\LT@firsthead=\box55
\LT@foot=\box56
\LT@lastfoot=\box57
\LT@gbox=\box58
\LT@cols=\count297
\LT@rows=\count298
\c@LT@tables=\count299
\c@LT@chunks=\count300
\LT@p@ftn=\toks24
)
(C:\Users\narro\AppData\Local\Programs\MiKTeX\tex/latex/tools\tabularx.sty
Package: tabularx 2023/12/11 v2.12a `tabularx' package (DPC)

(C:\Users\narro\AppData\Local\Programs\MiKTeX\tex/latex/tools\array.sty
Package: array 2025/09/25 v2.6n Tabular extension package (FMi)
\col@sep=\dimen175
\ar@mcellbox=\box59
\extrarowheight=\dimen176
\NC@list=\toks25
\extratabsurround=\skip56
\backup@length=\skip57
\ar@cellbox=\box60
)
\TX@col@width=\dimen177
\TX@old@table=\dimen178
\TX@old@col=\dimen179
\TX@target=\dimen180
\TX@delta=\dimen181
\TX@cols=\count301
\TX@ftn=\toks26
)
(C:\Users\narro\AppData\Local\Programs\MiKTeX\tex/latex/enumitem\enumitem.sty
Package: enumitem 2025/02/06 v3.11 Customized lists
\labelindent=\skip58
\enit@outerparindent=\dimen182
\enit@toks=\toks27
\enit@inbox=\box61
\enit@count@id=\count302
\enitdp@description=\count303
)
(C:\Users\narro\AppData\Local\Programs\MiKTeX\tex/latex/hyperref\hyperref.sty
Package: hyperref 2025-07-12 v7.01o Hypertext links for LaTeX

(C:\Users\narro\AppData\Local\Programs\MiKTeX\tex/latex/kvsetkeys\kvsetkeys.sty
Package: kvsetkeys 2022-10-05 v1.19 Key value parser (HO)
)
(C:\Users\narro\AppData\Local\Programs\MiKTeX\tex/generic/kvdefinekeys\kvdefine
keys.sty
Package: kvdefinekeys 2019-12-19 v1.6 Define keys (HO)
)
(C:\Users\narro\AppData\Local\Programs\MiKTeX\tex/generic/pdfescape\pdfescape.s
ty
Package: pdfescape 2019/12/09 v1.15 Implements pdfTeX's escape features (HO)

(C:\Users\narro\AppData\Local\Programs\MiKTeX\tex/generic/ltxcmds\ltxcmds.sty
Package: ltxcmds 2023-12-04 v1.26 LaTeX kernel commands for general use (HO)
)
(C:\Users\narro\AppData\Local\Programs\MiKTeX\tex/generic/pdftexcmds\pdftexcmds
.sty
Package: pdftexcmds 2020-06-27 v0.33 Utility functions of pdfTeX for LuaTeX (HO
)

(C:\Users\narro\AppData\Local\Programs\MiKTeX\tex/generic/infwarerr\infwarerr.s
ty
Package: infwarerr 2019/12/03 v1.5 Providing info/warning/error messages (HO)
)
Package pdftexcmds Info: \pdf@primitive is available.
Package pdftexcmds Info: \pdf@ifprimitive is available.
Package pdftexcmds Info: \pdfdraftmode found.
))
(C:\Users\narro\AppData\Local\Programs\MiKTeX\tex/latex/hycolor\hycolor.sty
Package: hycolor 2020-01-27 v1.10 Color options for hyperref/bookmark (HO)
)
(C:\Users\narro\AppData\Local\Programs\MiKTeX\tex/latex/hyperref\nameref.sty
Package: nameref 2025-06-21 v2.57 Cross-referencing by name of section

(C:\Users\narro\AppData\Local\Programs\MiKTeX\tex/latex/refcount\refcount.sty
Package: refcount 2019/12/15 v3.6 Data extraction from label references (HO)
)
(C:\Users\narro\AppData\Local\Programs\MiKTeX\tex/generic/gettitlestring\gettit
lestring.sty
Package: gettitlestring 2019/12/15 v1.6 Cleanup title references (HO)

(C:\Users\narro\AppData\Local\Programs\MiKTeX\tex/latex/kvoptions\kvoptions.sty
Package: kvoptions 2022-06-15 v3.15 Key value format for package options (HO)
))
\c@section@level=\count304
)
(C:\Users\narro\AppData\Local\Programs\MiKTeX\tex/generic/stringenc\stringenc.s
ty
Package: stringenc 2019/11/29 v1.12 Convert strings between diff. encodings (HO
)
)
\@linkdim=\dimen183
\Hy@linkcounter=\count305
\Hy@pagecounter=\count306
 (C:\Users\narro\AppData\Local\Programs\MiKTeX\tex/latex/hyperref\pd1enc.def
File: pd1enc.def 2025-07-12 v7.01o Hyperref: PDFDocEncoding definition (HO)
Now handling font encoding PD1 ...
... no UTF-8 mapping file for font encoding PD1
) (C:\Users\narro\AppData\Local\Programs\MiKTeX\tex/generic/intcalc\intcalc.sty
Package: intcalc 2019/12/15 v1.3 Expandable calculations with integers (HO)
)
\Hy@SavedSpaceFactor=\count307
 (C:\Users\narro\AppData\Local\Programs\MiKTeX\tex/latex/hyperref\puenc.def
File: puenc.def 2025-07-12 v7.01o Hyperref: PDF Unicode definition (HO)
Now handling font encoding PU ...
... no UTF-8 mapping file for font encoding PU
)
Package hyperref Info: Hyper figures OFF on input line 4195.
Package hyperref Info: Link nesting OFF on input line 4200.
Package hyperref Info: Hyper index ON on input line 4203.
Package hyperref Info: Plain pages OFF on input line 4210.
Package hyperref Info: Backreferencing OFF on input line 4215.
Package hyperref Info: Implicit mode ON; LaTeX internals redefined.
Package hyperref Info: Bookmarks ON on input line 4462.
\c@Hy@tempcnt=\count308

(C:\Users\narro\AppData\Local\Programs\MiKTeX\tex/latex/url\url.sty
\Urlmuskip=\muskip17
Package: url 2013/09/16  ver 3.4  Verb mode for urls, etc.
)
LaTeX Info: Redefining \url on input line 4801.
\XeTeXLinkMargin=\dimen184

(C:\Users\narro\AppData\Local\Programs\MiKTeX\tex/generic/bitset\bitset.sty
Package: bitset 2019/12/09 v1.3 Handle bit-vector datatype (HO)

(C:\Users\narro\AppData\Local\Programs\MiKTeX\tex/generic/bigintcalc\bigintcalc
.sty
Package: bigintcalc 2019/12/15 v1.5 Expandable calculations on big integers (HO
)
))
\Fld@menulength=\count309
\Field@Width=\dimen185
\Fld@charsize=\dimen186
Package hyperref Info: Hyper figures OFF on input line 6078.
Package hyperref Info: Link nesting OFF on input line 6083.
Package hyperref Info: Hyper index ON on input line 6086.
Package hyperref Info: backreferencing OFF on input line 6093.
Package hyperref Info: Link coloring OFF on input line 6098.
Package hyperref Info: Link coloring with OCG OFF on input line 6103.
Package hyperref Info: PDF/A mode OFF on input line 6108.
\Hy@abspage=\count310
\c@Item=\count311
\c@Hfootnote=\count312
)
Package hyperref Info: Driver (autodetected): hpdftex.

(C:\Users\narro\AppData\Local\Programs\MiKTeX\tex/latex/hyperref\hpdftex.def
File: hpdftex.def 2025-07-12 v7.01o Hyperref driver for pdfTeX
\Fld@listcount=\count313
\c@bookmark@seq@number=\count314

(C:\Users\narro\AppData\Local\Programs\MiKTeX\tex/latex/rerunfilecheck\rerunfil
echeck.sty
Package: rerunfilecheck 2025-06-21 v1.11 Rerun checks for auxiliary files (HO)

(C:\Users\narro\AppData\Local\Programs\MiKTeX\tex/generic/uniquecounter\uniquec
ounter.sty
Package: uniquecounter 2019/12/15 v1.4 Provide unlimited unique counter (HO)
)
Package uniquecounter Info: New unique counter `rerunfilecheck' on input line 2
84.
)
\Hy@SectionHShift=\skip59
)
(C:\Users\narro\AppData\Local\Programs\MiKTeX\tex/latex/fancyhdr\fancyhdr.sty
Package: fancyhdr 2025/02/07 v5.2 Extensive control of page headers and footers

\f@nch@headwidth=\skip60
\f@nch@offset@elh=\skip61
\f@nch@offset@erh=\skip62
\f@nch@offset@olh=\skip63
\f@nch@offset@orh=\skip64
\f@nch@offset@elf=\skip65
\f@nch@offset@erf=\skip66
\f@nch@offset@olf=\skip67
\f@nch@offset@orf=\skip68
\f@nch@height=\skip69
\f@nch@footalignment=\skip70
\f@nch@widthL=\skip71
\f@nch@widthC=\skip72
\f@nch@widthR=\skip73
\@temptokenb=\toks28
)
(C:\Users\narro\AppData\Local\Programs\MiKTeX\tex/latex/titlesec\titlesec.sty
Package: titlesec 2025/01/04 v2.17 Sectioning titles
\ttl@box=\box62
\beforetitleunit=\skip74
\aftertitleunit=\skip75
\ttl@plus=\dimen187
\ttl@minus=\dimen188
\ttl@toksa=\toks29
\titlewidth=\dimen189
\titlewidthlast=\dimen190
\titlewidthfirst=\dimen191
)
(C:\Users\narro\AppData\Local\Programs\MiKTeX\tex/latex/tcolorbox\tcolorbox.sty
Package: tcolorbox 2025/09/09 version 6.8.0 text color boxes

(C:\Users\narro\AppData\Local\Programs\MiKTeX\tex/latex/pgf/frontendlayer\tikz.
sty
(C:\Users\narro\AppData\Local\Programs\MiKTeX\tex/latex/pgf/basiclayer\pgf.sty
(C:\Users\narro\AppData\Local\Programs\MiKTeX\tex/latex/pgf/utilities\pgfrcs.st
y
(C:\Users\narro\AppData\Local\Programs\MiKTeX\tex/generic/pgf/utilities\pgfutil
-common.tex
\pgfutil@everybye=\toks30
\pgfutil@tempdima=\dimen192
\pgfutil@tempdimb=\dimen193
)
(C:\Users\narro\AppData\Local\Programs\MiKTeX\tex/generic/pgf/utilities\pgfutil
-latex.def
\pgfutil@abb=\box63
)
(C:\Users\narro\AppData\Local\Programs\MiKTeX\tex/generic/pgf/utilities\pgfrcs.
code.tex
(C:\Users\narro\AppData\Local\Programs\MiKTeX\tex/generic/pgf\pgf.revision.tex)
Package: pgfrcs 2025-08-29 v3.1.11a (3.1.11a)
))
Package: pgf 2025-08-29 v3.1.11a (3.1.11a)

(C:\Users\narro\AppData\Local\Programs\MiKTeX\tex/latex/pgf/basiclayer\pgfcore.
sty
(C:\Users\narro\AppData\Local\Programs\MiKTeX\tex/latex/pgf/systemlayer\pgfsys.
sty
(C:\Users\narro\AppData\Local\Programs\MiKTeX\tex/generic/pgf/systemlayer\pgfsy
s.code.tex
Package: pgfsys 2025-08-29 v3.1.11a (3.1.11a)

(C:\Users\narro\AppData\Local\Programs\MiKTeX\tex/generic/pgf/utilities\pgfkeys
.code.tex
\pgfkeys@pathtoks=\toks31
\pgfkeys@temptoks=\toks32

(C:\Users\narro\AppData\Local\Programs\MiKTeX\tex/generic/pgf/utilities\pgfkeys
libraryfiltered.code.tex
\pgfkeys@tmptoks=\toks33
))
\pgf@x=\dimen194
\pgf@y=\dimen195
\pgf@xa=\dimen196
\pgf@ya=\dimen197
\pgf@xb=\dimen198
\pgf@yb=\dimen199
\pgf@xc=\dimen256
\pgf@yc=\dimen257
\pgf@xd=\dimen258
\pgf@yd=\dimen259
\w@pgf@writea=\write3
\r@pgf@reada=\read3
\c@pgf@counta=\count315
\c@pgf@countb=\count316
\c@pgf@countc=\count317
\c@pgf@countd=\count318
\t@pgf@toka=\toks34
\t@pgf@tokb=\toks35
\t@pgf@tokc=\toks36
\pgf@sys@id@count=\count319

(C:\Users\narro\AppData\Local\Programs\MiKTeX\tex/generic/pgf/systemlayer\pgf.c
fg
File: pgf.cfg 2025-08-29 v3.1.11a (3.1.11a)
)
Driver file for pgf: pgfsys-pdftex.def

(C:\Users\narro\AppData\Local\Programs\MiKTeX\tex/generic/pgf/systemlayer\pgfsy
s-pdftex.def
File: pgfsys-pdftex.def 2025-08-29 v3.1.11a (3.1.11a)

(C:\Users\narro\AppData\Local\Programs\MiKTeX\tex/generic/pgf/systemlayer\pgfsy
s-common-pdf.def
File: pgfsys-common-pdf.def 2025-08-29 v3.1.11a (3.1.11a)
)))
(C:\Users\narro\AppData\Local\Programs\MiKTeX\tex/generic/pgf/systemlayer\pgfsy
ssoftpath.code.tex
File: pgfsyssoftpath.code.tex 2025-08-29 v3.1.11a (3.1.11a)
\pgfsyssoftpath@smallbuffer@items=\count320
\pgfsyssoftpath@bigbuffer@items=\count321
)
(C:\Users\narro\AppData\Local\Programs\MiKTeX\tex/generic/pgf/systemlayer\pgfsy
sprotocol.code.tex
File: pgfsysprotocol.code.tex 2025-08-29 v3.1.11a (3.1.11a)
))
(C:\Users\narro\AppData\Local\Programs\MiKTeX\tex/generic/pgf/basiclayer\pgfcor
e.code.tex
Package: pgfcore 2025-08-29 v3.1.11a (3.1.11a)

(C:\Users\narro\AppData\Local\Programs\MiKTeX\tex/generic/pgf/math\pgfmath.code
.tex
(C:\Users\narro\AppData\Local\Programs\MiKTeX\tex/generic/pgf/math\pgfmathutil.
code.tex)
(C:\Users\narro\AppData\Local\Programs\MiKTeX\tex/generic/pgf/math\pgfmathparse
r.code.tex
\pgfmath@dimen=\dimen260
\pgfmath@count=\count322
\pgfmath@box=\box64
\pgfmath@toks=\toks37
\pgfmath@stack@operand=\toks38
\pgfmath@stack@operation=\toks39
)
(C:\Users\narro\AppData\Local\Programs\MiKTeX\tex/generic/pgf/math\pgfmathfunct
ions.code.tex)
(C:\Users\narro\AppData\Local\Programs\MiKTeX\tex/generic/pgf/math\pgfmathfunct
ions.basic.code.tex)
(C:\Users\narro\AppData\Local\Programs\MiKTeX\tex/generic/pgf/math\pgfmathfunct
ions.trigonometric.code.tex)
(C:\Users\narro\AppData\Local\Programs\MiKTeX\tex/generic/pgf/math\pgfmathfunct
ions.random.code.tex)
(C:\Users\narro\AppData\Local\Programs\MiKTeX\tex/generic/pgf/math\pgfmathfunct
ions.comparison.code.tex)
(C:\Users\narro\AppData\Local\Programs\MiKTeX\tex/generic/pgf/math\pgfmathfunct
ions.base.code.tex)
(C:\Users\narro\AppData\Local\Programs\MiKTeX\tex/generic/pgf/math\pgfmathfunct
ions.round.code.tex)
(C:\Users\narro\AppData\Local\Programs\MiKTeX\tex/generic/pgf/math\pgfmathfunct
ions.misc.code.tex)
(C:\Users\narro\AppData\Local\Programs\MiKTeX\tex/generic/pgf/math\pgfmathfunct
ions.integerarithmetics.code.tex)
(C:\Users\narro\AppData\Local\Programs\MiKTeX\tex/generic/pgf/math\pgfmathcalc.
code.tex)
(C:\Users\narro\AppData\Local\Programs\MiKTeX\tex/generic/pgf/math\pgfmathfloat
.code.tex
\c@pgfmathroundto@lastzeros=\count323
))
(C:\Users\narro\AppData\Local\Programs\MiKTeX\tex/generic/pgf/math\pgfint.code.
tex)
(C:\Users\narro\AppData\Local\Programs\MiKTeX\tex/generic/pgf/basiclayer\pgfcor
epoints.code.tex
File: pgfcorepoints.code.tex 2025-08-29 v3.1.11a (3.1.11a)
\pgf@picminx=\dimen261
\pgf@picmaxx=\dimen262
\pgf@picminy=\dimen263
\pgf@picmaxy=\dimen264
\pgf@pathminx=\dimen265
\pgf@pathmaxx=\dimen266
\pgf@pathminy=\dimen267
\pgf@pathmaxy=\dimen268
\pgf@xx=\dimen269
\pgf@xy=\dimen270
\pgf@yx=\dimen271
\pgf@yy=\dimen272
\pgf@zx=\dimen273
\pgf@zy=\dimen274
)
(C:\Users\narro\AppData\Local\Programs\MiKTeX\tex/generic/pgf/basiclayer\pgfcor
epathconstruct.code.tex
File: pgfcorepathconstruct.code.tex 2025-08-29 v3.1.11a (3.1.11a)
\pgf@path@lastx=\dimen275
\pgf@path@lasty=\dimen276
)
(C:\Users\narro\AppData\Local\Programs\MiKTeX\tex/generic/pgf/basiclayer\pgfcor
epathusage.code.tex
File: pgfcorepathusage.code.tex 2025-08-29 v3.1.11a (3.1.11a)
\pgf@shorten@end@additional=\dimen277
\pgf@shorten@start@additional=\dimen278
)
(C:\Users\narro\AppData\Local\Programs\MiKTeX\tex/generic/pgf/basiclayer\pgfcor
escopes.code.tex
File: pgfcorescopes.code.tex 2025-08-29 v3.1.11a (3.1.11a)
\pgfpic=\box65
\pgf@hbox=\box66
\pgf@layerbox@main=\box67
\pgf@picture@serial@count=\count324
)
(C:\Users\narro\AppData\Local\Programs\MiKTeX\tex/generic/pgf/basiclayer\pgfcor
egraphicstate.code.tex
File: pgfcoregraphicstate.code.tex 2025-08-29 v3.1.11a (3.1.11a)
\pgflinewidth=\dimen279
)
(C:\Users\narro\AppData\Local\Programs\MiKTeX\tex/generic/pgf/basiclayer\pgfcor
etransformations.code.tex
File: pgfcoretransformations.code.tex 2025-08-29 v3.1.11a (3.1.11a)
\pgf@pt@x=\dimen280
\pgf@pt@y=\dimen281
\pgf@pt@temp=\dimen282
)
(C:\Users\narro\AppData\Local\Programs\MiKTeX\tex/generic/pgf/basiclayer\pgfcor
equick.code.tex
File: pgfcorequick.code.tex 2025-08-29 v3.1.11a (3.1.11a)
)
(C:\Users\narro\AppData\Local\Programs\MiKTeX\tex/generic/pgf/basiclayer\pgfcor
eobjects.code.tex
File: pgfcoreobjects.code.tex 2025-08-29 v3.1.11a (3.1.11a)
)
(C:\Users\narro\AppData\Local\Programs\MiKTeX\tex/generic/pgf/basiclayer\pgfcor
epathprocessing.code.tex
File: pgfcorepathprocessing.code.tex 2025-08-29 v3.1.11a (3.1.11a)
)
(C:\Users\narro\AppData\Local\Programs\MiKTeX\tex/generic/pgf/basiclayer\pgfcor
earrows.code.tex
File: pgfcorearrows.code.tex 2025-08-29 v3.1.11a (3.1.11a)
\pgfarrowsep=\dimen283
)
(C:\Users\narro\AppData\Local\Programs\MiKTeX\tex/generic/pgf/basiclayer\pgfcor
eshade.code.tex
File: pgfcoreshade.code.tex 2025-08-29 v3.1.11a (3.1.11a)
\pgf@max=\dimen284
\pgf@sys@shading@range@num=\count325
\pgf@shadingcount=\count326
)
(C:\Users\narro\AppData\Local\Programs\MiKTeX\tex/generic/pgf/basiclayer\pgfcor
eimage.code.tex
File: pgfcoreimage.code.tex 2025-08-29 v3.1.11a (3.1.11a)
)
(C:\Users\narro\AppData\Local\Programs\MiKTeX\tex/generic/pgf/basiclayer\pgfcor
eexternal.code.tex
File: pgfcoreexternal.code.tex 2025-08-29 v3.1.11a (3.1.11a)
\pgfexternal@startupbox=\box68
)
(C:\Users\narro\AppData\Local\Programs\MiKTeX\tex/generic/pgf/basiclayer\pgfcor
elayers.code.tex
File: pgfcorelayers.code.tex 2025-08-29 v3.1.11a (3.1.11a)
)
(C:\Users\narro\AppData\Local\Programs\MiKTeX\tex/generic/pgf/basiclayer\pgfcor
etransparency.code.tex
File: pgfcoretransparency.code.tex 2025-08-29 v3.1.11a (3.1.11a)
)
(C:\Users\narro\AppData\Local\Programs\MiKTeX\tex/generic/pgf/basiclayer\pgfcor
epatterns.code.tex
File: pgfcorepatterns.code.tex 2025-08-29 v3.1.11a (3.1.11a)
)
(C:\Users\narro\AppData\Local\Programs\MiKTeX\tex/generic/pgf/basiclayer\pgfcor
erdf.code.tex
File: pgfcorerdf.code.tex 2025-08-29 v3.1.11a (3.1.11a)
)))
(C:\Users\narro\AppData\Local\Programs\MiKTeX\tex/generic/pgf/modules\pgfmodule
shapes.code.tex
File: pgfmoduleshapes.code.tex 2025-08-29 v3.1.11a (3.1.11a)
\pgfnodeparttextbox=\box69
)
(C:\Users\narro\AppData\Local\Programs\MiKTeX\tex/generic/pgf/modules\pgfmodule
plot.code.tex
File: pgfmoduleplot.code.tex 2025-08-29 v3.1.11a (3.1.11a)
)
(C:\Users\narro\AppData\Local\Programs\MiKTeX\tex/latex/pgf/compatibility\pgfco
mp-version-0-65.sty
Package: pgfcomp-version-0-65 2025-08-29 v3.1.11a (3.1.11a)
\pgf@nodesepstart=\dimen285
\pgf@nodesepend=\dimen286
)
(C:\Users\narro\AppData\Local\Programs\MiKTeX\tex/latex/pgf/compatibility\pgfco
mp-version-1-18.sty
Package: pgfcomp-version-1-18 2025-08-29 v3.1.11a (3.1.11a)
))
(C:\Users\narro\AppData\Local\Programs\MiKTeX\tex/latex/pgf/utilities\pgffor.st
y
(C:\Users\narro\AppData\Local\Programs\MiKTeX\tex/latex/pgf/utilities\pgfkeys.s
ty
(C:\Users\narro\AppData\Local\Programs\MiKTeX\tex/generic/pgf/utilities\pgfkeys
.code.tex))
(C:\Users\narro\AppData\Local\Programs\MiKTeX\tex/latex/pgf/math\pgfmath.sty
(C:\Users\narro\AppData\Local\Programs\MiKTeX\tex/generic/pgf/math\pgfmath.code
.tex))
(C:\Users\narro\AppData\Local\Programs\MiKTeX\tex/generic/pgf/utilities\pgffor.
code.tex
Package: pgffor 2025-08-29 v3.1.11a (3.1.11a)
\pgffor@iter=\dimen287
\pgffor@skip=\dimen288
\pgffor@stack=\toks40
\pgffor@toks=\toks41
))
(C:\Users\narro\AppData\Local\Programs\MiKTeX\tex/generic/pgf/frontendlayer/tik
z\tikz.code.tex
Package: tikz 2025-08-29 v3.1.11a (3.1.11a)

(C:\Users\narro\AppData\Local\Programs\MiKTeX\tex/generic/pgf/libraries\pgflibr
aryplothandlers.code.tex
File: pgflibraryplothandlers.code.tex 2025-08-29 v3.1.11a (3.1.11a)
\pgf@plot@mark@count=\count327
\pgfplotmarksize=\dimen289
)
\tikz@lastx=\dimen290
\tikz@lasty=\dimen291
\tikz@lastxsaved=\dimen292
\tikz@lastysaved=\dimen293
\tikz@lastmovetox=\dimen294
\tikz@lastmovetoy=\dimen295
\tikzleveldistance=\dimen296
\tikzsiblingdistance=\dimen297
\tikz@figbox=\box70
\tikz@figbox@bg=\box71
\tikz@tempbox=\box72
\tikz@tempbox@bg=\box73
\tikztreelevel=\count328
\tikznumberofchildren=\count329
\tikznumberofcurrentchild=\count330
\tikz@fig@count=\count331

(C:\Users\narro\AppData\Local\Programs\MiKTeX\tex/generic/pgf/modules\pgfmodule
matrix.code.tex
File: pgfmodulematrix.code.tex 2025-08-29 v3.1.11a (3.1.11a)
\pgfmatrixcurrentrow=\count332
\pgfmatrixcurrentcolumn=\count333
\pgf@matrix@numberofcolumns=\count334
)
\tikz@expandcount=\count335

(C:\Users\narro\AppData\Local\Programs\MiKTeX\tex/generic/pgf/frontendlayer/tik
z/libraries\tikzlibrarytopaths.code.tex
File: tikzlibrarytopaths.code.tex 2025-08-29 v3.1.11a (3.1.11a)
)))
(C:\Users\narro\AppData\Local\Programs\MiKTeX\tex/latex/tools\verbatim.sty
Package: verbatim 2024-01-22 v1.5x LaTeX2e package for verbatim enhancements
\every@verbatim=\toks42
\verbatim@line=\toks43
\verbatim@in@stream=\read4
)
(C:\Users\narro\AppData\Local\Programs\MiKTeX\tex/latex/environ\environ.sty
Package: environ 2014/05/04 v0.3 A new way to define environments

(C:\Users\narro\AppData\Local\Programs\MiKTeX\tex/latex/trimspaces\trimspaces.s
ty
Package: trimspaces 2009/09/17 v1.1 Trim spaces around a token list
)
\@envbody=\toks44
)
\tcb@titlebox=\box74
\tcb@upperbox=\box75
\tcb@lowerbox=\box76
\tcb@phantombox=\box77
\c@tcbbreakpart=\count336
\c@tcblayer=\count337
\c@tcolorbox@number=\count338
\l__tcobox_tmpa_box=\box78
\l__tcobox_tmpa_dim=\dimen298
\tcb@temp=\box79
\tcb@temp=\box80
\tcb@temp=\box81
\tcb@temp=\box82

(C:\Users\narro\AppData\Local\Programs\MiKTeX\tex/latex/tcolorbox\tcbraster.cod
e.tex
Library (tcolorbox): 'tcbraster.code.tex' version '6.8.0'
\c@tcbrastercolumn=\count339
\c@tcbrasterrow=\count340
\c@tcbrasternum=\count341
\c@tcbraster=\count342
)
(C:\Users\narro\AppData\Local\Programs\MiKTeX\tex/latex/tcolorbox\tcbskins.code
.tex
Library (tcolorbox): 'tcbskins.code.tex' version '6.8.0'

(C:\Users\narro\AppData\Local\Programs\MiKTeX\tex/latex/tikzfill\tikzfill.image
.sty
Package: tikzfill.image 2023/08/08 v1.0.1 Image filling library for TikZ

(C:\Users\narro\AppData\Local\Programs\MiKTeX\tex/latex/tikzfill\tikzfill-commo
n.sty
Package: tikzfill-common 2023/08/08 v1.0.1 Auxiliary code for tikzfill
)
(C:\Users\narro\AppData\Local\Programs\MiKTeX\tex/latex/tikzfill\tikzlibraryfil
l.image.code.tex
File: tikzlibraryfill.image.code.tex 2023/08/08 v1.0.1 Image filling library
\l__tikzfill_img_box=\box83
))
(C:\Users\narro\AppData\Local\Programs\MiKTeX\tex/latex/tcolorbox\tcbskinsjigsa
w.code.tex
Library (tcolorbox): 'tcbskinsjigsaw.code.tex' version '6.8.0'
))
(C:\Users\narro\AppData\Local\Programs\MiKTeX\tex/latex/tcolorbox\tcbbreakable.
code.tex
Library (tcolorbox): 'tcbbreakable.code.tex' version '6.8.0'
(C:\Users\narro\AppData\Local\Programs\MiKTeX\tex/latex/pdfcol\pdfcol.sty
Package: pdfcol 2022-09-21 v1.7 Handle new color stacks for pdfTeX (HO)
)
Package pdfcol Info: New color stack `tcb@breakable' = 1 on input line 23.
\tcb@testbox=\box84
\tcb@totalupperbox=\box85
\tcb@totallowerbox=\box86
)
(C:\Users\narro\AppData\Local\Programs\MiKTeX\tex/latex/tcolorbox\tcbhooks.code
.tex
Library (tcolorbox): 'tcbhooks.code.tex' version '6.8.0'
)
(C:\Users\narro\AppData\Local\Programs\MiKTeX\tex/latex/tcolorbox\tcbtheorems.c
ode.tex
Library (tcolorbox): 'tcbtheorems.code.tex' version '6.8.0'
(C:\Users\narro\AppData\Local\Programs\MiKTeX\tex/latex/amsmath\amsmath.sty
Package: amsmath 2025/07/09 v2.17z AMS math features
\@mathmargin=\skip76

For additional information on amsmath, use the `?' option.
(C:\Users\narro\AppData\Local\Programs\MiKTeX\tex/latex/amsmath\amstext.sty
Package: amstext 2024/11/17 v2.01 AMS text

(C:\Users\narro\AppData\Local\Programs\MiKTeX\tex/latex/amsmath\amsgen.sty
File: amsgen.sty 1999/11/30 v2.0 generic functions
\@emptytoks=\toks45
\ex@=\dimen299
))
(C:\Users\narro\AppData\Local\Programs\MiKTeX\tex/latex/amsmath\amsbsy.sty
Package: amsbsy 1999/11/29 v1.2d Bold Symbols
\pmbraise@=\dimen300
)
(C:\Users\narro\AppData\Local\Programs\MiKTeX\tex/latex/amsmath\amsopn.sty
Package: amsopn 2022/04/08 v2.04 operator names
)
\inf@bad=\count343
LaTeX Info: Redefining \frac on input line 233.
\uproot@=\count344
\leftroot@=\count345
LaTeX Info: Redefining \overline on input line 398.
LaTeX Info: Redefining \colon on input line 409.
\classnum@=\count346
\DOTSCASE@=\count347
LaTeX Info: Redefining \ldots on input line 495.
LaTeX Info: Redefining \dots on input line 498.
LaTeX Info: Redefining \cdots on input line 619.
\Mathstrutbox@=\box87
\strutbox@=\box88
LaTeX Info: Redefining \big on input line 721.
LaTeX Info: Redefining \Big on input line 722.
LaTeX Info: Redefining \bigg on input line 723.
LaTeX Info: Redefining \Bigg on input line 724.
\big@size=\dimen301
LaTeX Font Info:    Redeclaring font encoding OML on input line 742.
LaTeX Font Info:    Redeclaring font encoding OMS on input line 743.
\macc@depth=\count348
LaTeX Info: Redefining \bmod on input line 904.
LaTeX Info: Redefining \pmod on input line 909.
LaTeX Info: Redefining \smash on input line 939.
LaTeX Info: Redefining \relbar on input line 969.
LaTeX Info: Redefining \Relbar on input line 970.
\c@MaxMatrixCols=\count349
\dotsspace@=\muskip18
\c@parentequation=\count350
\dspbrk@lvl=\count351
\tag@help=\toks46
\row@=\count352
\column@=\count353
\maxfields@=\count354
\andhelp@=\toks47
\eqnshift@=\dimen302
\alignsep@=\dimen303
\tagshift@=\dimen304
\tagwidth@=\dimen305
\totwidth@=\dimen306
\lineht@=\dimen307
\@envbody=\toks48
\multlinegap=\skip77
\multlinetaggap=\skip78
\mathdisplay@stack=\toks49
LaTeX Info: Redefining \[ on input line 2950.
LaTeX Info: Redefining \] on input line 2951.
))
(C:\Users\narro\AppData\Local\Programs\MiKTeX\tex/latex/tcolorbox\tcbfitting.co
de.tex
Library (tcolorbox): 'tcbfitting.code.tex' version '6.8.0'
\tcbfitdim=\dimen308
\tcb@lowerfitdim=\dimen309
\tcb@upperfitdim=\dimen310
\tcb@cur@hbadness=\count355
)
(C:\Users\narro\AppData\Local\Programs\MiKTeX\tex/latex/tcolorbox\tcblistingsut
f8.code.tex
Library (tcolorbox): 'tcblistingsutf8.code.tex' version '6.8.0'

(C:\Users\narro\AppData\Local\Programs\MiKTeX\tex/latex/tcolorbox\tcblistings.c
ode.tex
Library (tcolorbox): 'tcblistings.code.tex' version '6.8.0'
(C:\Users\narro\AppData\Local\Programs\MiKTeX\tex/latex/listings\listings.sty
\lstset,
\lst@mode=\count356
 
new hook `InitVars',

new hook `EndGroup',

new hook `ExitVars',

new hook `ModeTrue',

new hook `EOL',
\lst@gtempboxa=\box89
\lst@token=\toks50
\lst@length=\count357

new hook `InitVarsBOL',
\lst@currlwidth=\dimen311
\lst@column=\count358
\lst@pos=\count359
\lst@lostspace=\dimen312
\lst@width=\dimen313
basewidth, 
new hook `FontAdjust',
fontadjust, 
new hook `PostOutput',

new hook `OutputBox',

new hook `InitBOL',
columns, flexiblecolumns,
\lst@newlines=\count360
 
new hook `OnNewLine',
emptylines, 
new hook `OnEmptyLine',
identifierstyle, 
new hook `EmptyStyle',

new hook `OutputOther',

new hook `Output',
tabsize, showtabs, tab, showspaces, keepspaces, 
new hook `Init',
formfeed, upquote, SelectCharTable, MoreSelectCharTable,

new hook `SetLanguage',
extendedchars, useoutput, rescanchars, alsoletter, alsodigit, alsoother,

new hook `SelectCharTable',
excludedelims, delim, moredelim, deletedelim, literate, basicstyle,
inputencoding, multicols, 
new hook `EveryLine',
\lst@lineno=\count361
print, firstline, lastline, 
new hook `PreSet',
nolol, linerange, consecutivenumbers, rangeprefix, rangesuffix,
rangebeginprefix, rangebeginsuffix, rangeendprefix, rangeendsuffix,
includerangemarker, 
new hook `DeInit',
captionpos, abovecaptionskip, belowcaptionskip, label, title, caption,

new hook `TextStyle',
\lstlistingname, \lstlistingnamestyle, numberbychapter, boxpos, float,
floatplacement, aboveskip, belowskip, everydisplay, 
new hook `DisplayStyle',

new hook `PreInit',

new hook `EveryPar',
showlines,
\lst@maxwidth=\dimen314
 
new hook `InitVarsEOL',
gobble, name, \lstlistlistingname, \lstlistoflistings, inputpath,
\lstnewenvironment, fancyvrb,
(C:\Users\narro\AppData\Local\Programs\MiKTeX\tex/latex/listings\lstpatch.sty
File: lstpatch.sty 2025/10/06 1.11 (Carsten Heinz)
)
(C:\Users\narro\AppData\Local\Programs\MiKTeX\tex/latex/listings\lstmisc.sty
File: lstmisc.sty 2025/10/06 1.11 (Carsten Heinz)


Define lst-aspect `strings': string, morestring, deletestring, stringstyle,
showstringspaces, 
new hook `ExcludeDelims',

Allocs: none

Define lst-aspect `comments': comment, morecomment, deletecomment,
commentstyle, 
new hook `AfterBeginComment',

Allocs: none

Define lst-aspect `escape': texcl, escapebegin, escapeend, escapechar,
escapeinside, mathescape, 
Allocs: none

Define lst-aspect `keywords': sensitive, 
new hook `TrackKeywords',

new hook `PostTrackKeywords',

new hook `DetectKeywords',
classoffset, keywords, morekeywords, deletekeywords, keywordstyle,
keywordstyle, ndkeywords, morendkeywords, deletendkeywords, ndkeywordstyle,
keywordsprefix, otherkeywords, 
Allocs: none

Define lst-aspect `emph': emph, moreemph, deleteemph, emphstyle, 
Allocs: none

Define lst-aspect `index': index, moreindex, deleteindex, indexstyle,
\lstindexmacro, 
Allocs: none

Define lst-aspect `style': \lststylefiles, \lstdefinestyle, \lst@definestyle,
style, 
new hook `SetStyle',

Allocs: none

Define lst-aspect `language': \lstlanguagefiles, \lstdefinelanguage,
\lst@definelanguage, language, alsolanguage, \lstalias, defaultdialect,

Allocs: none

Define lst-aspect `labels': numbers, stepnumber, numberfirstline, numberstyle,
numbersep, numberblanklines, firstnumber,
\c@lstnumber=\count362
\lst@skipnumbers=\count363
 
Allocs: 2\count, 

Define lst-aspect `lineshape': xleftmargin, xrightmargin, resetmargins,

new hook `BoxUnsafe',
linewidth, lineskip, breaklines, breakindent, breakautoindent,
breakatwhitespace, prebreak, postbreak, 
Allocs: none

Define lst-aspect `frames': framexleftmargin, framexrightmargin,
framextopmargin, framexbottommargin, backgroundcolor, fillcolor, rulecolor,
rulesepcolor, rulesep, framerule, framesep, frameshape, frameround, frame,
\lst@framebox=\box90


Allocs: 1\box, 
) 
Allocs: 8\count, 4\dimen, 2\box, 1\toks, 
(C:\Users\narro\AppData\Local\Programs\MiKTeX\tex/latex/listings\listings.cfg
File: listings.cfg 2025/10/06 1.11 listings configuration
))
Package: listings 2025/10/06 1.11 (Carsten Heinz)
==> First Aid for listings.sty no longer applied!
    Expected:
        2024/09/23 1.10c (Carsten Heinz)
    but found:
        2025/10/06 1.11 (Carsten Heinz)
    so I'm assuming it got fixed.

(C:\Users\narro\AppData\Local\Programs\MiKTeX\tex/latex/tcolorbox\tcblistingsco
re.code.tex
Library (tcolorbox): 'tcblistingscore.code.tex' version '6.8.0'

(C:\Users\narro\AppData\Local\Programs\MiKTeX\tex/latex/tcolorbox\tcbprocessing
.code.tex
Library (tcolorbox): 'tcbprocessing.code.tex' version '6.8.0'
)
\c@tcblisting=\count364
))
(C:\Users\narro\AppData\Local\Programs\MiKTeX\tex/latex/listingsutf8\listingsut
f8.sty
Package: listingsutf8 2019-12-10 v1.5 Allow UTF-8 in listings input (HO)
 inputencoding,))
(C:\Users\narro\AppData\Local\Programs\MiKTeX\tex/latex/tcolorbox\tcbexternal.c
ode.tex
Library (tcolorbox): 'tcbexternal.code.tex' version '6.8.0'
)
(C:\Users\narro\AppData\Local\Programs\MiKTeX\tex/latex/tcolorbox\tcbmagazine.c
ode.tex
Library (tcolorbox): 'tcbmagazine.code.tex' version '6.8.0'
)
(C:\Users\narro\AppData\Local\Programs\MiKTeX\tex/latex/tcolorbox\tcbvignette.c
ode.tex
Library (tcolorbox): 'tcbvignette.code.tex' version '6.8.0'

(C:\Users\narro\AppData\Local\Programs\MiKTeX\tex/generic/pgf/frontendlayer/tik
z/libraries\tikzlibraryfadings.code.tex
File: tikzlibraryfadings.code.tex 2025-08-29 v3.1.11a (3.1.11a)

(C:\Users\narro\AppData\Local\Programs\MiKTeX\tex/generic/pgf/libraries\pgflibr
aryfadings.code.tex
File: pgflibraryfadings.code.tex 2025-08-29 v3.1.11a (3.1.11a)
)))
(C:\Users\narro\AppData\Local\Programs\MiKTeX\tex/latex/tcolorbox\tcbposter.cod
e.tex
Library (tcolorbox): 'tcbposter.code.tex' version '6.8.0'
))
(C:\Users\narro\AppData\Local\Programs\MiKTeX\tex/latex/lastpage\lastpage.sty
Package: lastpage 2025/08/14 v2.1h lastpage: 2.09 or 2e? (HMM)

(C:\Users\narro\AppData\Local\Programs\MiKTeX\tex/latex/lastpage\lastpage2e.sty
Package: lastpage2e 2025/08/14 v2.1h Decide which 2e lastpage version to use (H
MM)

(C:\Users\narro\AppData\Local\Programs\MiKTeX\tex/latex/lastpage\lastpagemodern
.sty
Package: lastpagemodern 2025-08-14 v2.1h Refers to last page's name (HMM; JPG)
\c@lastpagecount=\count365
) 
)) (C:\Users\narro\AppData\Local\Programs\MiKTeX\tex/latex/float\float.sty
Package: float 2001/11/08 v1.3d Float enhancements (AL)
\c@float@type=\count366
\float@exts=\toks51
\float@box=\box91
\@float@everytoks=\toks52
\@floatcapt=\box92
)
(C:\Users\narro\AppData\Local\Programs\MiKTeX\tex/latex/pdflscape\pdflscape.sty
Package: pdflscape 2022-10-27 v0.13 Display of landscape pages in PDF

(C:\Users\narro\AppData\Local\Programs\MiKTeX\tex/latex/pdflscape\pdflscape-nom
etadata.sty
Package: pdflscape-nometadata 2022-10-28 v0.13 Display of landscape pages in PD
F (HO)

(C:\Users\narro\AppData\Local\Programs\MiKTeX\tex/latex/graphics\lscape.sty
Package: lscape 2020/05/28 v3.02 Landscape Pages (DPC)
)
Package pdflscape Info: Auto-detected driver: pdftex on input line 81.
))
(C:\Users\narro\AppData\Local\Programs\MiKTeX\tex/latex/amsfonts\amssymb.sty
Package: amssymb 2013/01/14 v3.01 AMS font symbols

(C:\Users\narro\AppData\Local\Programs\MiKTeX\tex/latex/amsfonts\amsfonts.sty
Package: amsfonts 2013/01/14 v3.01 Basic AMSFonts support
\symAMSa=\mathgroup4
\symAMSb=\mathgroup5
LaTeX Font Info:    Redeclaring math symbol \hbar on input line 98.
LaTeX Font Info:    Overwriting math alphabet `\mathfrak' in version `bold'
(Font)                  U/euf/m/n --> U/euf/b/n on input line 106.
)) (C:\Users\narro\AppData\Local\Programs\MiKTeX\tex/latex/natbib\natbib.sty
Package: natbib 2010/09/13 8.31b (PWD, AO)
\bibhang=\skip79
\bibsep=\skip80
LaTeX Info: Redefining \cite on input line 694.
\c@NAT@ctr=\count367
)
Package hyperref Info: Option `colorlinks' set `true' on input line 45.
LaTeX Font Info:    Trying to load font information for T1+lmr on input line 11
6.

(C:\Users\narro\AppData\Local\Programs\MiKTeX\tex/latex/lm\t1lmr.fd
File: t1lmr.fd 2015/05/01 v1.6.1 Font defs for Latin Modern
)
(C:\Users\narro\AppData\Local\Programs\MiKTeX\tex/latex/l3backend\l3backend-pdf
tex.def
File: l3backend-pdftex.def 2025-10-09 L3 backend support: PDF output (pdfTeX)
\l__color_backend_stack_int=\count368
) (reporte_compelto.aux
LaTeX Info: Redefining \. on input line 11.
LaTeX Info: Redefining \% on input line 11.
Package babel Info: 'spanish' activates 'spanish' shorthands.
(babel)             Reported on input line 11.
)
\openout1 = `reporte_compelto.aux'.

LaTeX Font Info:    Checking defaults for OML/cmm/m/it on input line 116.
LaTeX Font Info:    ... okay on input line 116.
LaTeX Font Info:    Checking defaults for OMS/cmsy/m/n on input line 116.
LaTeX Font Info:    ... okay on input line 116.
LaTeX Font Info:    Checking defaults for OT1/cmr/m/n on input line 116.
LaTeX Font Info:    ... okay on input line 116.
LaTeX Font Info:    Checking defaults for T1/cmr/m/n on input line 116.
LaTeX Font Info:    ... okay on input line 116.
LaTeX Font Info:    Checking defaults for TS1/cmr/m/n on input line 116.
LaTeX Font Info:    ... okay on input line 116.
LaTeX Font Info:    Checking defaults for OMX/cmex/m/n on input line 116.
LaTeX Font Info:    ... okay on input line 116.
LaTeX Font Info:    Checking defaults for U/cmr/m/n on input line 116.
LaTeX Font Info:    ... okay on input line 116.
LaTeX Font Info:    Checking defaults for PD1/pdf/m/n on input line 116.
LaTeX Font Info:    ... okay on input line 116.
LaTeX Font Info:    Checking defaults for PU/pdf/m/n on input line 116.
LaTeX Font Info:    ... okay on input line 116.
LaTeX Info: Redefining \. on input line 116.
LaTeX Info: Redefining \% on input line 116.
LaTeX Info: Redefining \microtypecontext on input line 116.
Package microtype Info: Applying patch `item' on input line 116.
Package microtype Info: Applying patch `toc' on input line 116.
Package microtype Info: Applying patch `eqnum' on input line 116.
Package microtype Info: Applying patch `footnote' on input line 116.
Package microtype Info: Applying patch `verbatim' on input line 116.
LaTeX Info: Redefining \microtypesetup on input line 116.
Package microtype Info: Generating PDF output.
Package microtype Info: Character protrusion enabled (level 2).
Package microtype Info: Using default protrusion set `alltext'.
Package microtype Info: Automatic font expansion enabled (level 2),
(microtype)             stretch: 20, shrink: 20, step: 1, non-selected.
Package microtype Info: Using default expansion set `alltext-nott'.
Package microtype Info: Patching command `\showhyphens'.
Package microtype Info: No adjustment of tracking.
Package microtype Info: No adjustment of interword spacing.
Package microtype Info: No adjustment of character kerning.

(C:\Users\narro\AppData\Local\Programs\MiKTeX\tex/latex/microtype\mt-cmr.cfg
File: mt-cmr.cfg 2013/05/19 v2.2 microtype config. file: Computer Modern Roman 
(RS)
)
*geometry* driver: auto-detecting
*geometry* detected driver: pdftex
*geometry* verbose mode - [ preamble ] result:
* driver: pdftex
* paper: letterpaper
* layout: <same size as paper>
* layoutoffset:(h,v)=(0.0pt,0.0pt)
* modes: 
* h-part:(L,W,R)=(64.01869pt, 486.25761pt, 64.01869pt)
* v-part:(T,H,B)=(64.01869pt, 666.9326pt, 64.01869pt)
* \paperwidth=614.295pt
* \paperheight=794.96999pt
* \textwidth=486.25761pt
* \textheight=666.9326pt
* \oddsidemargin=-8.2513pt
* \evensidemargin=-8.2513pt
* \topmargin=-45.2513pt
* \headheight=14.0pt
* \headsep=25.0pt
* \topskip=11.0pt
* \footskip=30.0pt
* \marginparwidth=59.0pt
* \marginparsep=10.0pt
* \columnsep=10.0pt
* \skip\footins=10.0pt plus 4.0pt minus 2.0pt
* \hoffset=0.0pt
* \voffset=0.0pt
* \mag=1000
* \@twocolumnfalse
* \@twosidefalse
* \@mparswitchfalse
* \@reversemarginfalse
* (1in=72.27pt=25.4mm, 1cm=28.453pt)


(C:\Users\narro\AppData\Local\Programs\MiKTeX\tex/context/base/mkii\supp-pdf.mk
ii
[Loading MPS to PDF converter (version 2006.09.02).]
\scratchcounter=\count369
\scratchdimen=\dimen315
\scratchbox=\box93
\nofMPsegments=\count370
\nofMParguments=\count371
\everyMPshowfont=\toks53
\MPscratchCnt=\count372
\MPscratchDim=\dimen316
\MPnumerator=\count373
\makeMPintoPDFobject=\count374
\everyMPtoPDFconversion=\toks54
)
(C:\Users\narro\AppData\Local\Programs\MiKTeX\tex/latex/epstopdf-pkg\epstopdf-b
ase.sty
Package: epstopdf-base 2020-01-24 v2.11 Base part for package epstopdf

(C:\Users\narro\AppData\Local\Programs\MiKTeX\tex/latex/grfext\grfext.sty
Package: grfext 2019/12/03 v1.3 Manage graphics extensions (HO)
)
Package epstopdf-base Info: Redefining graphics rule for `.eps' on input line 4
85.
Package grfext Info: Graphics extension search list:
(grfext)             [.pdf,.png,.jpg,.mps,.jpeg,.jbig2,.jb2,.PDF,.PNG,.JPG,.JPE
G,.JBIG2,.JB2,.eps]
(grfext)             \AppendGraphicsExtensions on input line 504.

(C:\Users\narro\AppData\Local\Programs\MiKTeX\tex/latex/00miktex\epstopdf-sys.c
fg
File: epstopdf-sys.cfg 2021/03/18 v2.0 Configuration of epstopdf for MiKTeX
))
Package hyperref Info: Link coloring ON on input line 116.
 (reporte_compelto.out) (reporte_compelto.out)
\@outlinefile=\write4
\openout4 = `reporte_compelto.out'.

\c@lstlisting=\count375
LaTeX Font Info:    Trying to load font information for OT1+lmr on input line 1
37.

(C:\Users\narro\AppData\Local\Programs\MiKTeX\tex/latex/lm\ot1lmr.fd
File: ot1lmr.fd 2015/05/01 v1.6.1 Font defs for Latin Modern
)
LaTeX Font Info:    Trying to load font information for OML+lmm on input line 1
37.

(C:\Users\narro\AppData\Local\Programs\MiKTeX\tex/latex/lm\omllmm.fd
File: omllmm.fd 2015/05/01 v1.6.1 Font defs for Latin Modern
)
LaTeX Font Info:    Trying to load font information for OMS+lmsy on input line 
137.

(C:\Users\narro\AppData\Local\Programs\MiKTeX\tex/latex/lm\omslmsy.fd
File: omslmsy.fd 2015/05/01 v1.6.1 Font defs for Latin Modern
)
LaTeX Font Info:    Trying to load font information for OMX+lmex on input line 
137.

(C:\Users\narro\AppData\Local\Programs\MiKTeX\tex/latex/lm\omxlmex.fd
File: omxlmex.fd 2015/05/01 v1.6.1 Font defs for Latin Modern
)
LaTeX Font Info:    External font `lmex10' loaded for size
(Font)              <10.95> on input line 137.
LaTeX Font Info:    External font `lmex10' loaded for size
(Font)              <8> on input line 137.
LaTeX Font Info:    External font `lmex10' loaded for size
(Font)              <6> on input line 137.
LaTeX Font Info:    Trying to load font information for U+msa on input line 137
.

(C:\Users\narro\AppData\Local\Programs\MiKTeX\tex/latex/amsfonts\umsa.fd
File: umsa.fd 2013/01/14 v3.01 AMS symbols A
)
(C:\Users\narro\AppData\Local\Programs\MiKTeX\tex/latex/microtype\mt-msa.cfg
File: mt-msa.cfg 2006/02/04 v1.1 microtype config. file: AMS symbols (a) (RS)
)
LaTeX Font Info:    Trying to load font information for U+msb on input line 137
.

(C:\Users\narro\AppData\Local\Programs\MiKTeX\tex/latex/amsfonts\umsb.fd
File: umsb.fd 2013/01/14 v3.01 AMS symbols B
)
(C:\Users\narro\AppData\Local\Programs\MiKTeX\tex/latex/microtype\mt-msb.cfg
File: mt-msb.cfg 2005/06/01 v1.0 microtype config. file: AMS symbols (b) (RS)
)
[1

{C:/Users/narro/AppData/Local/MiKTeX/fonts/map/pdftex/pdftex.map}{C:/Users/narr
o/AppData/Local/Programs/MiKTeX/fonts/enc/dvips/lm/lm-ec.enc}]
(reporte_compelto.toc
LaTeX Info: Redefining \. on input line 1.
LaTeX Info: Redefining \% on input line 1.

pdfTeX warning (ext4): destination with the same identifier (name{page.1}) has 
been already used, duplicate ignored
<to be read again> 
                   \relax 
l.42 ...tancia a hidrografia}{36}{subsection.10.6}
                                                  % [1] [2])
\tf@toc=\write5
\openout5 = `reporte_compelto.toc'.

 [3] [4] [5]
(C:\Users\narro\AppData\Local\Programs\MiKTeX\tex/latex/lm\t1lmtt.fd) [6]
[7
pdfTeX warning (ext4): destination with the same identifier (name{table.1}) has
 been already used, duplicate ignored
<argument> ...shipout:D \box_use:N \l_shipout_box 
                                                  \__shipout_drop_firstpage_...
l.245 
      ] [8] [9] [10] [11] [12] [13] [14] [15]
LaTeX Font Info:    External font `lmex10' loaded for size
(Font)              <9> on input line 409.
 [16

] [17

] [18] [19] [20]
Overfull \hbox (8.8461pt too wide) in paragraph at lines 526--528
\T1/lmtt/m/n/10.95 scian_textil\T1/lmr/m/n/10.95 (-20) , \T1/lmtt/m/n/10.95 sci
an_acabado_humedo \T1/lmr/m/n/10.95 (-20) y \T1/lmtt/m/n/10.95 scian_lavanderia
\T1/lmr/m/n/10.95 (-20) , y las de-ci-sio-nes fi-na-les \T1/lmtt/m/n/10.95 sect
or_textil
 []

[21] [22] [23] [24]
<../../outputs/xalmimilulco/comparacion_legacy/comparacion_legacy_actual.png, i
d=738, 931.0785pt x 427.3566pt>
File: ../../outputs/xalmimilulco/comparacion_legacy/comparacion_legacy_actual.p
ng Graphic file (type png)
<use ../../outputs/xalmimilulco/comparacion_legacy/comparacion_legacy_actual.pn
g>
Package pdftex.def Info: ../../outputs/xalmimilulco/comparacion_legacy/comparac
ion_legacy_actual.png  used on input line 631.
(pdftex.def)             Requested size: 486.25761pt x 223.18527pt.
 [25{C:/Users/narro/AppData/Local/Programs/MiKTeX/fonts/enc/dvips/lm/lm-mathsy.
enc}] [26
pdfTeX warning (ext4): destination with the same identifier (name{figure.1}) ha
s been already used, duplicate ignored
<argument> ...shipout:D \box_use:N \l_shipout_box 
                                                  \__shipout_drop_firstpage_...
l.675 \end{center}
                   <../../outputs/xalmimilulco/comparacion_legacy/comparacion_l
egacy_actual.png>] [27] [28] [29]
Underfull \hbox (badness 10000) in paragraph at lines 732--732
[]|\T1/lmr/m/n/10 (+20) Denominador te-rri-to-rial,
 []


Underfull \hbox (badness 10000) in paragraph at lines 732--732
[]|\T1/lmr/m/n/10 (+20) Amplia DE-
 []


Underfull \hbox (badness 1478) in paragraph at lines 732--732
\T1/lmr/m/n/10 (+20) la-van-de-ria 812210 en-tra
 []


Underfull \hbox (badness 10000) in paragraph at lines 732--732
[]|\T1/lmr/m/n/10 (+20) Estricto DE-
 []

[30


pdfTeX warning (ext4): destination with the same identifier (name{table.3}) has
 been already used, duplicate ignored
<argument> ...shipout:D \box_use:N \l_shipout_box 
                                                  \__shipout_drop_firstpage_...
l.734 \end{landscape}
                     ]
<../dir1/direccion_imagenes/modalidades.png, id=776, 744.7825pt x 271.0125pt>
File: ../dir1/direccion_imagenes/modalidades.png Graphic file (type png)
<use ../dir1/direccion_imagenes/modalidades.png>
Package pdftex.def Info: ../dir1/direccion_imagenes/modalidades.png  used on in
put line 752.
(pdftex.def)             Requested size: 457.08334pt x 166.33052pt.
<../dir1/direccion_imagenes/panel_conteos.png, id=777, 886.1105pt x 216.4085pt>

File: ../dir1/direccion_imagenes/panel_conteos.png Graphic file (type png)
<use ../dir1/direccion_imagenes/panel_conteos.png>
Package pdftex.def Info: ../dir1/direccion_imagenes/panel_conteos.png  used on 
input line 763.
(pdftex.def)             Requested size: 486.25761pt x 118.75424pt.
 [31


pdfTeX warning (ext4): destination with the same identifier (name{figure.2}) ha
s been already used, duplicate ignored
<argument> ...shipout:D \box_use:N \l_shipout_box 
                                                  \__shipout_drop_firstpage_...
l.767 
       <../dir1/direccion_imagenes/modalidades.png>]
<../dir1/direccion_imagenes/panel_participacion.png, id=785, 870.8535pt x 216.4
085pt>
File: ../dir1/direccion_imagenes/panel_participacion.png Graphic file (type png
)
<use ../dir1/direccion_imagenes/panel_participacion.png>
Package pdftex.def Info: ../dir1/direccion_imagenes/panel_participacion.png  us
ed on input line 770.
(pdftex.def)             Requested size: 486.25761pt x 120.83458pt.
<../dir1/direccion_imagenes/matriz_municipal.png, id=787, 787.743pt x 463.331pt
>
File: ../dir1/direccion_imagenes/matriz_municipal.png Graphic file (type png)
<use ../dir1/direccion_imagenes/matriz_municipal.png>
Package pdftex.def Info: ../dir1/direccion_imagenes/matriz_municipal.png  used 
on input line 779.
(pdftex.def)             Requested size: 457.08334pt x 268.85234pt.
 [32
pdfTeX warning (ext4): destination with the same identifier (name{figure.3}) ha
s been already used, duplicate ignored
<argument> ...shipout:D \box_use:N \l_shipout_box 
                                                  \__shipout_drop_firstpage_...
l.783 
      
pdfTeX warning (ext4): destination with the same identifier (name{figure.4}) ha
s been already used, duplicate ignored
<argument> ...shipout:D \box_use:N \l_shipout_box 
                                                  \__shipout_drop_firstpage_...
l.783 
      {C:/Users/narro/AppData/Local/Programs/MiKTeX/fonts/enc/dvips/lm/lm-rm.en
c}{C:/Users/narro/AppData/Local/Programs/MiKTeX/fonts/enc/dvips/lm/lm-mathit.en
c} <../dir1/direccion_imagenes/panel_conteos.png> <../dir1/direccion_imagenes/p
anel_participacion.png>]
<../dir1/direccion_imagenes/mapas_comparables.png, id=802, 666.49pt x 364.9635p
t>
File: ../dir1/direccion_imagenes/mapas_comparables.png Graphic file (type png)
<use ../dir1/direccion_imagenes/mapas_comparables.png>
Package pdftex.def Info: ../dir1/direccion_imagenes/mapas_comparables.png  used
 on input line 792.
(pdftex.def)             Requested size: 486.25761pt x 266.27634pt.
 [33
pdfTeX warning (ext4): destination with the same identifier (name{figure.5}) ha
s been already used, duplicate ignored
<argument> ...shipout:D \box_use:N \l_shipout_box 
                                                  \__shipout_drop_firstpage_...
l.796 
       <../dir1/direccion_imagenes/matriz_municipal.png>]
<../dir1/direccion_imagenes/municipios.png, id=811, 777.7055pt x 271.0125pt>
File: ../dir1/direccion_imagenes/municipios.png Graphic file (type png)
<use ../dir1/direccion_imagenes/municipios.png>
Package pdftex.def Info: ../dir1/direccion_imagenes/municipios.png  used on inp
ut line 799.
(pdftex.def)             Requested size: 457.08334pt x 159.28395pt.
<../dir1/direccion_imagenes/posibles_comerciales.png, id=812, 717.4805pt x 353.
7215pt>
File: ../dir1/direccion_imagenes/posibles_comerciales.png Graphic file (type pn
g)
<use ../dir1/direccion_imagenes/posibles_comerciales.png>
Package pdftex.def Info: ../dir1/direccion_imagenes/posibles_comerciales.png  u
sed on input line 810.
(pdftex.def)             Requested size: 457.08334pt x 225.34468pt.
 [34
pdfTeX warning (ext4): destination with the same identifier (name{figure.6}) ha
s been already used, duplicate ignored
<argument> ...shipout:D \box_use:N \l_shipout_box 
                                                  \__shipout_drop_firstpage_...
l.814 
      
pdfTeX warning (ext4): destination with the same identifier (name{figure.7}) ha
s been already used, duplicate ignored
<argument> ...shipout:D \box_use:N \l_shipout_box 
                                                  \__shipout_drop_firstpage_...
l.814 
       <../dir1/direccion_imagenes/mapas_comparables.png> <../dir1/direccion_im
agenes/municipios.png>]
<../dir1/direccion_imagenes/ranking_comerciales.png, id=820, 782.5235pt x 271.4
14pt>
File: ../dir1/direccion_imagenes/ranking_comerciales.png Graphic file (type png
)
<use ../dir1/direccion_imagenes/ranking_comerciales.png>
Package pdftex.def Info: ../dir1/direccion_imagenes/ranking_comerciales.png  us
ed on input line 817.
(pdftex.def)             Requested size: 447.35611pt x 155.16728pt.
<../dir1/direccion_imagenes/pequenas_panel_0.png, id=821, 886.1105pt x 216.4085
pt>
File: ../dir1/direccion_imagenes/pequenas_panel_0.png Graphic file (type png)
<use ../dir1/direccion_imagenes/pequenas_panel_0.png>
Package pdftex.def Info: ../dir1/direccion_imagenes/pequenas_panel_0.png  used 
on input line 828.
(pdftex.def)             Requested size: 486.25761pt x 118.75424pt.
 [35
pdfTeX warning (ext4): destination with the same identifier (name{figure.8}) ha
s been already used, duplicate ignored
<argument> ...shipout:D \box_use:N \l_shipout_box 
                                                  \__shipout_drop_firstpage_...
l.832 
      
pdfTeX warning (ext4): destination with the same identifier (name{figure.9}) ha
s been already used, duplicate ignored
<argument> ...shipout:D \box_use:N \l_shipout_box 
                                                  \__shipout_drop_firstpage_...
l.832 
       <../dir1/direccion_imagenes/posibles_comerciales.png> <../dir1/direccion
_imagenes/ranking_comerciales.png>]
<../dir1/direccion_imagenes/pequenas_panel_1.png, id=831, 878.482pt x 216.4085p
t>
File: ../dir1/direccion_imagenes/pequenas_panel_1.png Graphic file (type png)
<use ../dir1/direccion_imagenes/pequenas_panel_1.png>
Package pdftex.def Info: ../dir1/direccion_imagenes/pequenas_panel_1.png  used 
on input line 835.
(pdftex.def)             Requested size: 486.25761pt x 119.78781pt.
<../../outputs/cuenca_alto_atoyac_puebla_estricto_mh/maps/png/03_establecimient
os_distancia_rio.png, id=832, 2107.875pt x 1430.34375pt>
File: ../../outputs/cuenca_alto_atoyac_puebla_estricto_mh/maps/png/03_estableci
mientos_distancia_rio.png Graphic file (type png)
<use ../../outputs/cuenca_alto_atoyac_puebla_estricto_mh/maps/png/03_establecim
ientos_distancia_rio.png>
Package pdftex.def Info: ../../outputs/cuenca_alto_atoyac_puebla_estricto_mh/ma
ps/png/03_establecimientos_distancia_rio.png  used on input line 849.
(pdftex.def)             Requested size: 457.08334pt x 310.15877pt.
 [36
pdfTeX warning (ext4): destination with the same identifier (name{figure.10}) h
as been already used, duplicate ignored
<argument> ...shipout:D \box_use:N \l_shipout_box 
                                                  \__shipout_drop_firstpage_...
l.853 
      
pdfTeX warning (ext4): destination with the same identifier (name{figure.11}) h
as been already used, duplicate ignored
<argument> ...shipout:D \box_use:N \l_shipout_box 
                                                  \__shipout_drop_firstpage_...
l.853 
       <../dir1/direccion_imagenes/pequenas_panel_0.png> <../dir1/direccion_ima
genes/pequenas_panel_1.png>] [37
pdfTeX warning (ext4): destination with the same identifier (name{figure.12}) h
as been already used, duplicate ignored
<argument> ...shipout:D \box_use:N \l_shipout_box 
                                                  \__shipout_drop_firstpage_...
l.865 
       <../../outputs/cuenca_alto_atoyac_puebla_estricto_mh/maps/png/03_estable
cimientos_distancia_rio.png>]
<../../outputs/parte_2/03_diagnosticos/figuras/03_curvas_k_distancia.png, id=85
1, 1003.896pt x 412.9245pt>
File: ../../outputs/parte_2/03_diagnosticos/figuras/03_curvas_k_distancia.png G
raphic file (type png)
<use ../../outputs/parte_2/03_diagnosticos/figuras/03_curvas_k_distancia.png>
Package pdftex.def Info: ../../outputs/parte_2/03_diagnosticos/figuras/03_curva
s_k_distancia.png  used on input line 892.
(pdftex.def)             Requested size: 486.25761pt x 200.0098pt.
 [38
pdfTeX warning (ext4): destination with the same identifier (name{table.4}) has
 been already used, duplicate ignored
<argument> ...shipout:D \box_use:N \l_shipout_box 
                                                  \__shipout_drop_firstpage_...
l.896 
      ] [39
pdfTeX warning (ext4): destination with the same identifier (name{figure.13}) h
as been already used, duplicate ignored
<argument> ...shipout:D \box_use:N \l_shipout_box 
                                                  \__shipout_drop_firstpage_...
l.920 
      {C:/Users/narro/AppData/Local/Programs/MiKTeX/fonts/enc/dvips/lm/lm-mathe
x.enc} <../../outputs/parte_2/03_diagnosticos/figuras/03_curvas_k_distancia.png
>] [40] [41]
<../../outputs/parte_2/03_diagnosticos/figuras/01_kde_hex_cuenca.png, id=879, 1
110.33pt x 713.502pt>
File: ../../outputs/parte_2/03_diagnosticos/figuras/01_kde_hex_cuenca.png Graph
ic file (type png)
<use ../../outputs/parte_2/03_diagnosticos/figuras/01_kde_hex_cuenca.png>
Package pdftex.def Info: ../../outputs/parte_2/03_diagnosticos/figuras/01_kde_h
ex_cuenca.png  used on input line 965.
(pdftex.def)             Requested size: 653.5911pt x 420.00447pt.
 [42


pdfTeX warning (ext4): destination with the same identifier (name{figure.14}) h
as been already used, duplicate ignored
<argument> ...shipout:D \box_use:N \l_shipout_box 
                                                  \__shipout_drop_firstpage_...
l.976 \end{landscape}
                      <../../outputs/parte_2/03_diagnosticos/figuras/01_kde_hex
_cuenca.png>] [43

]
<../../outputs/parte_2/03_diagnosticos/figuras/02_kde_hex_mega_cluster.png, id=
893, 1148.436pt x 713.502pt>
File: ../../outputs/parte_2/03_diagnosticos/figuras/02_kde_hex_mega_cluster.png
 Graphic file (type png)
<use ../../outputs/parte_2/03_diagnosticos/figuras/02_kde_hex_mega_cluster.png>

Package pdftex.def Info: ../../outputs/parte_2/03_diagnosticos/figuras/02_kde_h
ex_mega_cluster.png  used on input line 998.
(pdftex.def)             Requested size: 653.5911pt x 406.0798pt.
 [44


pdfTeX warning (ext4): destination with the same identifier (name{figure.15}) h
as been already used, duplicate ignored
<argument> ...shipout:D \box_use:N \l_shipout_box 
                                                  \__shipout_drop_firstpage_...
l.1002 \end{landscape}
                       <../../outputs/parte_2/03_diagnosticos/figuras/02_kde_he
x_mega_cluster.png>] [45

]
Overfull \hbox (3.24597pt too wide) in paragraph at lines 1041--1041
[]|\T1/lmr/bx/n/10 (-20) Escenarios| 
 []


Underfull \hbox (badness 10000) in paragraph at lines 1041--1041
[]|\T1/lmr/m/n/10 (+20) Solo coor-de-na-das \T1/lmtt/m/n/10 x_utm14n\T1/lmr/m/n
/10 (+20) ,
 []

[46
pdfTeX warning (ext4): destination with the same identifier (name{table.5}) has
 been already used, duplicate ignored
<argument> ...shipout:D \box_use:N \l_shipout_box 
                                                  \__shipout_drop_firstpage_...
l.1058 \subsection{Criterios de seleccion}
                                          ] [47]
<../../outputs/parte_2/10_figuras/02_comparacion_escenarios.png, id=917, 638.78
65pt x 422.378pt>
File: ../../outputs/parte_2/10_figuras/02_comparacion_escenarios.png Graphic fi
le (type png)
<use ../../outputs/parte_2/10_figuras/02_comparacion_escenarios.png>
Package pdftex.def Info: ../../outputs/parte_2/10_figuras/02_comparacion_escena
rios.png  used on input line 1070.
(pdftex.def)             Requested size: 626.91827pt x 414.55278pt.
 [48


pdfTeX warning (ext4): destination with the same identifier (name{figure.16}) h
as been already used, duplicate ignored
<argument> ...shipout:D \box_use:N \l_shipout_box 
                                                  \__shipout_drop_firstpage_...
l.1074 \end{landscape}
                       <../../outputs/parte_2/10_figuras/02_comparacion_escenar
ios.png>] [49

] [50


pdfTeX warning (ext4): destination with the same identifier (name{table.6}) has
 been already used, duplicate ignored
<argument> ...shipout:D \box_use:N \l_shipout_box 
                                                  \__shipout_drop_firstpage_...
l.1101 \end{landscape}
                      ] [51

]
<../../outputs/parte_2/13_figuras_finales/05_robustez_escenarios.png, id=946, 9
28.0125pt x 391.2435pt>
File: ../../outputs/parte_2/13_figuras_finales/05_robustez_escenarios.png Graph
ic file (type png)
<use ../../outputs/parte_2/13_figuras_finales/05_robustez_escenarios.png>
Package pdftex.def Info: ../../outputs/parte_2/13_figuras_finales/05_robustez_e
scenarios.png  used on input line 1114.
(pdftex.def)             Requested size: 646.92543pt x 272.74026pt.
 [52


pdfTeX warning (ext4): destination with the same identifier (name{figure.17}) h
as been already used, duplicate ignored
<argument> ...shipout:D \box_use:N \l_shipout_box 
                                                  \__shipout_drop_firstpage_...
l.1118 \end{landscape}
                       <../../outputs/parte_2/13_figuras_finales/05_robustez_es
cenarios.png>]
Overfull \hbox (13.26193pt too wide) in paragraph at lines 1142--1143
[]\T1/lmr/m/n/10.95 (-20) Aqui S1 y S2 co-rres-pon-den a \T1/lmtt/m/n/10.95 min
_samples\T1/lmr/m/n/10.95 (-20) =20 con ta-ma-ños mi-ni-mos 20 y 30; S3 y S4 a 
\T1/lmtt/m/n/10.95 min_samples\T1/lmr/m/n/10.95 (-20) =10
 []

<../../outputs/parte_2/13_figuras_finales/03_persistencia_territorial.png, id=9
54, 492.093pt x 593.271pt>
File: ../../outputs/parte_2/13_figuras_finales/03_persistencia_territorial.png 
Graphic file (type png)
<use ../../outputs/parte_2/13_figuras_finales/03_persistencia_territorial.png>
Package pdftex.def Info: ../../outputs/parte_2/13_figuras_finales/03_persistenc
ia_territorial.png  used on input line 1156.
(pdftex.def)             Requested size: 379.28033pt x 457.28175pt.
[53


pdfTeX warning (ext4): destination with the same identifier (name{table.7}) has
 been already used, duplicate ignored
<argument> ...shipout:D \box_use:N \l_shipout_box 
                                                  \__shipout_drop_firstpage_...
l.1160 
       ] [54
pdfTeX warning (ext4): destination with the same identifier (name{figure.18}) h
as been already used, duplicate ignored
<argument> ...shipout:D \box_use:N \l_shipout_box 
                                                  \__shipout_drop_firstpage_...
l.1166 
        <../../outputs/parte_2/13_figuras_finales/03_persistencia_territorial.p
ng>]
Underfull \hbox (badness 10000) in paragraph at lines 1174--1174
[]|\T1/lmr/m/n/10.95 (+20) Persistencia de
 []


Overfull \hbox (31.10107pt too wide) in paragraph at lines 1176--1176
[]|\T1/lmr/m/n/10.95 (-20) Continuidad/compacidad| 
 []

<../../outputs/parte_2/13_figuras_finales/02_clusters_principales.png, id=970, 
466.47pt x 593.271pt>
File: ../../outputs/parte_2/13_figuras_finales/02_clusters_principales.png Grap
hic file (type png)
<use ../../outputs/parte_2/13_figuras_finales/02_clusters_principales.png>
Package pdftex.def Info: ../../outputs/parte_2/13_figuras_finales/02_clusters_p
rincipales.png  used on input line 1198.
(pdftex.def)             Requested size: 398.7348pt x 507.11618pt.
[55] [56
pdfTeX warning (ext4): destination with the same identifier (name{figure.19}) h
as been already used, duplicate ignored
<argument> ...shipout:D \box_use:N \l_shipout_box 
                                                  \__shipout_drop_firstpage_...
l.1208 
        <../../outputs/parte_2/13_figuras_finales/02_clusters_principales.png>]
<../../outputs/parte_2/13_figuras_finales/01_universos_borde.png, id=984, 474.6
825pt x 592.9425pt>
File: ../../outputs/parte_2/13_figuras_finales/01_universos_borde.png Graphic f
ile (type png)
<use ../../outputs/parte_2/13_figuras_finales/01_universos_borde.png>
Package pdftex.def Info: ../../outputs/parte_2/13_figuras_finales/01_universos_
borde.png  used on input line 1211.
(pdftex.def)             Requested size: 350.10606pt x 437.35011pt.
[57
pdfTeX warning (ext4): destination with the same identifier (name{figure.20}) h
as been already used, duplicate ignored
<argument> ...shipout:D \box_use:N \l_shipout_box 
                                                  \__shipout_drop_firstpage_...
l.1233 
        <../../outputs/parte_2/13_figuras_finales/01_universos_borde.png>]
<../../outputs/parte_2/12_atlas/ruido_disperso.png, id=992, 794.2473pt x 430.72
92pt>
File: ../../outputs/parte_2/12_atlas/ruido_disperso.png Graphic file (type png)

<use ../../outputs/parte_2/12_atlas/ruido_disperso.png>
Package pdftex.def Info: ../../outputs/parte_2/12_atlas/ruido_disperso.png  use
d on input line 1240.
(pdftex.def)             Requested size: 476.53038pt x 258.43294pt.

[58
pdfTeX warning (ext4): destination with the same identifier (name{table.9}) has
 been already used, duplicate ignored
<argument> ...shipout:D \box_use:N \l_shipout_box 
                                                  \__shipout_drop_firstpage_...
l.1263 \end{preguntas}
                      
pdfTeX warning (ext4): destination with the same identifier (name{figure.21}) h
as been already used, duplicate ignored
<argument> ...shipout:D \box_use:N \l_shipout_box 
                                                  \__shipout_drop_firstpage_...
l.1263 \end{preguntas}
                       <../../outputs/parte_2/12_atlas/ruido_disperso.png>]
<../../outputs/parte_2/13_figuras_finales/04_tipos_productivos_clusters.png, id
=1001, 492.093pt x 593.271pt>
File: ../../outputs/parte_2/13_figuras_finales/04_tipos_productivos_clusters.pn
g Graphic file (type png)
<use ../../outputs/parte_2/13_figuras_finales/04_tipos_productivos_clusters.png
>
Package pdftex.def Info: ../../outputs/parte_2/13_figuras_finales/04_tipos_prod
uctivos_clusters.png  used on input line 1273.
(pdftex.def)             Requested size: 389.00757pt x 469.0139pt.

[59]
<../../outputs/parte_2/13_figuras_finales/06_composicion_multilabel.png, id=100
8, 759.1635pt x 598.8555pt>
File: ../../outputs/parte_2/13_figuras_finales/06_composicion_multilabel.png Gr
aphic file (type png)
<use ../../outputs/parte_2/13_figuras_finales/06_composicion_multilabel.png>
Package pdftex.def Info: ../../outputs/parte_2/13_figuras_finales/06_composicio
n_multilabel.png  used on input line 1284.
(pdftex.def)             Requested size: 476.53038pt x 375.90115pt.
 [60
pdfTeX warning (ext4): destination with the same identifier (name{figure.22}) h
as been already used, duplicate ignored
<argument> ...shipout:D \box_use:N \l_shipout_box 
                                                  \__shipout_drop_firstpage_...
l.1287 \end{figure}
                    <../../outputs/parte_2/13_figuras_finales/04_tipos_producti
vos_clusters.png>] [61
pdfTeX warning (ext4): destination with the same identifier (name{figure.23}) h
as been already used, duplicate ignored
<argument> ...shipout:D \box_use:N \l_shipout_box 
                                                  \__shipout_drop_firstpage_...
l.1314 
        <../../outputs/parte_2/13_figuras_finales/06_composicion_multilabel.png
>]
<../../outputs/parte_2/12_atlas/cluster_008.png, id=1026, 802.55835pt x 430.729
2pt>
File: ../../outputs/parte_2/12_atlas/cluster_008.png Graphic file (type png)
<use ../../outputs/parte_2/12_atlas/cluster_008.png>
Package pdftex.def Info: ../../outputs/parte_2/12_atlas/cluster_008.png  used o
n input line 1321.
(pdftex.def)             Requested size: 476.53038pt x 255.75798pt.
<../../outputs/parte_2/12_atlas/cluster_020.png, id=1027, 841.2228pt x 430.7292
pt>
File: ../../outputs/parte_2/12_atlas/cluster_020.png Graphic file (type png)
<use ../../outputs/parte_2/12_atlas/cluster_020.png>
Package pdftex.def Info: ../../outputs/parte_2/12_atlas/cluster_020.png  used o
n input line 1328.
(pdftex.def)             Requested size: 476.53038pt x 243.9934pt.
 [62
pdfTeX warning (ext4): destination with the same identifier (name{table.10}) ha
s been already used, duplicate ignored
<argument> ...shipout:D \box_use:N \l_shipout_box 
                                                  \__shipout_drop_firstpage_...
l.1332 
       
pdfTeX warning (ext4): destination with the same identifier (name{figure.24}) h
as been already used, duplicate ignored
<argument> ...shipout:D \box_use:N \l_shipout_box 
                                                  \__shipout_drop_firstpage_...
l.1332 
        <../../outputs/parte_2/12_atlas/cluster_008.png>]
<../../outputs/parte_2/13_figuras_finales/08_clusters_vs_ruido.png, id=1037, 71
1.2025pt x 494.721pt>
File: ../../outputs/parte_2/13_figuras_finales/08_clusters_vs_ruido.png Graphic
 file (type png)
<use ../../outputs/parte_2/13_figuras_finales/08_clusters_vs_ruido.png>
Package pdftex.def Info: ../../outputs/parte_2/13_figuras_finales/08_clusters_v
s_ruido.png  used on input line 1339.
(pdftex.def)             Requested size: 427.90907pt x 297.6577pt.
 [63
pdfTeX warning (ext4): destination with the same identifier (name{figure.25}) h
as been already used, duplicate ignored
<argument> ...shipout:D \box_use:N \l_shipout_box 
                                                  \__shipout_drop_firstpage_...
l.1343 
        <../../outputs/parte_2/12_atlas/cluster_020.png>] [64
pdfTeX warning (ext4): destination with the same identifier (name{figure.26}) h
as been already used, duplicate ignored
<argument> ...shipout:D \box_use:N \l_shipout_box 
                                                  \__shipout_drop_firstpage_...
l.1358 \]
          <../../outputs/parte_2/13_figuras_finales/08_clusters_vs_ruido.png>]
[65] [66] [67


pdfTeX warning (ext4): destination with the same identifier (name{table.11}) ha
s been already used, duplicate ignored
<argument> ...shipout:D \box_use:N \l_shipout_box 
                                                  \__shipout_drop_firstpage_...
l.1405 \end{landscape}
                      ]
<../../outputs/parte_2/13_figuras_finales/07_rasgos_distintivos.png, id=1076, 8
03.8395pt x 633.6765pt>
File: ../../outputs/parte_2/13_figuras_finales/07_rasgos_distintivos.png Graphi
c file (type png)
<use ../../outputs/parte_2/13_figuras_finales/07_rasgos_distintivos.png>
Package pdftex.def Info: ../../outputs/parte_2/13_figuras_finales/07_rasgos_dis
tintivos.png  used on input line 1409.
(pdftex.def)             Requested size: 476.53038pt x 375.66435pt.
 [68


pdfTeX warning (ext4): destination with the same identifier (name{figure.27}) h
as been already used, duplicate ignored
<argument> ...shipout:D \box_use:N \l_shipout_box 
                                                  \__shipout_drop_firstpage_...
l.1432 \end{preguntas}
                       <../../outputs/parte_2/13_figuras_finales/07_rasgos_dist
intivos.png>] [69]
<../../outputs/parte_2/13_figuras_finales/09_similitud_perfiles.png, id=1090, 6
39.918pt x 563.049pt>
File: ../../outputs/parte_2/13_figuras_finales/09_similitud_perfiles.png Graphi
c file (type png)
<use ../../outputs/parte_2/13_figuras_finales/09_similitud_perfiles.png>
Package pdftex.def Info: ../../outputs/parte_2/13_figuras_finales/09_similitud_
perfiles.png  used on input line 1472.
(pdftex.def)             Requested size: 466.81056pt x 410.73883pt.
 [70
pdfTeX warning (ext4): destination with the same identifier (name{table.12}) ha
s been already used, duplicate ignored
<argument> ...shipout:D \box_use:N \l_shipout_box 
                                                  \__shipout_drop_firstpage_...
l.1476 
       ] [71
pdfTeX warning (ext4): destination with the same identifier (name{figure.28}) h
as been already used, duplicate ignored
<argument> ...shipout:D \box_use:N \l_shipout_box 
                                                  \__shipout_drop_firstpage_...
l.1489 \end{hechos}
                    <../../outputs/parte_2/13_figuras_finales/09_similitud_perf
iles.png>]
<../../outputs/parte_2/14_segunda_pasada/figuras/03_subnucleos_mega_etiquetados
.png, id=1104, 574.218pt x 492.4215pt>
File: ../../outputs/parte_2/14_segunda_pasada/figuras/03_subnucleos_mega_etique
tados.png Graphic file (type png)
<use ../../outputs/parte_2/14_segunda_pasada/figuras/03_subnucleos_mega_etiquet
ados.png>
Package pdftex.def Info: ../../outputs/parte_2/14_segunda_pasada/figuras/03_sub
nucleos_mega_etiquetados.png  used on input line 1513.
(pdftex.def)             Requested size: 408.4546pt x 350.28291pt.
 [72]
ignored error: Infinite glue shrinkage found in box being split [73
pdfTeX warning (ext4): destination with the same identifier (name{figure.29}) h
as been already used, duplicate ignored
<argument> ...shipout:D \box_use:N \l_shipout_box 
                                                  \__shipout_drop_firstpage_...
l.1549 \end{longtable}
                       <../../outputs/parte_2/14_segunda_pasada/figuras/03_subn
ucleos_mega_etiquetados.png>] [74] [75
pdfTeX warning (ext4): destination with the same identifier (name{table.14}) ha
s been already used, duplicate ignored
<argument> ...shipout:D \box_use:N \l_shipout_box 
                                                  \__shipout_drop_firstpage_...
l.1630 
       ]
<../../outputs/parte_2/14_segunda_pasada/figuras/08_ranking_lavanderia.png, id=
1132, 604.1115pt x 453.6585pt>
File: ../../outputs/parte_2/14_segunda_pasada/figuras/08_ranking_lavanderia.png
 Graphic file (type png)
<use ../../outputs/parte_2/14_segunda_pasada/figuras/08_ranking_lavanderia.png>

Package pdftex.def Info: ../../outputs/parte_2/14_segunda_pasada/figuras/08_ran
king_lavanderia.png  used on input line 1633.
(pdftex.def)             Requested size: 437.62888pt x 328.64131pt.
 [76
pdfTeX warning (ext4): destination with the same identifier (name{table.15}) ha
s been already used, duplicate ignored
<argument> ...shipout:D \box_use:N \l_shipout_box 
                                                  \__shipout_drop_firstpage_...
l.1641 
       
pdfTeX warning (ext4): destination with the same identifier (name{figure.30}) h
as been already used, duplicate ignored
<argument> ...shipout:D \box_use:N \l_shipout_box 
                                                  \__shipout_drop_firstpage_...
l.1641 
        <../../outputs/parte_2/14_segunda_pasada/figuras/08_ranking_lavanderia.
png>] [77]
Underfull \hbox (badness 10000) in paragraph at lines 1706--1706
[]|$\T1/lmtt/m/n/10.95 outputs / parte _ 2 / 01 _
 []


Underfull \hbox (badness 10000) in paragraph at lines 1706--1706
\T1/lmtt/m/n/10.95 matriz / matriz _ maestra _
 []


Underfull \hbox (badness 10000) in paragraph at lines 1707--1707
[]|$\T1/lmtt/m/n/10.95 outputs / parte _
 []


Underfull \hbox (badness 10000) in paragraph at lines 1707--1707
\T1/lmtt/m/n/10.95 2 / 02 _ geometrias /
 []


Underfull \hbox (badness 10000) in paragraph at lines 1707--1707
\T1/lmtt/m/n/10.95 establecimientos _ parte2 .
 []


Underfull \hbox (badness 10000) in paragraph at lines 1708--1708
[]|$\T1/lmtt/m/n/10.95 outputs / parte _ 2 / 02 _
 []


Underfull \hbox (badness 10000) in paragraph at lines 1708--1708
\T1/lmtt/m/n/10.95 geometrias / contexto _
 []


Underfull \hbox (badness 10000) in paragraph at lines 1709--1709
[]|$\T1/lmtt/m/n/10.95 outputs / parte _ 2 / 05 _
 []


Underfull \hbox (badness 10000) in paragraph at lines 1709--1709
\T1/lmtt/m/n/10.95 seleccion / persistencia _
 []


Underfull \hbox (badness 4954) in paragraph at lines 1709--1709
[]|\T1/lmr/m/n/10.95 (+20) Estabilidad por es-ta-ble-ci-
 []


Underfull \hbox (badness 10000) in paragraph at lines 1710--1710
[]|$\T1/lmtt/m/n/10.95 outputs / parte _ 2 / 06 _
 []


Underfull \hbox (badness 10000) in paragraph at lines 1710--1710
\T1/lmtt/m/n/10.95 clusters / solucion _
 []


Underfull \hbox (badness 10000) in paragraph at lines 1711--1711
[]|$\T1/lmtt/m/n/10.95 outputs / parte _ 2 / 06 _
 []


Underfull \hbox (badness 10000) in paragraph at lines 1711--1711
\T1/lmtt/m/n/10.95 clusters / resumen _
 []


Underfull \hbox (badness 10000) in paragraph at lines 1712--1712
[]|$\T1/lmtt/m/n/10.95 outputs / parte _
 []


Underfull \hbox (badness 10000) in paragraph at lines 1712--1712
\T1/lmtt/m/n/10.95 2 / 07 _ perfiles /
 []


Underfull \hbox (badness 10000) in paragraph at lines 1712--1712
\T1/lmtt/m/n/10.95 establecimientos _
 []


Underfull \hbox (badness 10000) in paragraph at lines 1713--1713
[]|$\T1/lmtt/m/n/10.95 outputs / parte _ 2 / 07 _
 []


Underfull \hbox (badness 10000) in paragraph at lines 1713--1713
\T1/lmtt/m/n/10.95 perfiles / perfiles _
 []


Underfull \hbox (badness 10000) in paragraph at lines 1714--1714
[]|$\T1/lmtt/m/n/10.95 outputs / parte _ 2 / 07 _
 []


Underfull \hbox (badness 10000) in paragraph at lines 1714--1714
\T1/lmtt/m/n/10.95 perfiles / composicion _
 []


Underfull \hbox (badness 10000) in paragraph at lines 1714--1714
\T1/lmtt/m/n/10.95 municipal . csv$ \T1/lmr/m/n/10.95 (+20) y
 []


Underfull \hbox (badness 10000) in paragraph at lines 1714--1714
\T1/lmtt/m/n/10.95 composicion _ localidad .
 []


Underfull \hbox (badness 10000) in paragraph at lines 1715--1715
[]|$\T1/lmtt/m/n/10.95 outputs / parte _ 2 / 08 _
 []


Underfull \hbox (badness 10000) in paragraph at lines 1715--1715
\T1/lmtt/m/n/10.95 sobrerrepresentacion /
 []


Underfull \hbox (badness 10000) in paragraph at lines 1715--1715
\T1/lmtt/m/n/10.95 sobrerrepresentacion _
 []


Underfull \hbox (badness 10000) in paragraph at lines 1716--1716
[]|$\T1/lmtt/m/n/10.95 outputs / parte _ 2 / 11 _
 []


Underfull \hbox (badness 10000) in paragraph at lines 1716--1716
\T1/lmtt/m/n/10.95 cierre / fichas _ resumen _
 []


Underfull \hbox (badness 10000) in paragraph at lines 1717--1717
[]|$\T1/lmtt/m/n/10.95 outputs / parte _ 2 / 11 _
 []


Underfull \hbox (badness 10000) in paragraph at lines 1717--1717
\T1/lmtt/m/n/10.95 cierre / diagnostico _ mega _
 []


Underfull \hbox (badness 10000) in paragraph at lines 1718--1718
[]|$\T1/lmtt/m/n/10.95 outputs / parte _ 2 / 11 _
 []


Underfull \hbox (badness 10000) in paragraph at lines 1718--1718
\T1/lmtt/m/n/10.95 cierre / validacion _ final .
 []


Underfull \hbox (badness 2818) in paragraph at lines 1718--1718
\T1/lmtt/m/n/10.95 csv$ \T1/lmr/m/n/10.95 (+20) y $\T1/lmtt/m/n/10.95 inventari
o _ cierre .
 []


Underfull \hbox (badness 10000) in paragraph at lines 1719--1719
[]|$\T1/lmtt/m/n/10.95 outputs / parte _ 2 / 12 _
 []


Underfull \hbox (badness 10000) in paragraph at lines 1720--1720
[]|$\T1/lmtt/m/n/10.95 outputs / parte _ 2 /
 []


Underfull \hbox (badness 10000) in paragraph at lines 1720--1720
\T1/lmtt/m/n/10.95 14 _ segunda _ pasada /
 []


Underfull \hbox (badness 10000) in paragraph at lines 1720--1720
\T1/lmtt/m/n/10.95 subnucleos _ mega _ cluster _
 []


Underfull \hbox (badness 10000) in paragraph at lines 1721--1721
[]|$\T1/lmtt/m/n/10.95 outputs / parte _ 2 /
 []


Underfull \hbox (badness 10000) in paragraph at lines 1721--1721
\T1/lmtt/m/n/10.95 14 _ segunda _ pasada /
 []


Underfull \hbox (badness 10000) in paragraph at lines 1721--1721
\T1/lmtt/m/n/10.95 explorador _ interactivo _
 []


Underfull \hbox (badness 10000) in paragraph at lines 1722--1722
[]|$\T1/lmtt/m/n/10.95 outputs / cuenca _ alto _
 []


Underfull \hbox (badness 10000) in paragraph at lines 1722--1722
\T1/lmtt/m/n/10.95 atoyac _ puebla _ estricto _
 []


Underfull \hbox (badness 10000) in paragraph at lines 1723--1723
[]|$\T1/lmtt/m/n/10.95 outputs / xalmimilulco/$ \T1/lmr/m/n/10.95 (+20) y
 []

[78
pdfTeX warning (ext4): destination with the same identifier (name{table.16}) ha
s been already used, duplicate ignored
<argument> ...shipout:D \box_use:N \l_shipout_box 
                                                  \__shipout_drop_firstpage_...
l.1725 \end{longtable}
                      ]
ignored error: Infinite glue shrinkage found in box being split [79] [80]
Underfull \hbox (badness 10000) in paragraph at lines 1777--1777
[]|\T1/lmr/m/n/10.95 (+20) Flujo le-gacy de Xal-mi-mi-lul-
 []


Underfull \hbox (badness 4967) in paragraph at lines 1777--1777
\T1/lmr/m/n/10.95 (+20) co/Huejotzingo: car-ga, nor-ma-
 []


Underfull \hbox (badness 10000) in paragraph at lines 1777--1777
\T1/lmr/m/n/10.95 (+20) li-za-cion, fil-tros, au-di-to-ria y
 []


Underfull \hbox (badness 7186) in paragraph at lines 1777--1778
[]|$\T1/lmtt/m/n/10.95 outputs / xalmimilulco/$\T1/lmr/m/n/10.95 (+20) , $\T1/l
mtt/m/n/10.95 outputs /
 []


Underfull \hbox (badness 10000) in paragraph at lines 1778--1779
[]|$\T1/lmtt/m/n/10.95 outputs / cuenca _ alto _ atoyac _
 []


Underfull \hbox (badness 10000) in paragraph at lines 1779--1779
[]|$\T1/lmtt/m/n/10.95 200 _ parte2 _ comun .
 []


Underfull \hbox (badness 10000) in paragraph at lines 1780--1781
[]|\T1/lmr/m/n/10.95 (+20) Etapas $\T1/lmtt/m/n/10.95 00 _ auditoria$ \T1/lmr/m
/n/10.95 (+20) a
 []


Underfull \hbox (badness 10000) in paragraph at lines 1781--1781
[]|\T1/lmr/m/n/10.95 (+20) Bateria DBS-
 []


Underfull \hbox (badness 10000) in paragraph at lines 1781--1781
\T1/lmr/m/n/10.95 (+20) CAN/HDBSCAN/OPTICS,
 []


Underfull \hbox (badness 1902) in paragraph at lines 1783--1784
[]|\T1/lmr/m/n/10.95 (+20) Etapas $\T1/lmtt/m/n/10.95 11 _ cierre$\T1/lmr/m/n/1
0.95 (+20) , $\T1/lmtt/m/n/10.95 12 _ atlas$\T1/lmr/m/n/10.95 (+20) , $\T1/lmtt
/m/n/10.95 13 _
 []


Underfull \hbox (badness 10000) in paragraph at lines 1784--1784
[]|$\T1/lmtt/m/n/10.95 219 _ ejecutar _
 []


Underfull \hbox (badness 10000) in paragraph at lines 1784--1784
\T1/lmtt/m/n/10.95 parte2 _ completa .
 []


Underfull \hbox (badness 10000) in paragraph at lines 1785--1786
[]|$\T1/lmtt/m/n/10.95 outputs / parte _ 2 / 14 _ segunda _
 []


Underfull \hbox (badness 10000) in paragraph at lines 1786--1786
[]|$\T1/lmtt/m/n/10.95 223 _ figuras _
 []


Underfull \hbox (badness 10000) in paragraph at lines 1786--1786
\T1/lmtt/m/n/10.95 diagnostico _ kde _
 []


Underfull \hbox (badness 10000) in paragraph at lines 1786--1787
[]|$\T1/lmtt/m/n/10.95 outputs / parte _ 2 / 03 _
 []

[81]
Overfull \hbox (18.11026pt too wide) in paragraph at lines 1800--1801
[]\T1/lmr/m/n/10.95 (-20) La fuen-te ope-ra-ti-va mas am-plia es $\T1/lmtt/m/n/
10.95 outputs / parte _ 2 / 01 _ matriz / matriz _ maestra _ establecimientos .

 []


Overfull \hbox (5.19414pt too wide) in paragraph at lines 1805--1805
[]|\T1/lmr/bx/n/10.95 (-20) Tipo/unidad| 
 []


Overfull \hbox (5.19414pt too wide) in paragraph at lines 1809--1809
[]|\T1/lmr/bx/n/10.95 (-20) Tipo/unidad| 
 []


Underfull \hbox (badness 10000) in paragraph at lines 1815--1815
[]|\T1/lmtt/m/n/10.95 cve_scian\T1/lmr/m/n/10.95 (+20) ,
 []


Underfull \hbox (badness 10000) in paragraph at lines 1819--1819
[]|\T1/lmtt/m/n/10.95 Municipio\T1/lmr/m/n/10.95 (+20) ,
 []


Underfull \hbox (badness 10000) in paragraph at lines 1820--1820
[]|\T1/lmtt/m/n/10.95 SI\T1/lmr/m/n/10.95 (+20) , \T1/lmtt/m/n/10.95 REVISAR\T1
/lmr/m/n/10.95 (+20) ,
 []


Underfull \hbox (badness 10000) in paragraph at lines 1821--1821
[]|\T1/lmtt/m/n/10.95 textil\T1/lmr/m/n/10.95 (+20) , \T1/lmtt/m/n/10.95 mezcli
lla\T1/lmr/m/n/10.95 (+20) ,
 []


Underfull \hbox (badness 10000) in paragraph at lines 1822--1822
[]|\T1/lmtt/m/n/10.95 humedo_explicito\T1/lmr/m/n/10.95 (+20) ,
 []


Overfull \hbox (19.49487pt too wide) in paragraph at lines 1823--1823
[]|\T1/lmtt/m/n/10.95 proceso_seco_explicito| 
 []


Underfull \hbox (badness 1210) in paragraph at lines 1824--1825
[]|\T1/lmr/m/n/10.95 (+20) Perfilado, so-bre-rre-pre-sen-ta-
 []


Overfull \hbox (30.99234pt too wide) in paragraph at lines 1827--1827
[]|\T1/lmtt/m/n/10.95 persistencia_territorial| 
 []


Underfull \hbox (badness 10000) in paragraph at lines 1828--1828
[]|\T1/lmtt/m/n/10.95 CLUSTER_NNN \T1/lmr/m/n/10.95 (+20) o
 []


Underfull \hbox (badness 10000) in paragraph at lines 1829--1829
[]|\T1/lmtt/m/n/10.95 Descripcion
 []


Underfull \hbox (badness 10000) in paragraph at lines 1829--1829
\T1/lmtt/m/n/10.95 estrato personal
 []

[82]
ignored error: Infinite glue shrinkage found in box being split [83]
ignored error: Infinite glue shrinkage found in box being split [84] [85]
Underfull \hbox (badness 10000) in paragraph at lines 1922--1922
[]|$\T1/lmtt/m/n/10.95 223 _ figuras _
 []


Underfull \hbox (badness 10000) in paragraph at lines 1922--1922
\T1/lmtt/m/n/10.95 diagnostico _ kde _
 []


Underfull \hbox (badness 10000) in paragraph at lines 1923--1923
[]|$\T1/lmtt/m/n/10.95 03 _ curvas _ k _
 []


Underfull \hbox (badness 10000) in paragraph at lines 1924--1924
[]|$\T1/lmtt/m/n/10.95 02 _ clusters _
 []


Underfull \hbox (badness 10000) in paragraph at lines 1925--1925
[]|$\T1/lmtt/m/n/10.95 03 _ persistencia _
 []


Underfull \hbox (badness 10000) in paragraph at lines 1926--1926
[]|$\T1/lmtt/m/n/10.95 04 _ tipos _ productivos _
 []


Underfull \hbox (badness 10000) in paragraph at lines 1927--1927
[]|$\T1/lmtt/m/n/10.95 07 _ rasgos _
 []


Underfull \hbox (badness 10000) in paragraph at lines 1928--1928
[]|$\T1/lmtt/m/n/10.95 09 _ similitud _
 []


Underfull \hbox (badness 10000) in paragraph at lines 1929--1929
[]|$\T1/lmtt/m/n/10.95 cluster _ 004 .
 []


Underfull \hbox (badness 10000) in paragraph at lines 1931--1931
[]|$\T1/lmtt/m/n/10.95 03 _ subnucleos _ mega _
 []


Underfull \hbox (badness 10000) in paragraph at lines 1932--1932
[]|$\T1/lmtt/m/n/10.95 explorador _
 []


Underfull \hbox (badness 10000) in paragraph at lines 1932--1932
\T1/lmtt/m/n/10.95 interactivo _ clusters .
 []

ignored error: Infinite glue shrinkage found in box being split [86]
ignored error: Infinite glue shrinkage found in box being split [87]
Underfull \hbox (badness 10000) in paragraph at lines 1994--1994
[]|$\T1/lmtt/m/n/10 001 _ definicion _ universo .
 []


Underfull \hbox (badness 10000) in paragraph at lines 1994--1994
[]|$\T1/lmtt/m/n/10 002 _ borde _ crs _ y _
 []


Underfull \hbox (badness 10000) in paragraph at lines 1994--1994
[]|$\T1/lmtt/m/n/10 003 _ metodos _ y _ seleccion .
 []


Underfull \hbox (badness 10000) in paragraph at lines 1994--1994
[]|$\T1/lmtt/m/n/10 004 _ ruido _ perfiles _ y _
 []


Underfull \hbox (badness 10000) in paragraph at lines 1994--1994
[]|$\T1/lmtt/m/n/10 005 _ cierre _ y _ transicion _
 []

[88] (reporte_compelto.bbl [89]
Underfull \hbox (badness 6608) in paragraph at lines 28--34
[]\T1/lmr/m/n/10.95 (+20) Comisión Na-cio-nal del Agua.  Fir-man go-bier-nos de
 mé-xi-co y de pue-bla con-ve-nio
 []


Underfull \hbox (badness 5652) in paragraph at lines 28--34
\T1/lmr/m/n/10.95 (+20) con in-dus-trias tex-ti-les pa-ra me-jo-rar la ca-li-da
d del agua del río ato-yac.  Co-mu-
 []


Underfull \hbox (badness 10000) in paragraph at lines 28--34
\T1/lmr/m/n/10.95 (+20) ni-ca-do de pren-sa, No-vem-ber 2022.  URL [][]$\T1/lmt
t/m/n/10.95 https : / / www . gob . mx / conagua / prensa /
 []


Overfull \hbox (223.40341pt too wide) in paragraph at lines 28--34
\T1/lmtt/m/n/10.95 firman-[]gobiernos-[]de-[]mexico-[]y-[]de-[]puebla-[]conveni
o-[]con-[]industrias-[]textiles-[]para-[]mejorar-[]la-[]calidad-[]del-[]agua-[]
del-[]rio-[]atoyac ?
 []

) [90] 
enddocument/afterlastpage (AED): lastpage setting LastPage.
(reporte_compelto.aux
LaTeX Info: Redefining \. on input line 11.
LaTeX Info: Redefining \% on input line 11.
)
 ***********
LaTeX2e <2025-11-01>
L3 programming layer <2025-10-24>
 ***********
Package rerunfilecheck Info: File `reporte_compelto.out' has not changed.
(rerunfilecheck)             Checksum: 1E6543929BC84C9A2B6D91DEB1E8D095;25527.
 ) 
Here is how much of TeX's memory you used:
 33958 strings out of 467871
 677550 string characters out of 5418376
 1147975 words of memory out of 5000000
 61587 multiletter control sequences out of 15000+600000
 752610 words of font info for 297 fonts, out of 8000000 for 9000
 1141 hyphenation exceptions out of 8191
 98i,12n,108p,1383b,1006s stack positions out of 10000i,1000n,20000p,200000b,200000s
<C:/Users/narro/AppData/Local/Programs/MiKTeX/fonts/type1/public/lm/lmbx10.pf
b><C:/Users/narro/AppData/Local/Programs/MiKTeX/fonts/type1/public/lm/lmbx12.pf
b><C:/Users/narro/AppData/Local/Programs/MiKTeX/fonts/type1/public/lm/lmbx6.pfb
><C:/Users/narro/AppData/Local/Programs/MiKTeX/fonts/type1/public/lm/lmbx8.pfb>
<C:/Users/narro/AppData/Local/Programs/MiKTeX/fonts/type1/public/lm/lmbx9.pfb><
C:/Users/narro/AppData/Local/Programs/MiKTeX/fonts/type1/public/lm/lmex10.pfb><
C:/Users/narro/AppData/Local/Programs/MiKTeX/fonts/type1/public/lm/lmmi10.pfb><
C:/Users/narro/AppData/Local/Programs/MiKTeX/fonts/type1/public/lm/lmmi5.pfb><C
:/Users/narro/AppData/Local/Programs/MiKTeX/fonts/type1/public/lm/lmmi6.pfb><C:
/Users/narro/AppData/Local/Programs/MiKTeX/fonts/type1/public/lm/lmmi8.pfb><C:/
Users/narro/AppData/Local/Programs/MiKTeX/fonts/type1/public/lm/lmr10.pfb><C:/U
sers/narro/AppData/Local/Programs/MiKTeX/fonts/type1/public/lm/lmr12.pfb><C:/Us
ers/narro/AppData/Local/Programs/MiKTeX/fonts/type1/public/lm/lmr17.pfb><C:/Use
rs/narro/AppData/Local/Programs/MiKTeX/fonts/type1/public/lm/lmr5.pfb><C:/Users
/narro/AppData/Local/Programs/MiKTeX/fonts/type1/public/lm/lmr6.pfb><C:/Users/n
arro/AppData/Local/Programs/MiKTeX/fonts/type1/public/lm/lmr8.pfb><C:/Users/nar
ro/AppData/Local/Programs/MiKTeX/fonts/type1/public/lm/lmr9.pfb><C:/Users/narro
/AppData/Local/Programs/MiKTeX/fonts/type1/public/lm/lmri10.pfb><C:/Users/narro
/AppData/Local/Programs/MiKTeX/fonts/type1/public/lm/lmsy10.pfb><C:/Users/narro
/AppData/Local/Programs/MiKTeX/fonts/type1/public/lm/lmsy5.pfb><C:/Users/narro/
AppData/Local/Programs/MiKTeX/fonts/type1/public/lm/lmsy6.pfb><C:/Users/narro/A
ppData/Local/Programs/MiKTeX/fonts/type1/public/lm/lmsy8.pfb><C:/Users/narro/Ap
pData/Local/Programs/MiKTeX/fonts/type1/public/lm/lmtt10.pfb><C:/Users/narro/Ap
pData/Local/Programs/MiKTeX/fonts/type1/public/lm/lmtt9.pfb>
Output written on reporte_compelto.pdf (91 pages, 8071640 bytes).
PDF statistics:
 1424 PDF objects out of 1440 (max. 8388607)
 296 named destinations out of 1000 (max. 500000)
 68171 words of extra memory for PDF output out of 74296 (max. 10000000)

