\BOOKMARK [1][-]{section.1}{\376\377\000R\000e\000s\000u\000m\000e\000n\000\040\000e\000j\000e\000c\000u\000t\000i\000v\000o\000\040}{}% 1
\BOOKMARK [1][-]{section.2}{\376\377\000C\000o\000n\000t\000e\000x\000t\000o\000\040\000d\000e\000\040\000d\000e\000c\000i\000s\000i\000o\000n\000,\000\040\000p\000r\000o\000p\000o\000s\000i\000t\000o\000\040\000y\000\040\000a\000l\000c\000a\000n\000c\000e}{}% 2
\BOOKMARK [2][-]{subsection.2.1}{\376\377\000P\000r\000o\000b\000l\000e\000m\000a\000\040\000d\000e\000\040\000d\000e\000c\000i\000s\000i\000o\000n\000:\000\040\000A\000l\000c\000a\000n\000c\000e\000\040\000d\000e\000l\000\040\000d\000i\000a\000g\000n\000\363\000s\000t\000i\000c\000o\000\040\000y\000\040\000r\000e\000l\000a\000c\000i\000\363\000n\000\040\000c\000o\000n\000\040\000d\000e\000c\000i\000s\000i\000o\000n\000e\000s\000\040\000p\000o\000s\000t\000e\000r\000i\000o\000r\000e\000s}{section.2}% 3
\BOOKMARK [2][-]{subsection.2.2}{\376\377\000O\000b\000j\000e\000t\000i\000v\000o\000\040\000g\000e\000n\000e\000r\000a\000l}{section.2}% 4
\BOOKMARK [2][-]{subsection.2.3}{\376\377\000O\000b\000j\000e\000t\000i\000v\000o\000s\000\040\000e\000s\000p\000e\000c\000i\000f\000i\000c\000o\000s}{section.2}% 5
\BOOKMARK [1][-]{section.3}{\376\377\000A\000n\000t\000e\000c\000e\000d\000e\000n\000t\000e\000s\000\040\000a\000m\000b\000i\000e\000n\000t\000a\000l\000e\000s\000\040\000y\000\040\000t\000e\000r\000r\000i\000t\000o\000r\000i\000a\000l\000e\000s}{}% 6
\BOOKMARK [2][-]{subsection.3.1}{\376\377\000T\000r\000a\000n\000s\000f\000o\000r\000m\000a\000c\000i\000\363\000n\000\040\000t\000e\000r\000r\000i\000t\000o\000r\000i\000a\000l\000\040\000e\000\040\000i\000n\000d\000u\000s\000t\000r\000i\000a\000l\000i\000z\000a\000c\000i\000\363\000n\000\040\000d\000e\000\040\000l\000a\000\040\000c\000u\000e\000n\000c\000a}{section.3}% 7
\BOOKMARK [2][-]{subsection.3.2}{\376\377\000I\000n\000d\000u\000s\000t\000r\000i\000a\000\040\000t\000e\000x\000t\000i\000l\000\040\000y\000\040\000p\000r\000o\000c\000e\000s\000o\000s\000\040\000a\000s\000o\000c\000i\000a\000d\000o\000s\000\040\000c\000o\000n\000\040\000l\000a\000\040\000m\000e\000z\000c\000l\000i\000l\000l\000a}{section.3}% 8
\BOOKMARK [2][-]{subsection.3.3}{\376\377\000T\000e\000r\000r\000i\000t\000o\000r\000i\000o\000s\000\040\000d\000e\000\040\000i\000n\000t\000e\000r\000\351\000s\000\040\000d\000e\000n\000t\000r\000o\000\040\000d\000e\000\040\000l\000a\000\040\000c\000u\000e\000n\000c\000a}{section.3}% 9
\BOOKMARK [2][-]{subsection.3.4}{\376\377\000V\000a\000c\000\355\000o\000\040\000d\000e\000\040\000i\000n\000f\000o\000r\000m\000a\000c\000i\000\363\000n\000\040\000y\000\040\000p\000o\000s\000i\000c\000i\000\363\000n\000\040\000d\000e\000l\000\040\000p\000r\000e\000s\000e\000n\000t\000e\000\040\000d\000i\000a\000g\000n\000\363\000s\000t\000i\000c\000o}{section.3}% 10
\BOOKMARK [1][-]{section.4}{\376\377\000A\000r\000e\000a\000\040\000d\000e\000\040\000e\000s\000t\000u\000d\000i\000o\000\040\000y\000\040\000u\000n\000i\000d\000a\000d\000e\000s\000\040\000t\000e\000r\000r\000i\000t\000o\000r\000i\000a\000l\000e\000s}{}% 11
\BOOKMARK [2][-]{subsection.4.1}{\376\377\000D\000e\000l\000i\000m\000i\000t\000a\000c\000i\000o\000n\000\040\000d\000e\000\040\000l\000a\000\040\000c\000u\000e\000n\000c\000a}{section.4}% 12
\BOOKMARK [2][-]{subsection.4.2}{\376\377\000R\000e\000d\000\040\000h\000i\000d\000r\000o\000g\000r\000a\000f\000i\000c\000a\000\040\000y\000\040\000c\000o\000n\000t\000e\000x\000t\000o\000\040\000t\000e\000r\000r\000i\000t\000o\000r\000i\000a\000l}{section.4}% 13
\BOOKMARK [2][-]{subsection.4.3}{\376\377\000S\000i\000s\000t\000e\000m\000a\000s\000\040\000d\000e\000\040\000r\000e\000f\000e\000r\000e\000n\000c\000i\000a}{section.4}% 14
\BOOKMARK [1][-]{section.5}{\376\377\000F\000u\000e\000n\000t\000e\000s\000\040\000d\000e\000\040\000d\000a\000t\000o\000s\000\040\000y\000\040\000g\000o\000b\000i\000e\000r\000n\000o\000\040\000d\000e\000\040\000i\000n\000f\000o\000r\000m\000a\000c\000i\000o\000n}{}% 15
\BOOKMARK [2][-]{subsection.5.1}{\376\377\000I\000n\000v\000e\000n\000t\000a\000r\000i\000o\000\040\000m\000a\000e\000s\000t\000r\000o\000\040\000d\000e\000\040\000f\000u\000e\000n\000t\000e\000s}{section.5}% 16
\BOOKMARK [1][-]{section.6}{\376\377\000C\000o\000n\000s\000t\000r\000u\000c\000c\000i\000o\000n\000\040\000d\000e\000l\000\040\000u\000n\000i\000v\000e\000r\000s\000o\000\040\000e\000c\000o\000n\000o\000m\000i\000c\000o}{}% 17
\BOOKMARK [2][-]{subsection.6.1}{\376\377\000U\000n\000i\000v\000e\000r\000s\000o\000\040\000d\000e\000\040\000p\000a\000r\000t\000i\000d\000a}{section.6}% 18
\BOOKMARK [2][-]{subsection.6.2}{\376\377\000F\000i\000l\000t\000r\000o\000\040\000S\000C\000I\000A\000N}{section.6}% 19
\BOOKMARK [2][-]{subsection.6.3}{\376\377\000F\000i\000l\000t\000r\000o\000\040\000t\000e\000x\000t\000u\000a\000l\000\040\000y\000\040\000d\000i\000c\000c\000i\000o\000n\000a\000r\000i\000o\000s}{section.6}% 20
\BOOKMARK [2][-]{subsection.6.4}{\376\377\000S\000e\000p\000a\000r\000a\000c\000i\000o\000n\000\040\000e\000n\000t\000r\000e\000\040\000s\000e\000c\000t\000o\000r\000\040\000t\000e\000x\000t\000i\000l\000\040\000y\000\040\000e\000v\000i\000d\000e\000n\000c\000i\000a\000\040\000d\000e\000\040\000p\000r\000o\000c\000e\000s\000o\000\040\000h\000u\000m\000e\000d\000o}{section.6}% 21
\BOOKMARK [2][-]{subsection.6.5}{\376\377\000R\000e\000g\000l\000a\000s\000\040\000d\000e\000\040\000i\000n\000c\000l\000u\000s\000i\000o\000n\000/\000e\000x\000c\000l\000u\000s\000i\000o\000n}{section.6}% 22
\BOOKMARK [1][-]{section.7}{\376\377\000A\000u\000d\000i\000t\000o\000r\000i\000a\000\040\000m\000a\000n\000u\000a\000l\000\040\000y\000\040\000e\000v\000i\000d\000e\000n\000c\000i\000a\000\040\000e\000x\000t\000e\000r\000n\000a}{}% 23
\BOOKMARK [2][-]{subsection.7.1}{\376\377\000P\000r\000o\000t\000o\000c\000o\000l\000o\000\040\000d\000e\000\040\000r\000e\000v\000i\000s\000i\000o\000n}{section.7}% 24
\BOOKMARK [1][-]{section.8}{\376\377\000A\000l\000c\000a\000n\000c\000e\000\040\000i\000n\000i\000c\000i\000a\000l\000\040\000y\000\040\000t\000r\000a\000n\000s\000i\000c\000i\000o\000n\000\040\000a\000l\000\040\000a\000n\000a\000l\000i\000s\000i\000s\000\040\000r\000e\000g\000i\000o\000n\000a\000l}{}% 25
\BOOKMARK [2][-]{subsection.8.1}{\376\377\000V\000e\000r\000s\000i\000o\000n\000\040\0001\000:\000\040\000H\000u\000e\000j\000o\000t\000z\000i\000n\000g\000o\000\040\000y\000\040\000S\000a\000n\000t\000a\000\040\000A\000n\000a\000\040\000X\000a\000l\000m\000i\000m\000i\000l\000u\000l\000c\000o}{section.8}% 26
\BOOKMARK [2][-]{subsection.8.2}{\376\377\000T\000r\000a\000n\000s\000i\000c\000i\000o\000n\000\040\000m\000e\000t\000o\000d\000o\000l\000o\000g\000i\000c\000a}{section.8}% 27
\BOOKMARK [2][-]{subsection.8.3}{\376\377\000P\000a\000r\000t\000e\000\040\0001\000\040\000r\000e\000g\000i\000o\000n\000a\000l\000:\000\040\000f\000l\000u\000j\000o\000\040\000a\000u\000t\000o\000m\000a\000t\000i\000c\000o\000\040\000p\000a\000r\000a\000\040\000l\000o\000s\000\040\000m\000u\000n\000i\000c\000i\000p\000i\000o\000s\000\040\000d\000e\000\040\000l\000a\000\040\000c\000u\000e\000n\000c\000a}{section.8}% 28
\BOOKMARK [1][-]{section.9}{\376\377\000M\000o\000d\000a\000l\000i\000d\000a\000d\000e\000s\000\040\000a\000n\000a\000l\000i\000t\000i\000c\000a\000s\000\040\000d\000e\000\040\000l\000a\000\040\000p\000r\000i\000m\000e\000r\000a\000\040\000f\000a\000s\000e}{}% 29
\BOOKMARK [2][-]{subsection.9.1}{\376\377\000D\000e\000c\000i\000s\000i\000o\000n\000e\000s\000\040\000c\000o\000m\000u\000n\000e\000s\000\040\000y\000\040\000d\000e\000n\000o\000m\000i\000n\000a\000d\000o\000r\000e\000s}{section.9}% 30
\BOOKMARK [2][-]{subsection.9.2}{\376\377\000R\000e\000g\000l\000a\000\040\000a\000m\000p\000l\000i\000a\000,\000\040\000r\000e\000g\000l\000a\000\040\000e\000s\000t\000r\000i\000c\000t\000a\000\040\000y\000\040\000e\000f\000e\000c\000t\000o\000\040\000d\000e\000\040\000l\000a\000\040\000d\000e\000c\000i\000s\000i\000o\000n}{section.9}% 31
\BOOKMARK [2][-]{subsection.9.3}{\376\377\000I\000n\000t\000e\000g\000r\000a\000c\000i\000o\000n\000\040\000d\000e\000\040\000M\000H\000\040\000c\000o\000m\000o\000\040\000v\000a\000r\000i\000a\000n\000t\000e\000\040\000s\000e\000p\000a\000r\000a\000d\000a}{section.9}% 32
\BOOKMARK [2][-]{subsection.9.4}{\376\377\000L\000e\000c\000t\000u\000r\000a\000\040\000i\000n\000d\000i\000v\000i\000d\000u\000a\000l\000\040\000d\000e\000\040\000c\000a\000d\000a\000\040\000m\000o\000d\000a\000l\000i\000d\000a\000d}{section.9}% 33
\BOOKMARK [2][-]{subsection.9.5}{\376\377\000C\000o\000n\000s\000e\000c\000u\000e\000n\000c\000i\000a\000s\000\040\000p\000a\000r\000a\000\040\000l\000a\000\040\000i\000n\000t\000e\000r\000p\000r\000e\000t\000a\000c\000i\000o\000n}{section.9}% 34
\BOOKMARK [1][-]{section.10}{\376\377\000A\000n\000a\000l\000i\000s\000i\000s\000\040\000e\000s\000p\000a\000c\000i\000a\000l\000\040\000d\000e\000s\000c\000r\000i\000p\000t\000i\000v\000o\000\040\000d\000e\000\040\000u\000n\000i\000d\000a\000d\000e\000s\000\040\000e\000c\000o\000n\000o\000m\000i\000c\000a\000s}{}% 35
\BOOKMARK [2][-]{subsection.10.1}{\376\377\000T\000a\000m\000a\000\361\000o\000\040\000y\000\040\000s\000e\000n\000s\000i\000b\000i\000l\000i\000d\000a\000d\000\040\000d\000e\000l\000\040\000u\000n\000i\000v\000e\000r\000s\000o}{section.10}% 36
\BOOKMARK [2][-]{subsection.10.2}{\376\377\000C\000o\000n\000c\000e\000n\000t\000r\000a\000c\000i\000o\000n\000\040\000m\000u\000n\000i\000c\000i\000p\000a\000l\000\040\000y\000\040\000p\000a\000r\000t\000i\000c\000i\000p\000a\000c\000i\000o\000n\000\040\000t\000e\000r\000r\000i\000t\000o\000r\000i\000a\000l}{section.10}% 37
\BOOKMARK [2][-]{subsection.10.3}{\376\377\000E\000f\000e\000c\000t\000o\000\040\000e\000s\000p\000a\000c\000i\000a\000l\000\040\000d\000e\000\040\000M\000H}{section.10}% 38
\BOOKMARK [2][-]{subsection.10.4}{\376\377\000L\000a\000v\000a\000n\000d\000e\000r\000i\000a\000s\000\040\000s\000e\000n\000s\000i\000b\000l\000e\000s\000\040\000a\000l\000\040\000c\000r\000i\000t\000e\000r\000i\000o\000\040\000e\000s\000t\000r\000i\000c\000t\000o}{section.10}% 39
\BOOKMARK [2][-]{subsection.10.5}{\376\377\000E\000s\000t\000r\000a\000t\000o\000s\000\040\000d\000e\000\040\000p\000e\000r\000s\000o\000n\000a\000l\000\040\000o\000c\000u\000p\000a\000d\000o}{section.10}% 40
\BOOKMARK [2][-]{subsection.10.6}{\376\377\000D\000i\000s\000t\000a\000n\000c\000i\000a\000\040\000a\000\040\000h\000i\000d\000r\000o\000g\000r\000a\000f\000i\000a}{section.10}% 41
\BOOKMARK [1][-]{section.11}{\376\377\000D\000i\000a\000g\000n\000o\000s\000t\000i\000c\000o\000\040\000p\000r\000e\000v\000i\000o\000\040\000d\000e\000\040\000e\000s\000t\000r\000u\000c\000t\000u\000r\000a\000\040\000e\000s\000p\000a\000c\000i\000a\000l}{}% 42
\BOOKMARK [2][-]{subsection.11.1}{\376\377\000D\000i\000s\000t\000a\000n\000c\000i\000a\000s\000\040\000a\000\040\000v\000e\000c\000i\000n\000o\000s\000\040\000y\000\040\000e\000s\000c\000a\000l\000a\000s\000\040\000e\000s\000p\000a\000c\000i\000a\000l\000e\000s}{section.11}% 43
\BOOKMARK [2][-]{subsection.11.2}{\376\377\000K\000D\000E\000\040\000y\000\040\000m\000a\000l\000l\000a\000\040\000h\000e\000x\000a\000g\000o\000n\000a\000l\000\040\000e\000n\000\040\000l\000a\000\040\000c\000u\000e\000n\000c\000a}{section.11}% 44
\BOOKMARK [3][-]{subsubsection.11.2.1}{\376\377\000E\000s\000t\000i\000m\000a\000c\000i\000\363\000n\000\040\000d\000e\000\040\000d\000e\000n\000s\000i\000d\000a\000d\000\040\000p\000o\000r\000\040\000k\000e\000r\000n\000e\000l}{subsection.11.2}% 45
\BOOKMARK [3][-]{subsubsection.11.2.2}{\376\377\000M\000a\000l\000l\000a\000\040\000h\000e\000x\000a\000g\000o\000n\000a\000l}{subsection.11.2}% 46
\BOOKMARK [2][-]{subsection.11.3}{\376\377\000H\000e\000t\000e\000r\000o\000g\000e\000n\000e\000i\000d\000a\000d\000\040\000d\000e\000\040\000d\000e\000n\000s\000i\000d\000a\000d\000\040\000y\000\040\000e\000l\000e\000c\000c\000i\000o\000n\000\040\000d\000e\000\040\000f\000a\000m\000i\000l\000i\000a\000\040\000a\000l\000g\000o\000r\000i\000t\000m\000i\000c\000a}{section.11}% 47
\BOOKMARK [2][-]{subsection.11.4}{\376\377\000L\000e\000c\000t\000u\000r\000a\000\040\000m\000u\000l\000t\000i\000e\000s\000c\000a\000l\000a\000\040\000d\000e\000l\000\040\000m\000e\000g\000a\000-\000c\000l\000u\000s\000t\000e\000r}{section.11}% 48
\BOOKMARK [2][-]{subsection.11.5}{\376\377\000E\000f\000e\000c\000t\000o\000\040\000d\000e\000\040\000b\000o\000r\000d\000e\000\040\000d\000e\000\040\000l\000a\000\040\000c\000u\000e\000n\000c\000a}{section.11}% 49
\BOOKMARK [1][-]{section.12}{\376\377\000C\000l\000u\000s\000t\000e\000r\000i\000n\000g\000\040\000e\000s\000p\000a\000c\000i\000a\000l\000:\000\040\000d\000i\000s\000e\000\361\000o\000\040\000d\000e\000\040\000e\000x\000p\000e\000r\000i\000m\000e\000n\000t\000o\000s}{}% 50
\BOOKMARK [2][-]{subsection.12.1}{\376\377\000U\000n\000i\000v\000e\000r\000s\000o\000\040\000d\000e\000\040\000d\000e\000t\000e\000c\000c\000i\000o\000n\000\040\000v\000s\000.\000\040\000u\000n\000i\000v\000e\000r\000s\000o\000\040\000d\000e\000\040\000i\000n\000t\000e\000r\000p\000r\000e\000t\000a\000c\000i\000o\000n}{section.12}% 51
\BOOKMARK [2][-]{subsection.12.2}{\376\377\000A\000l\000g\000o\000r\000i\000t\000m\000o\000s\000\040\000e\000v\000a\000l\000u\000a\000d\000o\000s}{section.12}% 52
\BOOKMARK [2][-]{subsection.12.3}{\376\377\000C\000o\000n\000f\000i\000g\000u\000r\000a\000c\000i\000o\000n\000\040\000r\000e\000p\000r\000o\000d\000u\000c\000i\000b\000l\000e\000\040\000y\000\040\000a\000l\000m\000a\000c\000e\000n\000a\000m\000i\000e\000n\000t\000o}{section.12}% 53
\BOOKMARK [1][-]{section.13}{\376\377\000S\000e\000l\000e\000c\000c\000i\000o\000n\000\040\000d\000e\000\040\000l\000a\000\040\000s\000o\000l\000u\000c\000i\000o\000n\000\040\000e\000s\000p\000a\000c\000i\000a\000l\000\040\000y\000\040\000r\000o\000b\000u\000s\000t\000e\000z}{}% 54
\BOOKMARK [2][-]{subsection.13.1}{\376\377\000C\000r\000i\000t\000e\000r\000i\000o\000s\000\040\000d\000e\000\040\000s\000e\000l\000e\000c\000c\000i\000o\000n}{section.13}% 55
\BOOKMARK [2][-]{subsection.13.2}{\376\377\000E\000s\000c\000e\000n\000a\000r\000i\000o\000s\000\040\000s\000e\000l\000e\000c\000c\000i\000o\000n\000a\000d\000o\000s\000\040\000e\000\040\000i\000d\000e\000n\000t\000i\000f\000i\000c\000a\000c\000i\000o\000n\000\040\000d\000e\000\040\000l\000a\000\040\000p\000a\000r\000t\000i\000c\000i\000o\000n}{section.13}% 56
\BOOKMARK [2][-]{subsection.13.3}{\376\377\000P\000o\000r\000\040\000q\000u\000e\000\040\000l\000a\000\040\000s\000o\000l\000u\000c\000i\000o\000n\000\040\000p\000r\000i\000n\000c\000i\000p\000a\000l\000\040\000e\000s\000\040\000s\000u\000p\000e\000r\000i\000o\000r\000\040\000p\000a\000r\000a\000\040\000e\000s\000t\000e\000\040\000e\000s\000t\000u\000d\000i\000o}{section.13}% 57
\BOOKMARK [2][-]{subsection.13.4}{\376\377\000A\000R\000I\000\040\000e\000n\000t\000r\000e\000\040\000p\000a\000r\000t\000i\000c\000i\000o\000n\000e\000s\000\040\000s\000e\000l\000e\000c\000c\000i\000o\000n\000a\000d\000a\000s}{section.13}% 58
\BOOKMARK [2][-]{subsection.13.5}{\376\377\000J\000a\000c\000c\000a\000r\000d\000,\000\040\000p\000e\000r\000s\000i\000s\000t\000e\000n\000c\000i\000a\000\040\000y\000\040\000e\000s\000t\000a\000b\000l\000e\000c\000i\000m\000i\000e\000n\000t\000o\000s\000\040\000s\000e\000n\000s\000i\000b\000l\000e\000s}{section.13}% 59
\BOOKMARK [2][-]{subsection.13.6}{\376\377\000P\000e\000r\000t\000u\000r\000b\000a\000c\000i\000o\000n\000\040\000p\000o\000s\000i\000c\000i\000o\000n\000a\000l\000\040\000y\000\040\000l\000i\000m\000i\000t\000e\000s\000\040\000d\000e\000\040\000l\000a\000\040\000s\000e\000l\000e\000c\000c\000i\000o\000n}{section.13}% 60
\BOOKMARK [2][-]{subsection.13.7}{\376\377\000G\000l\000o\000s\000a\000r\000i\000o\000\040\000m\000i\000n\000i\000m\000o\000\040\000d\000e\000\040\000m\000e\000t\000r\000i\000c\000a\000s}{section.13}% 61
\BOOKMARK [1][-]{section.14}{\376\377\000M\000a\000t\000e\000r\000i\000a\000l\000i\000z\000a\000c\000i\000o\000n\000\040\000d\000e\000\040\000c\000l\000u\000s\000t\000e\000r\000s\000,\000\040\000b\000o\000r\000d\000e\000\040\000y\000\040\000r\000u\000i\000d\000o}{}% 62
\BOOKMARK [2][-]{subsection.14.1}{\376\377\000E\000n\000v\000o\000l\000v\000e\000n\000t\000e\000s\000\040\000y\000\040\000e\000f\000e\000c\000t\000o\000\040\000d\000e\000\040\000b\000o\000r\000d\000e}{section.14}% 63
\BOOKMARK [2][-]{subsection.14.2}{\376\377\000D\000i\000s\000t\000r\000i\000b\000u\000c\000i\000o\000n\000\040\000t\000e\000r\000r\000i\000t\000o\000r\000i\000a\000l\000\040\000d\000e\000l\000\040\000r\000u\000i\000d\000o}{section.14}% 64
\BOOKMARK [1][-]{section.15}{\376\377\000P\000e\000r\000f\000i\000l\000\040\000e\000c\000o\000n\000o\000m\000i\000c\000o\000\040\000y\000\040\000p\000r\000o\000d\000u\000c\000t\000i\000v\000o\000\040\000p\000o\000s\000t\000e\000r\000i\000o\000r\000\040\000a\000l\000\040\000c\000l\000u\000s\000t\000e\000r\000i\000n\000g}{}% 65
\BOOKMARK [2][-]{subsection.15.1}{\376\377\000L\000e\000c\000t\000u\000r\000a\000\040\000t\000e\000r\000r\000i\000t\000o\000r\000i\000a\000l\000\040\000d\000e\000\040\000l\000o\000s\000\040\000p\000e\000r\000f\000i\000l\000e\000s}{section.15}% 66
\BOOKMARK [2][-]{subsection.15.2}{\376\377\000E\000v\000i\000d\000e\000n\000c\000i\000a\000\040\000h\000i\000d\000r\000i\000c\000a\000\040\000y\000\040\000e\000s\000c\000a\000l\000a\000\040\000l\000a\000b\000o\000r\000a\000l}{section.15}% 67
\BOOKMARK [2][-]{subsection.15.3}{\376\377\000A\000t\000l\000a\000s\000:\000\040\000c\000o\000n\000t\000r\000a\000s\000t\000e\000\040\000d\000e\000\040\000c\000a\000s\000o\000s\000\040\000r\000e\000p\000r\000e\000s\000e\000n\000t\000a\000t\000i\000v\000o\000s}{section.15}% 68
\BOOKMARK [2][-]{subsection.15.4}{\376\377\000C\000l\000u\000s\000t\000e\000r\000s\000\040\000f\000r\000e\000n\000t\000e\000\040\000a\000\040\000a\000c\000t\000i\000v\000i\000d\000a\000d\000\040\000d\000i\000s\000p\000e\000r\000s\000a}{section.15}% 69
\BOOKMARK [1][-]{section.16}{\376\377\000S\000o\000b\000r\000e\000r\000r\000e\000p\000r\000e\000s\000e\000n\000t\000a\000c\000i\000o\000n\000\040\000d\000e\000\040\000s\000e\000\361\000a\000l\000e\000s}{}% 70
\BOOKMARK [2][-]{subsection.16.1}{\376\377\000B\000a\000s\000e\000\040\000c\000o\000m\000p\000a\000r\000a\000t\000i\000v\000a}{section.16}% 71
\BOOKMARK [2][-]{subsection.16.2}{\376\377\000P\000r\000u\000e\000b\000a\000\040\000e\000s\000t\000a\000d\000i\000s\000t\000i\000c\000a\000\040\000y\000\040\000c\000r\000i\000t\000e\000r\000i\000o\000\040\000d\000e\000\040\000r\000e\000p\000o\000r\000t\000e}{section.16}% 72
\BOOKMARK [2][-]{subsection.16.3}{\376\377\000R\000e\000s\000u\000l\000t\000a\000d\000o\000s\000\040\000d\000e\000\040\000s\000o\000b\000r\000e\000r\000r\000e\000p\000r\000e\000s\000e\000n\000t\000a\000c\000i\000o\000n}{section.16}% 73
\BOOKMARK [1][-]{section.17}{\376\377\000S\000i\000m\000i\000l\000i\000t\000u\000d\000\040\000e\000n\000t\000r\000e\000\040\000c\000l\000u\000s\000t\000e\000r\000s\000\040\000y\000\040\000t\000i\000p\000o\000l\000o\000g\000i\000a\000s\000\040\000p\000r\000o\000d\000u\000c\000t\000i\000v\000a\000s}{}% 74
\BOOKMARK [2][-]{subsection.17.1}{\376\377\000C\000o\000n\000s\000t\000r\000u\000c\000c\000i\000o\000n\000\040\000d\000e\000l\000\040\000v\000e\000c\000t\000o\000r\000\040\000y\000\040\000d\000i\000s\000t\000a\000n\000c\000i\000a\000\040\000c\000o\000m\000b\000i\000n\000a\000d\000a}{section.17}% 75
\BOOKMARK [2][-]{subsection.17.2}{\376\377\000T\000i\000p\000o\000l\000o\000g\000i\000a\000\040\000j\000e\000r\000a\000r\000q\000u\000i\000c\000a\000\040\000y\000\040\000r\000e\000s\000u\000l\000t\000a\000d\000o\000s}{section.17}% 76
\BOOKMARK [1][-]{section.18}{\376\377\000M\000e\000g\000a\000-\000c\000l\000u\000s\000t\000e\000r\000\040\000y\000\040\000s\000u\000b\000n\000u\000c\000l\000e\000o\000s\000\040\000e\000x\000p\000l\000o\000r\000a\000t\000o\000r\000i\000o\000s}{}% 77
\BOOKMARK [2][-]{subsection.18.1}{\376\377\000P\000o\000r\000\040\000q\000u\000e\000\040\000a\000p\000a\000r\000e\000c\000e\000\040\000u\000n\000a\000\040\000s\000o\000l\000a\000\040\000e\000s\000t\000r\000u\000c\000t\000u\000r\000a}{section.18}% 78
\BOOKMARK [2][-]{subsection.18.2}{\376\377\000S\000e\000g\000u\000n\000d\000a\000\040\000p\000a\000s\000a\000d\000a\000\040\000y\000\040\000s\000u\000b\000n\000u\000c\000l\000e\000o\000s\000\040\000o\000b\000s\000e\000r\000v\000a\000d\000o\000s}{section.18}% 79
\BOOKMARK [2][-]{subsection.18.3}{\376\377\000E\000s\000t\000a\000b\000i\000l\000i\000d\000a\000d\000\040\000y\000\040\000r\000e\000l\000a\000c\000i\000o\000n\000\040\000c\000o\000n\000\040\000b\000a\000r\000r\000e\000r\000a\000s\000\040\000t\000e\000r\000r\000i\000t\000o\000r\000i\000a\000l\000e\000s}{section.18}% 80
\BOOKMARK [1][-]{section.19}{\376\377\000R\000e\000s\000u\000l\000t\000a\000d\000o\000s\000\040\000p\000r\000i\000n\000c\000i\000p\000a\000l\000e\000s\000\040\000p\000o\000r\000\040\000t\000e\000r\000r\000i\000t\000o\000r\000i\000o}{}% 81
\BOOKMARK [2][-]{subsection.19.1}{\376\377\000R\000e\000s\000u\000l\000t\000a\000d\000o\000s\000\040\000a\000\040\000e\000s\000c\000a\000l\000a\000\040\000d\000e\000\040\000c\000u\000e\000n\000c\000a}{section.19}% 82
\BOOKMARK [2][-]{subsection.19.2}{\376\377\000R\000e\000s\000u\000l\000t\000a\000d\000o\000s\000\040\000p\000o\000r\000\040\000m\000u\000n\000i\000c\000i\000p\000i\000o}{section.19}% 83
\BOOKMARK [2][-]{subsection.19.3}{\376\377\000R\000e\000s\000u\000l\000t\000a\000d\000o\000s\000\040\000p\000o\000r\000\040\000l\000o\000c\000a\000l\000i\000d\000a\000d\000/\000c\000o\000r\000r\000e\000d\000o\000r}{section.19}% 84
\BOOKMARK [2][-]{subsection.19.4}{\376\377\000H\000u\000e\000j\000o\000t\000z\000i\000n\000g\000o\000\040\000y\000\040\000S\000a\000n\000t\000a\000\040\000A\000n\000a\000\040\000X\000a\000l\000m\000i\000m\000i\000l\000u\000l\000c\000o}{section.19}% 85
\BOOKMARK [1][-]{section.20}{\376\377\000S\000i\000g\000u\000i\000e\000n\000t\000e\000s\000\040\000p\000a\000s\000o\000s\000\040\000y\000\040\000a\000p\000o\000r\000t\000a\000c\000i\000o\000n\000e\000s}{}% 86
\BOOKMARK [2][-]{subsection.20.1}{\376\377\000Q\000u\000e\000\040\000s\000e\000\040\000g\000a\000n\000a\000\040\000c\000o\000n\000\040\000e\000l\000\040\000a\000n\000a\000l\000i\000s\000i\000s}{section.20}% 87
\BOOKMARK [2][-]{subsection.20.2}{\376\377\000C\000o\000m\000o\000\040\000a\000c\000c\000e\000d\000e\000r\000\040\000a\000\040\000l\000o\000s\000\040\000r\000e\000s\000u\000l\000t\000a\000d\000o\000s\000\040\000e\000n\000\040\000e\000s\000t\000e\000\040\000r\000e\000p\000o\000r\000t\000e}{section.20}% 88
\BOOKMARK [2][-]{subsection.20.3}{\376\377\000D\000o\000n\000d\000e\000\040\000e\000s\000t\000a\000n\000\040\000g\000u\000a\000r\000d\000a\000d\000o\000s\000\040\000l\000o\000s\000\040\000d\000a\000t\000o\000s\000\040\000r\000e\000l\000e\000v\000a\000n\000t\000e\000s}{section.20}% 89
\BOOKMARK [2][-]{subsection.20.4}{\376\377\000I\000n\000t\000e\000g\000r\000a\000c\000i\000o\000n\000\040\000c\000o\000n\000\040\000h\000i\000d\000r\000o\000l\000o\000g\000i\000a\000,\000\040\000d\000r\000e\000n\000a\000j\000e\000\040\000y\000\040\000p\000l\000a\000n\000t\000a\000s\000\040\000d\000e\000\040\000t\000r\000a\000t\000a\000m\000i\000e\000n\000t\000o}{section.20}% 90
\BOOKMARK [2][-]{subsection.20.5}{\376\377\000S\000i\000g\000u\000i\000e\000n\000t\000e\000s\000\040\000p\000a\000s\000o\000s\000\040\000i\000n\000m\000e\000d\000i\000a\000t\000o\000s}{section.20}% 91
\BOOKMARK [1][-]{appendix.Alph1}{\376\377\000A\000n\000e\000x\000o\000\040\000A\000.\000\040\000I\000n\000v\000e\000n\000t\000a\000r\000i\000o\000\040\000d\000e\000\040\000s\000c\000r\000i\000p\000t\000s\000\040\000y\000\040\000p\000r\000o\000d\000u\000c\000t\000o\000s}{}% 92
\BOOKMARK [1][-]{appendix.Alph2}{\376\377\000A\000n\000e\000x\000o\000\040\000B\000.\000\040\000D\000i\000c\000c\000i\000o\000n\000a\000r\000i\000o\000\040\000d\000e\000\040\000d\000a\000t\000o\000s\000\040\000d\000e\000\040\000l\000a\000\040\000m\000a\000t\000r\000i\000z\000\040\000m\000a\000e\000s\000t\000r\000a}{}% 93
\BOOKMARK [1][-]{appendix.Alph3}{\376\377\000A\000n\000e\000x\000o\000\040\000C\000.\000\040\000D\000i\000c\000c\000i\000o\000n\000a\000r\000i\000o\000s\000\040\000S\000C\000I\000A\000N\000\040\000y\000\040\000t\000e\000x\000t\000o}{}% 94
\BOOKMARK [1][-]{appendix.Alph4}{\376\377\000A\000n\000e\000x\000o\000\040\000D\000.\000\040\000B\000i\000t\000a\000c\000o\000r\000a\000\040\000d\000e\000\040\000a\000u\000d\000i\000t\000o\000r\000i\000a\000\040\000m\000a\000n\000u\000a\000l}{}% 95
\BOOKMARK [1][-]{appendix.Alph5}{\376\377\000A\000n\000e\000x\000o\000\040\000E\000.\000\040\000C\000a\000t\000a\000l\000o\000g\000o\000\040\000d\000e\000\040\000f\000i\000g\000u\000r\000a\000s\000,\000\040\000m\000a\000p\000a\000s\000\040\000y\000\040\000t\000a\000b\000l\000a\000s}{}% 96
\BOOKMARK [1][-]{appendix.Alph6}{\376\377\000A\000n\000e\000x\000o\000\040\000F\000.\000\040\000G\000l\000o\000s\000a\000r\000i\000o\000\040\000m\000e\000t\000o\000d\000o\000l\000o\000g\000i\000c\000o}{}% 97
\BOOKMARK [1][-]{appendix.Alph7}{\376\377\000A\000n\000e\000x\000o\000\040\000G\000.\000\040\000R\000e\000g\000i\000s\000t\000r\000o\000\040\000d\000e\000\040\000d\000e\000c\000i\000s\000i\000o\000n\000e\000s\000\040\000m\000e\000t\000o\000d\000o\000l\000o\000g\000i\000c\000a\000s}{}% 98
\BOOKMARK [1][-]{appendix.Alph8}{\376\377\000A\000n\000e\000x\000o\000\040\000J\000.\000\040\000F\000u\000e\000n\000t\000e\000s\000\040\000y\000\040\000a\000n\000t\000e\000c\000e\000d\000e\000n\000t\000e\000s\000\040\000a\000\040\000i\000n\000c\000o\000r\000p\000o\000r\000a\000r}{}% 99
