This is pdfTeX, Version 3.141592653-2.6-1.40.27 (MiKTeX 25.4) (preloaded format=pdflatex 2026.2.25)  22 SEP 2026 14:23
entering extended mode
 restricted \write18 enabled.
 %&-line parsing enabled.
**./atlas_clusters.tex
(atlas_clusters.tex
LaTeX2e <2025-11-01>
L3 programming layer <2025-10-24>
(C:\Users\narro\AppData\Local\Programs\MiKTeX\tex/latex/base\article.cls
Document Class: article 2025/01/22 v1.4n Standard LaTeX document class
(C:\Users\narro\AppData\Local\Programs\MiKTeX\tex/latex/base\size10.clo
File: size10.clo 2025/01/22 v1.4n Standard LaTeX file (size option)
)
\c@part=\count275
\c@section=\count276
\c@subsection=\count277
\c@subsubsection=\count278
\c@paragraph=\count279
\c@subparagraph=\count280
\c@figure=\count281
\c@table=\count282
\abovecaptionskip=\skip49
\belowcaptionskip=\skip50
\bibindent=\dimen148
)
(C:\Users\narro\AppData\Local\Programs\MiKTeX\tex/latex/base\inputenc.sty
Package: inputenc 2024/02/08 v1.3d Input encoding file
\inpenc@prehook=\toks17
\inpenc@posthook=\toks18
)
(C:\Users\narro\AppData\Local\Programs\MiKTeX\tex/latex/base\fontenc.sty
Package: fontenc 2025/07/18 v2.1d Standard LaTeX package
)
(C:\Users\narro\AppData\Local\Programs\MiKTeX\tex/generic/babel\babel.sty
Package: babel 2025/10/22 v25.14 The multilingual framework for LuaLaTeX, pdfLa
TeX and XeLaTeX
\babel@savecnt=\count283
LaTeX Encoding Info:    Redeclaring text command \ij (encoding OT1) on input li
ne 2050.
LaTeX Encoding Info:    Redeclaring text command \IJ (encoding OT1) on input li
ne 2052.
LaTeX Encoding Info:    Redeclaring text command \ij (encoding T1) on input lin
e 2054.
LaTeX Encoding Info:    Redeclaring text command \IJ (encoding T1) on input lin
e 2055.
LaTeX Encoding Info:    Ignoring declaration for text command \ij (encoding ?) 
on input line 2056.
LaTeX Encoding Info:    Ignoring declaration for text command \IJ (encoding ?) 
on input line 2058.
LaTeX Encoding Info:    Ignoring declaration for text command \SS (encoding ?) 
on input line 2083.
\U@D=\dimen149
\l@unhyphenated=\language79

(C:\Users\narro\AppData\Local\Programs\MiKTeX\tex/generic/babel\txtbabel.def)
\bbl@readstream=\read2
\bbl@dirlevel=\count284


Package babel Warning: Configuration files are deprecated, as
(babel)                they can break document portability.
(babel)                Reported on input line 4172.

*************************************
* Local config file bblopts.cfg used
*
(C:\Users\narro\AppData\Local\Programs\MiKTeX\tex/latex/arabi\bblopts.cfg
File: bblopts.cfg 2005/09/08 v0.1 add Arabic and Farsi to "declared" options of
 babel
)
(C:\Users\narro\AppData\Local\Programs\MiKTeX\tex/generic/babel/locale/es\babel
-spanish.tex)
Package babel Info: Importing font and identification data for spanish
(babel)             from babel-es.ini. Reported on input line 4295.

(C:\Users\narro\AppData\Local\Programs\MiKTeX\tex/latex/babel-spanish\spanish.l
df
Language: spanish.ldf 2021/05/27 v5.0q Spanish support from the babel system
\es@quottoks=\toks19
\es@quotdepth=\count285
Package babel Info: Making " an active character on input line 570.
Package babel Info: Making . an active character on input line 675.
Package babel Info: Making < an active character on input line 722.
Package babel Info: Making > an active character on input line 722.
))
LaTeX Encoding Info:    Redeclaring text command \guillemotleft (encoding OT1) 
on input line 3.
LaTeX Encoding Info:    Redeclaring text command \guillemotright (encoding OT1)
 on input line 3.

(C:\Users\narro\AppData\Local\Programs\MiKTeX\tex/latex/geometry\geometry.sty
Package: geometry 2020/01/02 v5.9 Page Geometry

(C:\Users\narro\AppData\Local\Programs\MiKTeX\tex/latex/graphics\keyval.sty
Package: keyval 2022/05/29 v1.15 key=value parser (DPC)
\KV@toks@=\toks20
)
(C:\Users\narro\AppData\Local\Programs\MiKTeX\tex/generic/iftex\ifvtex.sty
Package: ifvtex 2019/10/25 v1.7 ifvtex legacy package. Use iftex instead.

(C:\Users\narro\AppData\Local\Programs\MiKTeX\tex/generic/iftex\iftex.sty
Package: iftex 2024/12/12 v1.0g TeX engine tests
))
\Gm@cnth=\count286
\Gm@cntv=\count287
\c@Gm@tempcnt=\count288
\Gm@bindingoffset=\dimen150
\Gm@wd@mp=\dimen151
\Gm@odd@mp=\dimen152
\Gm@even@mp=\dimen153
\Gm@layoutwidth=\dimen154
\Gm@layoutheight=\dimen155
\Gm@layouthoffset=\dimen156
\Gm@layoutvoffset=\dimen157
\Gm@dimlist=\toks21

(C:\Users\narro\AppData\Local\Programs\MiKTeX\tex/latex/geometry\geometry.cfg))
(C:\Users\narro\AppData\Local\Programs\MiKTeX\tex/latex/graphics\graphicx.sty
Package: graphicx 2024/12/31 v1.2e Enhanced LaTeX Graphics (DPC,SPQR)

(C:\Users\narro\AppData\Local\Programs\MiKTeX\tex/latex/graphics\graphics.sty
Package: graphics 2024/08/06 v1.4g Standard LaTeX Graphics (DPC,SPQR)

(C:\Users\narro\AppData\Local\Programs\MiKTeX\tex/latex/graphics\trig.sty
Package: trig 2023/12/02 v1.11 sin cos tan (DPC)
)
(C:\Users\narro\AppData\Local\Programs\MiKTeX\tex/latex/graphics-cfg\graphics.c
fg
File: graphics.cfg 2016/06/04 v1.11 sample graphics configuration
)
Package graphics Info: Driver file: pdftex.def on input line 106.

(C:\Users\narro\AppData\Local\Programs\MiKTeX\tex/latex/graphics-def\pdftex.def
File: pdftex.def 2025/09/29 v1.2d Graphics/color driver for pdftex
))
\Gin@req@height=\dimen158
\Gin@req@width=\dimen159
)
(C:\Users\narro\AppData\Local\Programs\MiKTeX\tex/latex/booktabs\booktabs.sty
Package: booktabs 2020/01/12 v1.61803398 Publication quality tables
\heavyrulewidth=\dimen160
\lightrulewidth=\dimen161
\cmidrulewidth=\dimen162
\belowrulesep=\dimen163
\belowbottomsep=\dimen164
\aboverulesep=\dimen165
\abovetopsep=\dimen166
\cmidrulesep=\dimen167
\cmidrulekern=\dimen168
\defaultaddspace=\dimen169
\@cmidla=\count289
\@cmidlb=\count290
\@aboverulesep=\dimen170
\@belowrulesep=\dimen171
\@thisruleclass=\count291
\@lastruleclass=\count292
\@thisrulewidth=\dimen172
)
(C:\Users\narro\AppData\Local\Programs\MiKTeX\tex/latex/hyperref\hyperref.sty
Package: hyperref 2025-07-12 v7.01o Hypertext links for LaTeX

(C:\Users\narro\AppData\Local\Programs\MiKTeX\tex/latex/kvsetkeys\kvsetkeys.sty
Package: kvsetkeys 2022-10-05 v1.19 Key value parser (HO)
)
(C:\Users\narro\AppData\Local\Programs\MiKTeX\tex/generic/kvdefinekeys\kvdefine
keys.sty
Package: kvdefinekeys 2019-12-19 v1.6 Define keys (HO)
)
(C:\Users\narro\AppData\Local\Programs\MiKTeX\tex/generic/pdfescape\pdfescape.s
ty
Package: pdfescape 2019/12/09 v1.15 Implements pdfTeX's escape features (HO)

(C:\Users\narro\AppData\Local\Programs\MiKTeX\tex/generic/ltxcmds\ltxcmds.sty
Package: ltxcmds 2023-12-04 v1.26 LaTeX kernel commands for general use (HO)
)
(C:\Users\narro\AppData\Local\Programs\MiKTeX\tex/generic/pdftexcmds\pdftexcmds
.sty
Package: pdftexcmds 2020-06-27 v0.33 Utility functions of pdfTeX for LuaTeX (HO
)

(C:\Users\narro\AppData\Local\Programs\MiKTeX\tex/generic/infwarerr\infwarerr.s
ty
Package: infwarerr 2019/12/03 v1.5 Providing info/warning/error messages (HO)
)
Package pdftexcmds Info: \pdf@primitive is available.
Package pdftexcmds Info: \pdf@ifprimitive is available.
Package pdftexcmds Info: \pdfdraftmode found.
))
(C:\Users\narro\AppData\Local\Programs\MiKTeX\tex/latex/hycolor\hycolor.sty
Package: hycolor 2020-01-27 v1.10 Color options for hyperref/bookmark (HO)
)
(C:\Users\narro\AppData\Local\Programs\MiKTeX\tex/latex/hyperref\nameref.sty
Package: nameref 2025-06-21 v2.57 Cross-referencing by name of section

(C:\Users\narro\AppData\Local\Programs\MiKTeX\tex/latex/refcount\refcount.sty
Package: refcount 2019/12/15 v3.6 Data extraction from label references (HO)
)
(C:\Users\narro\AppData\Local\Programs\MiKTeX\tex/generic/gettitlestring\gettit
lestring.sty
Package: gettitlestring 2019/12/15 v1.6 Cleanup title references (HO)

(C:\Users\narro\AppData\Local\Programs\MiKTeX\tex/latex/kvoptions\kvoptions.sty
Package: kvoptions 2022-06-15 v3.15 Key value format for package options (HO)
))
\c@section@level=\count293
)
(C:\Users\narro\AppData\Local\Programs\MiKTeX\tex/latex/etoolbox\etoolbox.sty
Package: etoolbox 2025/10/02 v2.5m e-TeX tools for LaTeX (JAW)
\etb@tempcnta=\count294
)
(C:\Users\narro\AppData\Local\Programs\MiKTeX\tex/generic/stringenc\stringenc.s
ty
Package: stringenc 2019/11/29 v1.12 Convert strings between diff. encodings (HO
)
)
\@linkdim=\dimen173
\Hy@linkcounter=\count295
\Hy@pagecounter=\count296
 (C:\Users\narro\AppData\Local\Programs\MiKTeX\tex/latex/hyperref\pd1enc.def
File: pd1enc.def 2025-07-12 v7.01o Hyperref: PDFDocEncoding definition (HO)
Now handling font encoding PD1 ...
... no UTF-8 mapping file for font encoding PD1
) (C:\Users\narro\AppData\Local\Programs\MiKTeX\tex/generic/intcalc\intcalc.sty
Package: intcalc 2019/12/15 v1.3 Expandable calculations with integers (HO)
)
\Hy@SavedSpaceFactor=\count297
 (C:\Users\narro\AppData\Local\Programs\MiKTeX\tex/latex/hyperref\puenc.def
File: puenc.def 2025-07-12 v7.01o Hyperref: PDF Unicode definition (HO)
Now handling font encoding PU ...
... no UTF-8 mapping file for font encoding PU
)
Package hyperref Info: Hyper figures OFF on input line 4195.
Package hyperref Info: Link nesting OFF on input line 4200.
Package hyperref Info: Hyper index ON on input line 4203.
Package hyperref Info: Plain pages OFF on input line 4210.
Package hyperref Info: Backreferencing OFF on input line 4215.
Package hyperref Info: Implicit mode ON; LaTeX internals redefined.
Package hyperref Info: Bookmarks ON on input line 4462.
\c@Hy@tempcnt=\count298

(C:\Users\narro\AppData\Local\Programs\MiKTeX\tex/latex/url\url.sty
\Urlmuskip=\muskip17
Package: url 2013/09/16  ver 3.4  Verb mode for urls, etc.
)
LaTeX Info: Redefining \url on input line 4801.
\XeTeXLinkMargin=\dimen174

(C:\Users\narro\AppData\Local\Programs\MiKTeX\tex/generic/bitset\bitset.sty
Package: bitset 2019/12/09 v1.3 Handle bit-vector datatype (HO)

(C:\Users\narro\AppData\Local\Programs\MiKTeX\tex/generic/bigintcalc\bigintcalc
.sty
Package: bigintcalc 2019/12/15 v1.5 Expandable calculations on big integers (HO
)
))
\Fld@menulength=\count299
\Field@Width=\dimen175
\Fld@charsize=\dimen176
Package hyperref Info: Hyper figures OFF on input line 6078.
Package hyperref Info: Link nesting OFF on input line 6083.
Package hyperref Info: Hyper index ON on input line 6086.
Package hyperref Info: backreferencing OFF on input line 6093.
Package hyperref Info: Link coloring OFF on input line 6098.
Package hyperref Info: Link coloring with OCG OFF on input line 6103.
Package hyperref Info: PDF/A mode OFF on input line 6108.
\Hy@abspage=\count300
\c@Item=\count301
\c@Hfootnote=\count302
)
Package hyperref Info: Driver (autodetected): hpdftex.

(C:\Users\narro\AppData\Local\Programs\MiKTeX\tex/latex/hyperref\hpdftex.def
File: hpdftex.def 2025-07-12 v7.01o Hyperref driver for pdfTeX
\Fld@listcount=\count303
\c@bookmark@seq@number=\count304

(C:\Users\narro\AppData\Local\Programs\MiKTeX\tex/latex/rerunfilecheck\rerunfil
echeck.sty
Package: rerunfilecheck 2025-06-21 v1.11 Rerun checks for auxiliary files (HO)

(C:\Users\narro\AppData\Local\Programs\MiKTeX\tex/generic/uniquecounter\uniquec
ounter.sty
Package: uniquecounter 2019/12/15 v1.4 Provide unlimited unique counter (HO)
)
Package uniquecounter Info: New unique counter `rerunfilecheck' on input line 2
84.
)
\Hy@SectionHShift=\skip51
)
(C:\Users\narro\AppData\Local\Programs\MiKTeX\tex/latex/l3backend\l3backend-pdf
tex.def
File: l3backend-pdftex.def 2025-10-09 L3 backend support: PDF output (pdfTeX)
\l__color_backend_stack_int=\count305
) (atlas_clusters.aux
LaTeX Info: Redefining \. on input line 11.
LaTeX Info: Redefining \% on input line 11.
Package babel Info: 'spanish' activates 'spanish' shorthands.
(babel)             Reported on input line 11.
)
\openout1 = `atlas_clusters.aux'.

LaTeX Font Info:    Checking defaults for OML/cmm/m/it on input line 6.
LaTeX Font Info:    ... okay on input line 6.
LaTeX Font Info:    Checking defaults for OMS/cmsy/m/n on input line 6.
LaTeX Font Info:    ... okay on input line 6.
LaTeX Font Info:    Checking defaults for OT1/cmr/m/n on input line 6.
LaTeX Font Info:    ... okay on input line 6.
LaTeX Font Info:    Checking defaults for T1/cmr/m/n on input line 6.
LaTeX Font Info:    ... okay on input line 6.
LaTeX Font Info:    Checking defaults for TS1/cmr/m/n on input line 6.
LaTeX Font Info:    ... okay on input line 6.
LaTeX Font Info:    Checking defaults for OMX/cmex/m/n on input line 6.
LaTeX Font Info:    ... okay on input line 6.
LaTeX Font Info:    Checking defaults for U/cmr/m/n on input line 6.
LaTeX Font Info:    ... okay on input line 6.
LaTeX Font Info:    Checking defaults for PD1/pdf/m/n on input line 6.
LaTeX Font Info:    ... okay on input line 6.
LaTeX Font Info:    Checking defaults for PU/pdf/m/n on input line 6.
LaTeX Font Info:    ... okay on input line 6.
LaTeX Info: Redefining \. on input line 6.
LaTeX Info: Redefining \% on input line 6.

*geometry* driver: auto-detecting
*geometry* detected driver: pdftex
*geometry* verbose mode - [ preamble ] result:
* driver: pdftex
* paper: <default>
* layout: <same size as paper>
* layoutoffset:(h,v)=(0.0pt,0.0pt)
* modes: 
* h-part:(L,W,R)=(48.36958pt, 517.55583pt, 48.36958pt)
* v-part:(T,H,B)=(48.36958pt, 698.23082pt, 48.36958pt)
* \paperwidth=614.295pt
* \paperheight=794.96999pt
* \textwidth=517.55583pt
* \textheight=698.23082pt
* \oddsidemargin=-23.9004pt
* \evensidemargin=-23.9004pt
* \topmargin=-60.9004pt
* \headheight=12.0pt
* \headsep=25.0pt
* \topskip=10.0pt
* \footskip=30.0pt
* \marginparwidth=65.0pt
* \marginparsep=11.0pt
* \columnsep=10.0pt
* \skip\footins=9.0pt plus 4.0pt minus 2.0pt
* \hoffset=0.0pt
* \voffset=0.0pt
* \mag=1000
* \@twocolumnfalse
* \@twosidefalse
* \@mparswitchfalse
* \@reversemarginfalse
* (1in=72.27pt=25.4mm, 1cm=28.453pt)


(C:\Users\narro\AppData\Local\Programs\MiKTeX\tex/context/base/mkii\supp-pdf.mk
ii
[Loading MPS to PDF converter (version 2006.09.02).]
\scratchcounter=\count306
\scratchdimen=\dimen177
\scratchbox=\box53
\nofMPsegments=\count307
\nofMParguments=\count308
\everyMPshowfont=\toks22
\MPscratchCnt=\count309
\MPscratchDim=\dimen178
\MPnumerator=\count310
\makeMPintoPDFobject=\count311
\everyMPtoPDFconversion=\toks23
)
(C:\Users\narro\AppData\Local\Programs\MiKTeX\tex/latex/epstopdf-pkg\epstopdf-b
ase.sty
Package: epstopdf-base 2020-01-24 v2.11 Base part for package epstopdf
Package epstopdf-base Info: Redefining graphics rule for `.eps' on input line 4
85.

(C:\Users\narro\AppData\Local\Programs\MiKTeX\tex/latex/00miktex\epstopdf-sys.c
fg
File: epstopdf-sys.cfg 2021/03/18 v2.0 Configuration of epstopdf for MiKTeX
))
Package hyperref Info: Link coloring OFF on input line 6.
 (atlas_clusters.out) (atlas_clusters.out)
\@outlinefile=\write3
\openout3 = `atlas_clusters.out'.

LaTeX Font Info:    External font `cmex10' loaded for size
(Font)              <12> on input line 7.
LaTeX Font Info:    External font `cmex10' loaded for size
(Font)              <8> on input line 7.
LaTeX Font Info:    External font `cmex10' loaded for size
(Font)              <6> on input line 7.

Overfull \hbox (6.28847pt too wide) in paragraph at lines 7--7
\T1/cmr/m/n/10 Las fi-chas uti-li-zan la so-lu-ción es-pa-cial prin-ci-pal fi-j
a. La com-po-si-ción eco-nó-mi-ca se cal-cu-la pos-te-rior-men-te. \T1/cmtt/m/n
/10 RUIDO_DISPERSO
 []

(atlas_clusters.toc
LaTeX Info: Redefining \. on input line 1.
LaTeX Info: Redefining \% on input line 1.
)
\tf@toc=\write4
\openout4 = `atlas_clusters.toc'.

 [1

{C:/Users/narro/AppData/Local/MiKTeX/fonts/map/pdftex/pdftex.map}]
<../../../outputs/parte_2/12_atlas/ruido_disperso.png, id=110, 794.2473pt x 430
.7292pt>
File: ../../../outputs/parte_2/12_atlas/ruido_disperso.png Graphic file (type p
ng)
<use ../../../outputs/parte_2/12_atlas/ruido_disperso.png>
Package pdftex.def Info: ../../../outputs/parte_2/12_atlas/ruido_disperso.png  
used on input line 11.
(pdftex.def)             Requested size: 517.55583pt x 280.69362pt.
LaTeX Font Info:    External font `cmex10' loaded for size
(Font)              <7> on input line 12.
LaTeX Font Info:    External font `cmex10' loaded for size
(Font)              <5> on input line 12.
 [2

 <../../../outputs/parte_2/12_atlas/ruido_disperso.png>]
<../../../outputs/parte_2/12_atlas/cluster_004.png, id=117, 815.9283pt x 430.72
92pt>
File: ../../../outputs/parte_2/12_atlas/cluster_004.png Graphic file (type png)

<use ../../../outputs/parte_2/12_atlas/cluster_004.png>
Package pdftex.def Info: ../../../outputs/parte_2/12_atlas/cluster_004.png  use
d on input line 30.
(pdftex.def)             Requested size: 517.55583pt x 273.23396pt.
 [3

 <../../../outputs/parte_2/12_atlas/cluster_004.png>]
<../../../outputs/parte_2/12_atlas/cluster_005.png, id=124, 864.71056pt x 430.7
292pt>
File: ../../../outputs/parte_2/12_atlas/cluster_005.png Graphic file (type png)

<use ../../../outputs/parte_2/12_atlas/cluster_005.png>
Package pdftex.def Info: ../../../outputs/parte_2/12_atlas/cluster_005.png  use
d on input line 49.
(pdftex.def)             Requested size: 517.55583pt x 257.80856pt.
 [4

 <../../../outputs/parte_2/12_atlas/cluster_005.png>]
<../../../outputs/parte_2/12_atlas/cluster_006.png, id=130, 805.8105pt x 430.72
92pt>
File: ../../../outputs/parte_2/12_atlas/cluster_006.png Graphic file (type png)

<use ../../../outputs/parte_2/12_atlas/cluster_006.png>
Package pdftex.def Info: ../../../outputs/parte_2/12_atlas/cluster_006.png  use
d on input line 68.
(pdftex.def)             Requested size: 517.55583pt x 276.66475pt.
 [5

 <../../../outputs/parte_2/12_atlas/cluster_006.png>]
<../../../outputs/parte_2/12_atlas/cluster_007.png, id=136, 824.96205pt x 430.7
292pt>
File: ../../../outputs/parte_2/12_atlas/cluster_007.png Graphic file (type png)

<use ../../../outputs/parte_2/12_atlas/cluster_007.png>
Package pdftex.def Info: ../../../outputs/parte_2/12_atlas/cluster_007.png  use
d on input line 87.
(pdftex.def)             Requested size: 517.55583pt x 270.23038pt.
[6

 <../../../outputs/parte_2/12_atlas/cluster_007.png>]
<../../../outputs/parte_2/12_atlas/cluster_008.png, id=142, 802.55835pt x 430.7
292pt>
File: ../../../outputs/parte_2/12_atlas/cluster_008.png Graphic file (type png)

<use ../../../outputs/parte_2/12_atlas/cluster_008.png>
Package pdftex.def Info: ../../../outputs/parte_2/12_atlas/cluster_008.png  use
d on input line 106.
(pdftex.def)             Requested size: 517.55583pt x 277.78862pt.
 [7

 <../../../outputs/parte_2/12_atlas/cluster_008.png>]
<../../../outputs/parte_2/12_atlas/cluster_009.png, id=149, 853.14735pt x 430.7
292pt>
File: ../../../outputs/parte_2/12_atlas/cluster_009.png Graphic file (type png)

<use ../../../outputs/parte_2/12_atlas/cluster_009.png>
Package pdftex.def Info: ../../../outputs/parte_2/12_atlas/cluster_009.png  use
d on input line 125.
(pdftex.def)             Requested size: 517.55583pt x 261.29851pt.
 [8

 <../../../outputs/parte_2/12_atlas/cluster_009.png>]
<../../../outputs/parte_2/12_atlas/cluster_010.png, id=155, 836.52525pt x 430.7
292pt>
File: ../../../outputs/parte_2/12_atlas/cluster_010.png Graphic file (type png)

<use ../../../outputs/parte_2/12_atlas/cluster_010.png>
Package pdftex.def Info: ../../../outputs/parte_2/12_atlas/cluster_010.png  use
d on input line 144.
(pdftex.def)             Requested size: 517.55583pt x 266.49727pt.
 [9

 <../../../outputs/parte_2/12_atlas/cluster_010.png>]
<../../../outputs/parte_2/12_atlas/cluster_011.png, id=161, 822.79395pt x 430.7
292pt>
File: ../../../outputs/parte_2/12_atlas/cluster_011.png Graphic file (type png)

<use ../../../outputs/parte_2/12_atlas/cluster_011.png>
Package pdftex.def Info: ../../../outputs/parte_2/12_atlas/cluster_011.png  use
d on input line 163.
(pdftex.def)             Requested size: 517.55583pt x 270.94676pt.
 [10

 <../../../outputs/parte_2/12_atlas/cluster_011.png>]
<../../../outputs/parte_2/12_atlas/cluster_012.png, id=167, 811.95345pt x 430.7
292pt>
File: ../../../outputs/parte_2/12_atlas/cluster_012.png Graphic file (type png)

<use ../../../outputs/parte_2/12_atlas/cluster_012.png>
Package pdftex.def Info: ../../../outputs/parte_2/12_atlas/cluster_012.png  use
d on input line 182.
(pdftex.def)             Requested size: 517.55583pt x 274.55501pt.
 [11

 <../../../outputs/parte_2/12_atlas/cluster_012.png>]
<../../../outputs/parte_2/12_atlas/cluster_013.png, id=173, 797.1381pt x 430.72
92pt>
File: ../../../outputs/parte_2/12_atlas/cluster_013.png Graphic file (type png)

<use ../../../outputs/parte_2/12_atlas/cluster_013.png>
Package pdftex.def Info: ../../../outputs/parte_2/12_atlas/cluster_013.png  use
d on input line 201.
(pdftex.def)             Requested size: 517.55583pt x 279.66176pt.
 [12

 <../../../outputs/parte_2/12_atlas/cluster_013.png>]
<../../../outputs/parte_2/12_atlas/cluster_014.png, id=179, 843.02956pt x 430.7
292pt>
File: ../../../outputs/parte_2/12_atlas/cluster_014.png Graphic file (type png)

<use ../../../outputs/parte_2/12_atlas/cluster_014.png>
Package pdftex.def Info: ../../../outputs/parte_2/12_atlas/cluster_014.png  use
d on input line 220.
(pdftex.def)             Requested size: 517.55583pt x 264.44011pt.

[13

 <../../../outputs/parte_2/12_atlas/cluster_014.png>]
<../../../outputs/parte_2/12_atlas/cluster_015.png, id=186, 861.4584pt x 430.72
92pt>
File: ../../../outputs/parte_2/12_atlas/cluster_015.png Graphic file (type png)

<use ../../../outputs/parte_2/12_atlas/cluster_015.png>
Package pdftex.def Info: ../../../outputs/parte_2/12_atlas/cluster_015.png  use
d on input line 239.
(pdftex.def)             Requested size: 517.55583pt x 258.78128pt.
 [14

 <../../../outputs/parte_2/12_atlas/cluster_015.png>]
<../../../outputs/parte_2/12_atlas/cluster_016.png, id=192, 750.52396pt x 430.7
292pt>
File: ../../../outputs/parte_2/12_atlas/cluster_016.png Graphic file (type png)

<use ../../../outputs/parte_2/12_atlas/cluster_016.png>
Package pdftex.def Info: ../../../outputs/parte_2/12_atlas/cluster_016.png  use
d on input line 258.
(pdftex.def)             Requested size: 517.55583pt x 297.03258pt.
 [15

 <../../../outputs/parte_2/12_atlas/cluster_016.png>]
<../../../outputs/parte_2/12_atlas/cluster_017.png, id=198, 796.77675pt x 430.7
292pt>
File: ../../../outputs/parte_2/12_atlas/cluster_017.png Graphic file (type png)

<use ../../../outputs/parte_2/12_atlas/cluster_017.png>
Package pdftex.def Info: ../../../outputs/parte_2/12_atlas/cluster_017.png  use
d on input line 277.
(pdftex.def)             Requested size: 517.55583pt x 279.79321pt.
 [16

 <../../../outputs/parte_2/12_atlas/cluster_017.png>]
<../../../outputs/parte_2/12_atlas/cluster_018.png, id=204, 878.8032pt x 430.72
92pt>
File: ../../../outputs/parte_2/12_atlas/cluster_018.png Graphic file (type png)

<use ../../../outputs/parte_2/12_atlas/cluster_018.png>
Package pdftex.def Info: ../../../outputs/parte_2/12_atlas/cluster_018.png  use
d on input line 296.
(pdftex.def)             Requested size: 517.55583pt x 253.6811pt.
 [17

 <../../../outputs/parte_2/12_atlas/cluster_018.png>]
<../../../outputs/parte_2/12_atlas/cluster_019.png, id=210, 781.2387pt x 430.72
92pt>
File: ../../../outputs/parte_2/12_atlas/cluster_019.png Graphic file (type png)

<use ../../../outputs/parte_2/12_atlas/cluster_019.png>
Package pdftex.def Info: ../../../outputs/parte_2/12_atlas/cluster_019.png  use
d on input line 315.
(pdftex.def)             Requested size: 517.55583pt x 285.3666pt.
 [18

 <../../../outputs/parte_2/12_atlas/cluster_019.png>]
<../../../outputs/parte_2/12_atlas/cluster_020.png, id=216, 841.2228pt x 430.72
92pt>
File: ../../../outputs/parte_2/12_atlas/cluster_020.png Graphic file (type png)

<use ../../../outputs/parte_2/12_atlas/cluster_020.png>
Package pdftex.def Info: ../../../outputs/parte_2/12_atlas/cluster_020.png  use
d on input line 334.
(pdftex.def)             Requested size: 517.55583pt x 265.0119pt.
 [19

 <../../../outputs/parte_2/12_atlas/cluster_020.png>]
<../../../outputs/parte_2/12_atlas/cluster_021.png, id=223, 875.9124pt x 430.72
92pt>
File: ../../../outputs/parte_2/12_atlas/cluster_021.png Graphic file (type png)

<use ../../../outputs/parte_2/12_atlas/cluster_021.png>
Package pdftex.def Info: ../../../outputs/parte_2/12_atlas/cluster_021.png  use
d on input line 353.
(pdftex.def)             Requested size: 517.55583pt x 254.5158pt.
 [20

 <../../../outputs/parte_2/12_atlas/cluster_021.png>]
(atlas_clusters.aux
LaTeX Info: Redefining \. on input line 11.
LaTeX Info: Redefining \% on input line 11.
)
 ***********
LaTeX2e <2025-11-01>
L3 programming layer <2025-10-24>
 ***********
Package rerunfilecheck Info: File `atlas_clusters.out' has not changed.
(rerunfilecheck)             Checksum: 71855F1BED98EB920602A7DBFFB6C609;1994.
 ) 
Here is how much of TeX's memory you used:
 10870 strings out of 467871
 176689 string characters out of 5418376
 600142 words of memory out of 5000000
 39603 multiletter control sequences out of 15000+600000
 635384 words of font info for 56 fonts, out of 8000000 for 9000
 1141 hyphenation exceptions out of 8191
 75i,9n,79p,335b,464s stack positions out of 10000i,1000n,20000p,200000b,200000s
 <C:\Users\narro\AppData\Local\MiKTeX\fonts/pk/ljfour/jknappen/ec/dpi600\ecbx
1000.pk> <C:\Users\narro\AppData\Local\MiKTeX\fonts/pk/ljfour/jknappen/ec/dpi60
0\ecbx1440.pk> <C:\Users\narro\AppData\Local\MiKTeX\fonts/pk/ljfour/jknappen/ec
/dpi600\ectt1000.pk> <C:\Users\narro\AppData\Local\MiKTeX\fonts/pk/ljfour/jknap
pen/ec/dpi600\ecrm1000.pk> <C:\Users\narro\AppData\Local\MiKTeX\fonts/pk/ljfour
/jknappen/ec/dpi600\ecrm1200.pk> <C:\Users\narro\AppData\Local\MiKTeX\fonts/pk/
ljfour/jknappen/ec/dpi600\ecrm1728.pk><C:/Users/narro/AppData/Local/Programs/Mi
KTeX/fonts/type1/public/amsfonts/cm/cmr7.pfb>
Output written on atlas_clusters.pdf (20 pages, 2172002 bytes).
PDF statistics:
 431 PDF objects out of 1000 (max. 8388607)
 41 named destinations out of 1000 (max. 500000)
 248 words of extra memory for PDF output out of 10000 (max. 10000000)

